../Core/Src/oled.c:228:6:OLED_Init	16	static
../Core/Src/oled.c:270:6:OLED_Clear	8	static
../Core/Src/oled.c:281:6:OLED_Update	8	static
../Core/Src/oled.c:300:6:OLED_SetCursor	16	static
../Core/Src/oled.c:312:6:OLED_WriteChar	32	static
../Core/Src/oled.c:351:6:OLED_WriteString	16	static
../Core/Src/oled.c:366:6:OLED_DrawPixel	16	static
../Core/Src/oled.c:384:6:OLED_DrawRect	32	static
../Core/Src/oled.c:406:6:OLED_FillRect	32	static
../Core/Src/oled.c:422:13:OLED_DrawBitmap	16	static
../Core/Src/oled.c:431:6:OLED_ShowSplashScreen	8	static
../Core/Src/oled.c:465:6:OLED_ShowModeScreen	104	static
../Core/Src/oled.c:668:13:OLED_WriteCommand	32	static
../Core/Src/oled.c:680:13:OLED_WriteData	56	dynamic
