../Core/Src/oled.c:363:6:OLED_Init	16	static
../Core/Src/oled.c:422:6:OLED_Clear	8	static
../Core/Src/oled.c:433:6:OLED_Update	8	static
../Core/Src/oled.c:452:6:OLED_SetCursor	16	static
../Core/Src/oled.c:464:6:OLED_WriteChar	32	static
../Core/Src/oled.c:503:6:OLED_WriteString	16	static
../Core/Src/oled.c:518:6:OLED_DrawPixel	16	static
../Core/Src/oled.c:536:6:OLED_DrawRect	32	static
../Core/Src/oled.c:558:6:OLED_FillRect	32	static
../Core/Src/oled.c:574:13:OLED_DrawBitmap	16	static
../Core/Src/oled.c:583:6:OLED_ShowSplashScreen	8	static
../Core/Src/oled.c:611:6:OLED_ShowModeScreen	104	static
../Core/Src/oled.c:811:13:OLED_WriteCommand	32	static
../Core/Src/oled.c:823:13:OLED_WriteData	56	dynamic
