Archive member included to satisfy reference by file (symbol)

/opt/st/stm32cubeide_1.15.1/plugins/com.st.stm32cube.ide.mcu.externaltools.gnu-tools-for-stm32.12.3.rel1.linux64_1.0.100.202403111256/tools/bin/../lib/gcc/arm-none-eabi/12.3.1/../../../../arm-none-eabi/lib/thumb/v7e-m+fp/hard/libc_nano.a(libc_a-exit.o)
                              /opt/st/stm32cubeide_1.15.1/plugins/com.st.stm32cube.ide.mcu.externaltools.gnu-tools-for-stm32.12.3.rel1.linux64_1.0.100.202403111256/tools/bin/../lib/gcc/arm-none-eabi/12.3.1/../../../../arm-none-eabi/lib/thumb/v7e-m+fp/hard/crt0.o (exit)
/opt/st/stm32cubeide_1.15.1/plugins/com.st.stm32cube.ide.mcu.externaltools.gnu-tools-for-stm32.12.3.rel1.linux64_1.0.100.202403111256/tools/bin/../lib/gcc/arm-none-eabi/12.3.1/../../../../arm-none-eabi/lib/thumb/v7e-m+fp/hard/libc_nano.a(libc_a-findfp.o)
                              /opt/st/stm32cubeide_1.15.1/plugins/com.st.stm32cube.ide.mcu.externaltools.gnu-tools-for-stm32.12.3.rel1.linux64_1.0.100.202403111256/tools/bin/../lib/gcc/arm-none-eabi/12.3.1/../../../../arm-none-eabi/lib/thumb/v7e-m+fp/hard/libc_nano.a(libc_a-exit.o) (__stdio_exit_handler)
/opt/st/stm32cubeide_1.15.1/plugins/com.st.stm32cube.ide.mcu.externaltools.gnu-tools-for-stm32.12.3.rel1.linux64_1.0.100.202403111256/tools/bin/../lib/gcc/arm-none-eabi/12.3.1/../../../../arm-none-eabi/lib/thumb/v7e-m+fp/hard/libc_nano.a(libc_a-fwalk.o)
                              /opt/st/stm32cubeide_1.15.1/plugins/com.st.stm32cube.ide.mcu.externaltools.gnu-tools-for-stm32.12.3.rel1.linux64_1.0.100.202403111256/tools/bin/../lib/gcc/arm-none-eabi/12.3.1/../../../../arm-none-eabi/lib/thumb/v7e-m+fp/hard/libc_nano.a(libc_a-findfp.o) (_fwalk_sglue)
/opt/st/stm32cubeide_1.15.1/plugins/com.st.stm32cube.ide.mcu.externaltools.gnu-tools-for-stm32.12.3.rel1.linux64_1.0.100.202403111256/tools/bin/../lib/gcc/arm-none-eabi/12.3.1/../../../../arm-none-eabi/lib/thumb/v7e-m+fp/hard/libc_nano.a(libc_a-snprintf.o)
                              ./Core/Src/main.o (snprintf)
/opt/st/stm32cubeide_1.15.1/plugins/com.st.stm32cube.ide.mcu.externaltools.gnu-tools-for-stm32.12.3.rel1.linux64_1.0.100.202403111256/tools/bin/../lib/gcc/arm-none-eabi/12.3.1/../../../../arm-none-eabi/lib/thumb/v7e-m+fp/hard/libc_nano.a(libc_a-stdio.o)
                              /opt/st/stm32cubeide_1.15.1/plugins/com.st.stm32cube.ide.mcu.externaltools.gnu-tools-for-stm32.12.3.rel1.linux64_1.0.100.202403111256/tools/bin/../lib/gcc/arm-none-eabi/12.3.1/../../../../arm-none-eabi/lib/thumb/v7e-m+fp/hard/libc_nano.a(libc_a-findfp.o) (__sread)
/opt/st/stm32cubeide_1.15.1/plugins/com.st.stm32cube.ide.mcu.externaltools.gnu-tools-for-stm32.12.3.rel1.linux64_1.0.100.202403111256/tools/bin/../lib/gcc/arm-none-eabi/12.3.1/../../../../arm-none-eabi/lib/thumb/v7e-m+fp/hard/libc_nano.a(libc_a-memset.o)
                              /opt/st/stm32cubeide_1.15.1/plugins/com.st.stm32cube.ide.mcu.externaltools.gnu-tools-for-stm32.12.3.rel1.linux64_1.0.100.202403111256/tools/bin/../lib/gcc/arm-none-eabi/12.3.1/../../../../arm-none-eabi/lib/thumb/v7e-m+fp/hard/crt0.o (memset)
/opt/st/stm32cubeide_1.15.1/plugins/com.st.stm32cube.ide.mcu.externaltools.gnu-tools-for-stm32.12.3.rel1.linux64_1.0.100.202403111256/tools/bin/../lib/gcc/arm-none-eabi/12.3.1/../../../../arm-none-eabi/lib/thumb/v7e-m+fp/hard/libc_nano.a(libc_a-closer.o)
                              /opt/st/stm32cubeide_1.15.1/plugins/com.st.stm32cube.ide.mcu.externaltools.gnu-tools-for-stm32.12.3.rel1.linux64_1.0.100.202403111256/tools/bin/../lib/gcc/arm-none-eabi/12.3.1/../../../../arm-none-eabi/lib/thumb/v7e-m+fp/hard/libc_nano.a(libc_a-stdio.o) (_close_r)
/opt/st/stm32cubeide_1.15.1/plugins/com.st.stm32cube.ide.mcu.externaltools.gnu-tools-for-stm32.12.3.rel1.linux64_1.0.100.202403111256/tools/bin/../lib/gcc/arm-none-eabi/12.3.1/../../../../arm-none-eabi/lib/thumb/v7e-m+fp/hard/libc_nano.a(libc_a-reent.o)
                              /opt/st/stm32cubeide_1.15.1/plugins/com.st.stm32cube.ide.mcu.externaltools.gnu-tools-for-stm32.12.3.rel1.linux64_1.0.100.202403111256/tools/bin/../lib/gcc/arm-none-eabi/12.3.1/../../../../arm-none-eabi/lib/thumb/v7e-m+fp/hard/libc_nano.a(libc_a-closer.o) (errno)
/opt/st/stm32cubeide_1.15.1/plugins/com.st.stm32cube.ide.mcu.externaltools.gnu-tools-for-stm32.12.3.rel1.linux64_1.0.100.202403111256/tools/bin/../lib/gcc/arm-none-eabi/12.3.1/../../../../arm-none-eabi/lib/thumb/v7e-m+fp/hard/libc_nano.a(libc_a-impure.o)
                              /opt/st/stm32cubeide_1.15.1/plugins/com.st.stm32cube.ide.mcu.externaltools.gnu-tools-for-stm32.12.3.rel1.linux64_1.0.100.202403111256/tools/bin/../lib/gcc/arm-none-eabi/12.3.1/../../../../arm-none-eabi/lib/thumb/v7e-m+fp/hard/libc_nano.a(libc_a-snprintf.o) (_impure_ptr)
[...]
Memory Configuration

Name             Origin             Length             Attributes
CCMRAM           0x10000000         0x00010000         xrw
RAM              0x20000000         0x00020000         xrw
FLASH            0x08000000         0x00100000         xr
*default*        0x00000000         0xffffffff

Linker script and memory map

LOAD /opt/st/stm32cubeide_1.15.1/plugins/com.st.stm32cube.ide.mcu.externaltools.gnu-tools-for-stm32.12.3.rel1.linux64_1.0.100.202403111256/tools/bin/../lib/gcc/arm-none-eabi/12.3.1/thumb/v7e-m+fp/hard/crti.o
LOAD /opt/st/stm32cubeide_1.15.1/plugins/com.st.stm32cube.ide.mcu.externaltools.gnu-tools-for-stm32.12.3.rel1.linux64_1.0.100.202403111256/tools/bin/../lib/gcc/arm-none-eabi/12.3.1/thumb/v7e-m+fp/hard/crtbegin.o
LOAD /opt/st/stm32cubeide_1.15.1/plugins/com.st.stm32cube.ide.mcu.externaltools.gnu-tools-for-stm32.12.3.rel1.linux64_1.0.100.202403111256/tools/bin/../lib/gcc/arm-none-eabi/12.3.1/../../../../arm-none-eabi/lib/thumb/v7e-m+fp/hard/crt0.o
LOAD ./Core/Src/control.o
LOAD ./Core/Src/gpio.o
LOAD ./Core/Src/i2s.o
LOAD ./Core/Src/lora.o
LOAD ./Core/Src/main.o
LOAD ./Core/Src/pwm.o
LOAD ./Core/Src/spi.o
LOAD ./Core/Src/stm32f4xx_hal_msp.o
LOAD ./Core/Src/stm32f4xx_it.o
LOAD ./Core/Src/system_stm32f4xx.o
LOAD ./Core/Src/tim.o
LOAD ./Core/Src/usart.o
LOAD ./Core/Startup/startup_stm32f407vgtx.o
LOAD ./Drivers/STM32F4xx_HAL_Driver/Src/stm32f4xx_hal.o
LOAD ./Drivers/STM32F4xx_HAL_Driver/Src/stm32f4xx_hal_cortex.o
LOAD ./Drivers/STM32F4xx_HAL_Driver/Src/stm32f4xx_hal_dma.o
LOAD ./Drivers/STM32F4xx_HAL_Driver/Src/stm32f4xx_hal_dma_ex.o
LOAD ./Drivers/STM32F4xx_HAL_Driver/Src/stm32f4xx_hal_exti.o
LOAD ./Drivers/STM32F4xx_HAL_Driver/Src/stm32f4xx_hal_flash.o
LOAD ./Drivers/STM32F4xx_HAL_Driver/Src/stm32f4xx_hal_flash_ex.o
LOAD ./Drivers/STM32F4xx_HAL_Driver/Src/stm32f4xx_hal_flash_ramfunc.o
LOAD ./Drivers/STM32F4xx_HAL_Driver/Src/stm32f4xx_hal_gpio.o
LOAD ./Drivers/STM32F4xx_HAL_Driver/Src/stm32f4xx_hal_i2s.o
LOAD ./Drivers/STM32F4xx_HAL_Driver/Src/stm32f4xx_hal_i2s_ex.o
LOAD ./Drivers/STM32F4xx_HAL_Driver/Src/stm32f4xx_hal_pcd.o
LOAD ./Drivers/STM32F4xx_HAL_Driver/Src/stm32f4xx_hal_pcd_ex.o
LOAD ./Drivers/STM32F4xx_HAL_Driver/Src/stm32f4xx_hal_pwr.o
LOAD ./Drivers/STM32F4xx_HAL_Driver/Src/stm32f4xx_hal_pwr_ex.o
LOAD ./Drivers/STM32F4xx_HAL_Driver/Src/stm32f4xx_hal_rcc.o
LOAD ./Drivers/STM32F4xx_HAL_Driver/Src/stm32f4xx_hal_rcc_ex.o
LOAD ./Drivers/STM32F4xx_HAL_Driver/Src/stm32f4xx_hal_spi.o
LOAD ./Drivers/STM32F4xx_HAL_Driver/Src/stm32f4xx_hal_tim.o
LOAD ./Drivers/STM32F4xx_HAL_Driver/Src/stm32f4xx_hal_tim_ex.o
LOAD ./Drivers/STM32F4xx_HAL_Driver/Src/stm32f4xx_hal_uart.o
LOAD ./Drivers/STM32F4xx_HAL_Driver/Src/stm32f4xx_ll_usb.o
LOAD ./Middlewares/ST/STM32_USB_Device_Library/Class/CDC/Src/usbd_cdc.o
LOAD ./Middlewares/ST/STM32_USB_Device_Library/Core/Src/usbd_core.o
LOAD ./Middlewares/ST/STM32_USB_Device_Library/Core/Src/usbd_ctlreq.o
LOAD ./Middlewares/ST/STM32_USB_Device_Library/Core/Src/usbd_ioreq.o
LOAD ./USB_DEVICE/App/usb_device.o
LOAD ./USB_DEVICE/App/usbd_cdc_if.o
LOAD ./USB_DEVICE/App/usbd_desc.o
LOAD ./USB_DEVICE/Target/usbd_conf.o
START GROUP
LOAD /opt/st/stm32cubeide_1.15.1/plugins/com.st.stm32cube.ide.mcu.externaltools.gnu-tools-for-stm32.12.3.rel1.linux64_1.0.100.202403111256/tools/bin/../lib/gcc/arm-none-eabi/12.3.1/../../../../arm-none-eabi/lib/thumb/v7e-m+fp/hard/libc_nano.a
LOAD /opt/st/stm32cubeide_1.15.1/plugins/com.st.stm32cube.ide.mcu.externaltools.gnu-tools-for-stm32.12.3.rel1.linux64_1.0.100.202403111256/tools/bin/../lib/gcc/arm-none-eabi/12.3.1/../../../../arm-none-eabi/lib/thumb/v7e-m+fp/hard/libm.a
END GROUP
START GROUP
LOAD /opt/st/stm32cubeide_1.15.1/plugins/com.st.stm32cube.ide.mcu.externaltools.gnu-tools-for-stm32.12.3.rel1.linux64_1.0.100.202403111256/tools/bin/../lib/gcc/arm-none-eabi/12.3.1/thumb/v7e-m+fp/hard/libgcc.a
LOAD /opt/st/stm32cubeide_1.15.1/plugins/com.st.stm32cube.ide.mcu.externaltools.gnu-tools-for-stm32.12.3.rel1.linux64_1.0.100.202403111256/tools/bin/../lib/gcc/arm-none-eabi/12.3.1/../../../../arm-none-eabi/lib/thumb/v7e-m+fp/hard/libc_nano.a
END GROUP
START GROUP
LOAD /opt/st/stm32cubeide_1.15.1/plugins/com.st.stm32cube.ide.mcu.externaltools.gnu-tools-for-stm32.12.3.rel1.linux64_1.0.100.202403111256/tools/bin/../lib/gcc/arm-none-eabi/12.3.1/thumb/v7e-m+fp/hard/libgcc.a
LOAD /opt/st/stm32cubeide_1.15.1/plugins/com.st.stm32cube.ide.mcu.externaltools.gnu-tools-for-stm32.12.3.rel1.linux64_1.0.100.202403111256/tools/bin/../lib/gcc/arm-none-eabi/12.3.1/../../../../arm-none-eabi/lib/thumb/v7e-m+fp/hard/libc_nano.a
LOAD /opt/st/stm32cubeide_1.15.1/plugins/com.st.stm32cube.ide.mcu.externaltools.gnu-tools-for-stm32.12.3.rel1.linux64_1.0.100.202403111256/tools/bin/../lib/gcc/arm-none-eabi/12.3.1/../../../../arm-none-eabi/lib/thumb/v7e-m+fp/hard/libnosys.a
END GROUP
START GROUP
LOAD /opt/st/stm32cubeide_1.15.1/plugins/com.st.stm32cube.ide.mcu.externaltools.gnu-tools-for-stm32.12.3.rel1.linux64_1.0.100.202403111256/tools/bin/../lib/gcc/arm-none-eabi/12.3.1/thumb/v7e-m+fp/hard/libgcc.a
LOAD /opt/st/stm32cubeide_1.15.1/plugins/com.st.stm32cube.ide.mcu.externaltools.gnu-tools-for-stm32.12.3.rel1.linux64_1.0.100.202403111256/tools/bin/../lib/gcc/arm-none-eabi/12.3.1/../../../../arm-none-eabi/lib/thumb/v7e-m+fp/hard/libc_nano.a
LOAD /opt/st/stm32cubeide_1.15.1/plugins/com.st.stm32cube.ide.mcu.externaltools.gnu-tools-for-stm32.12.3.rel1.linux64_1.0.100.202403111256/tools/bin/../lib/gcc/arm-none-eabi/12.3.1/../../../../arm-none-eabi/lib/thumb/v7e-m+fp/hard/libnosys.a
END GROUP
LOAD /opt/st/stm32cubeide_1.15.1/plugins/com.st.stm32cube.ide.mcu.externaltools.gnu-tools-for-stm32.12.3.rel1.linux64_1.0.100.202403111256/tools/bin/../lib/gcc/arm-none-eabi/12.3.1/thumb/v7e-m+fp/hard/crtend.o
LOAD /opt/st/stm32cubeide_1.15.1/plugins/com.st.stm32cube.ide.mcu.externaltools.gnu-tools-for-stm32.12.3.rel1.linux64_1.0.100.202403111256/tools/bin/../lib/gcc/arm-none-eabi/12.3.1/thumb/v7e-m+fp/hard/crtn.o
                0x20020000                        _estack = (ORIGIN (RAM) + LENGTH (RAM))
                0x00000200                        _Min_Heap_Size = 0x200
                0x00000400                        _Min_Stack_Size = 0x400

.isr_vector     0x08000000      0x188
                0x08000000                        . = ALIGN (0x4)
 *(.isr_vector)
 .isr_vector    0x08000000      0x188 ./Core/Startup/startup_stm32f407vgtx.o
                0x08000000                g_pfnVectors
                0x08000188                        . = ALIGN (0x4)

.text           0x08000190     0xb83c
                0x08000190                        . = ALIGN (0x4)
 *(.text)
 .text          0x08000190       0x40 /opt/st/stm32cubeide_1.15.1/plugins/com.st.stm32cube.ide.mcu.externaltools.gnu-tools-for-stm32.12.3.rel1.linux64_1.0.100.202403111256/tools/bin/../lib/gcc/arm-none-eabi/12.3.1/thumb/v7e-m+fp/hard/crtbegin.o
 .text          0x080001d0       0x10 /opt/st/stm32cubeide_1.15.1/plugins/com.st.stm32cube.ide.mcu.externaltools.gnu-tools-for-stm32.12.3.rel1.linux64_1.0.100.202403111256/tools/bin/../lib/gcc/arm-none-eabi/12.3.1/../../../../arm-none-eabi/lib/thumb/v7e-m+fp/hard/libc_nano.a(libc_a-strlen.o)
                0x080001d0                strlen
 .text          0x080001e0       0xa0 /opt/st/stm32cubeide_1.15.1/plugins/com.st.stm32cube.ide.mcu.externaltools.gnu-tools-for-stm32.12.3.rel1.linux64_1.0.100.202403111256/tools/bin/../lib/gcc/arm-none-eabi/12.3.1/../../../../arm-none-eabi/lib/thumb/v7e-m+fp/hard/libc_nano.a(libc_a-memchr.o)
                0x080001e0                memchr
 .text          0x08000280       0x30 /opt/st/stm32cubeide_1.15.1/plugins/com.st.stm32cube.ide.mcu.externaltools.gnu-tools-for-stm32.12.3.rel1.linux64_1.0.100.202403111256/tools/bin/../lib/gcc/arm-none-eabi/12.3.1/thumb/v7e-m+fp/hard/libgcc.a(_aeabi_uldivmod.o)
                0x08000280                __aeabi_uldivmod
 .text          0x080002b0      0x2bc /opt/st/stm32cubeide_1.15.1/plugins/com.st.stm32cube.ide.mcu.externaltools.gnu-tools-for-stm32.12.3.rel1.linux64_1.0.100.202403111256/tools/bin/../lib/gcc/arm-none-eabi/12.3.1/thumb/v7e-m+fp/hard/libgcc.a(_udivmoddi4.o)
                0x080002b0                __udivmoddi4
 .text          0x0800056c        0x4 /opt/st/stm32cubeide_1.15.1/plugins/com.st.stm32cube.ide.mcu.externaltools.gnu-tools-for-stm32.12.3.rel1.linux64_1.0.100.202403111256/tools/bin/../lib/gcc/arm-none-eabi/12.3.1/thumb/v7e-m+fp/hard/libgcc.a(_dvmd_tls.o)
                0x0800056c                __aeabi_ldiv0
                0x0800056c                __aeabi_idiv0
 *(.text*)
 .text.Control_Init
                0x08000570       0x10 ./Core/Src/control.o
                0x08000570                Control_Init
 .text.Control_Update
                0x08000580      0x47e ./Core/Src/control.o
                0x08000580                Control_Update
 .text.Control_EmergencyStop
                0x080009fe        0xc ./Core/Src/control.o
                0x080009fe                Control_EmergencyStop
 *fill*         0x08000a0a        0x2 
 .text.MapJoystickToPWM
                0x08000a0c       0x7c ./Core/Src/control.o
 .text.MX_GPIO_Init
                0x08000a88      0x204 ./Core/Src/gpio.o
                0x08000a88                MX_GPIO_Init
 .text.MX_I2S3_Init
                0x08000c8c       0x5c ./Core/Src/i2s.o
                0x08000c8c                MX_I2S3_Init
 .text.HAL_I2S_MspInit
                0x08000ce8      0x100 ./Core/Src/i2s.o
                0x08000ce8                HAL_I2S_MspInit
 .text.LoRa_CalculateChecksum
                0x08000de8       0x40 ./Core/Src/lora.o
 .text.LoRa_SetMode
                0x08000e28       0x84 ./Core/Src/lora.o
 .text.LoRa_Receiver_Init
                0x08000eac       0xa4 ./Core/Src/lora.o
                0x08000eac                LoRa_Receiver_Init
 .text.LoRa_Receiver_Configure
                0x08000f50       0x94 ./Core/Src/lora.o
                0x08000f50                LoRa_Receiver_Configure
 .text.LoRa_Receiver_StartListening
                0x08000fe4       0x28 ./Core/Src/lora.o
                0x08000fe4                LoRa_Receiver_StartListening
 .text.LoRa_Receiver_IsDataAvailable
                0x0800100c       0x18 ./Core/Src/lora.o
                0x0800100c                LoRa_Receiver_IsDataAvailable
 .text.LoRa_Receiver_GetData
                0x08001024       0x44 ./Core/Src/lora.o
                0x08001024                LoRa_Receiver_GetData
 .text.LoRa_Receiver_IRQHandler
                0x08001068       0xe8 ./Core/Src/lora.o
                0x08001068                LoRa_Receiver_IRQHandler
 .text.LoRa_ParseBinaryPacket
                0x08001150      0x150 ./Core/Src/lora.o
 .text.HAL_UART_RxCpltCallback
                0x080012a0       0x24 ./Core/Src/main.o
                0x080012a0                HAL_UART_RxCpltCallback
 .text.main     0x080012c4      0x3f0 ./Core/Src/main.o
                0x080012c4                main
 .text.SystemClock_Config
                0x080016b4       0xd4 ./Core/Src/main.o
                0x080016b4                SystemClock_Config
 .text.Error_Handler
                0x08001788        0xc ./Core/Src/main.o
                0x08001788                Error_Handler
 .text.PWM_Init
                0x08001794       0x14 ./Core/Src/pwm.o
                0x08001794                PWM_Init
 .text.PWM_ConfigureGPIO
                0x080017a8      0x138 ./Core/Src/pwm.o
 .text.PWM_ConfigureTimers
                0x080018e0      0x3a8 ./Core/Src/pwm.o
 .text.PWM_SetDutyCycle
                0x08001c88       0x48 ./Core/Src/pwm.o
                0x08001c88                PWM_SetDutyCycle
 .text.PWM_GetDutyCycle
                0x08001cd0       0x2c ./Core/Src/pwm.o
                0x08001cd0                PWM_GetDutyCycle
 .text.PWM_Stop
                0x08001cfc       0x1c ./Core/Src/pwm.o
                0x08001cfc                PWM_Stop
 .text.PWM_StopAll
                0x08001d18       0x2a ./Core/Src/pwm.o
                0x08001d18                PWM_StopAll
 *fill*         0x08001d42        0x2 
 .text.PWM_SetChannelPulse
                0x08001d44      0x15c ./Core/Src/pwm.o
 .text.MX_SPI1_Init
                0x08001ea0       0x6c ./Core/Src/spi.o
                0x08001ea0                MX_SPI1_Init
 .text.HAL_SPI_MspInit
                0x08001f0c       0x90 ./Core/Src/spi.o
                0x08001f0c                HAL_SPI_MspInit
 .text.HAL_MspInit
                0x08001f9c       0x50 ./Core/Src/stm32f4xx_hal_msp.o
                0x08001f9c                HAL_MspInit
 .text.NMI_Handler
                0x08001fec        0x8 ./Core/Src/stm32f4xx_it.o
                0x08001fec                NMI_Handler
 .text.HardFault_Handler
                0x08001ff4        0x8 ./Core/Src/stm32f4xx_it.o
                0x08001ff4                HardFault_Handler
 .text.MemManage_Handler
                0x08001ffc        0x8 ./Core/Src/stm32f4xx_it.o
                0x08001ffc                MemManage_Handler
 .text.BusFault_Handler
                0x08002004        0x8 ./Core/Src/stm32f4xx_it.o
                0x08002004                BusFault_Handler
 .text.UsageFault_Handler
                0x0800200c        0x8 ./Core/Src/stm32f4xx_it.o
                0x0800200c                UsageFault_Handler
 .text.SVC_Handler
                0x08002014        0xe ./Core/Src/stm32f4xx_it.o
                0x08002014                SVC_Handler
 .text.DebugMon_Handler
                0x08002022        0xe ./Core/Src/stm32f4xx_it.o
                0x08002022                DebugMon_Handler
 .text.PendSV_Handler
                0x08002030        0xe ./Core/Src/stm32f4xx_it.o
                0x08002030                PendSV_Handler
 .text.SysTick_Handler
                0x0800203e        0xc ./Core/Src/stm32f4xx_it.o
                0x0800203e                SysTick_Handler
 *fill*         0x0800204a        0x2 
 .text.USART1_IRQHandler
                0x0800204c       0x14 ./Core/Src/stm32f4xx_it.o
                0x0800204c                USART1_IRQHandler
 .text.OTG_FS_IRQHandler
                0x08002060       0x14 ./Core/Src/stm32f4xx_it.o
                0x08002060                OTG_FS_IRQHandler
 .text.SystemInit
                0x08002074       0x24 ./Core/Src/system_stm32f4xx.o
                0x08002074                SystemInit
 .text.HAL_TIM_Base_MspInit
                0x08002098       0xf0 ./Core/Src/tim.o
                0x08002098                HAL_TIM_Base_MspInit
 .text.MX_USART1_UART_Init
                0x08002188       0x54 ./Core/Src/usart.o
                0x08002188                MX_USART1_UART_Init
 .text.HAL_UART_MspInit
                0x080021dc       0xa0 ./Core/Src/usart.o
                0x080021dc                HAL_UART_MspInit
 .text.Reset_Handler
                0x0800227c       0x50 ./Core/Startup/startup_stm32f407vgtx.o
                0x0800227c                Reset_Handler
 .text.Default_Handler
                0x080022cc        0x2 ./Core/Startup/startup_stm32f407vgtx.o
                0x080022cc                RTC_Alarm_IRQHandler
                0x080022cc                HASH_RNG_IRQHandler
                0x080022cc                EXTI2_IRQHandler
                0x080022cc                TIM8_CC_IRQHandler
                0x080022cc                TIM1_CC_IRQHandler
                0x080022cc                DMA2_Stream5_IRQHandler
                0x080022cc                DMA1_Stream5_IRQHandler
                0x080022cc                PVD_IRQHandler
                0x080022cc                SDIO_IRQHandler
                0x080022cc                TAMP_STAMP_IRQHandler
                0x080022cc                CAN2_RX1_IRQHandler
                0x080022cc                EXTI3_IRQHandler
                0x080022cc                TIM8_TRG_COM_TIM14_IRQHandler
                0x080022cc                TIM1_UP_TIM10_IRQHandler
                0x080022cc                TIM8_UP_TIM13_IRQHandler
                0x080022cc                I2C3_ER_IRQHandler
                0x080022cc                EXTI0_IRQHandler
                0x080022cc                I2C2_EV_IRQHandler
                0x080022cc                DMA1_Stream2_IRQHandler
                0x080022cc                CAN1_RX0_IRQHandler
                0x080022cc                FPU_IRQHandler
                0x080022cc                OTG_HS_WKUP_IRQHandler
                0x080022cc                CAN2_SCE_IRQHandler
                0x080022cc                DMA2_Stream2_IRQHandler
                0x080022cc                SPI1_IRQHandler
                0x080022cc                TIM6_DAC_IRQHandler
                0x080022cc                TIM1_BRK_TIM9_IRQHandler
                0x080022cc                DCMI_IRQHandler
                0x080022cc                CAN2_RX0_IRQHandler
                0x080022cc                DMA2_Stream3_IRQHandler
                0x080022cc                USART6_IRQHandler
                0x080022cc                USART3_IRQHandler
                0x080022cc                CAN1_RX1_IRQHandler
                0x080022cc                UART5_IRQHandler
                0x080022cc                DMA2_Stream0_IRQHandler
                0x080022cc                TIM4_IRQHandler
                0x080022cc                I2C1_EV_IRQHandler
                0x080022cc                DMA1_Stream6_IRQHandler
                0x080022cc                DMA1_Stream1_IRQHandler
                0x080022cc                UART4_IRQHandler
                0x080022cc                TIM3_IRQHandler
                0x080022cc                RCC_IRQHandler
                0x080022cc                TIM8_BRK_TIM12_IRQHandler
                0x080022cc                Default_Handler
                0x080022cc                EXTI15_10_IRQHandler
                0x080022cc                ADC_IRQHandler
                0x080022cc                DMA1_Stream7_IRQHandler
                0x080022cc                TIM7_IRQHandler
                0x080022cc                CAN2_TX_IRQHandler
                0x080022cc                TIM5_IRQHandler
                0x080022cc                DMA2_Stream7_IRQHandler
                0x080022cc                I2C3_EV_IRQHandler
                0x080022cc                EXTI9_5_IRQHandler
                0x080022cc                RTC_WKUP_IRQHandler
                0x080022cc                ETH_WKUP_IRQHandler
                0x080022cc                SPI2_IRQHandler
                0x080022cc                OTG_HS_EP1_IN_IRQHandler
                0x080022cc                DMA1_Stream0_IRQHandler
                0x080022cc                CAN1_TX_IRQHandler
                0x080022cc                EXTI4_IRQHandler
                0x080022cc                FSMC_IRQHandler
                0x080022cc                ETH_IRQHandler
                0x080022cc                OTG_HS_EP1_OUT_IRQHandler
                0x080022cc                WWDG_IRQHandler
                0x080022cc                TIM2_IRQHandler
                0x080022cc                OTG_FS_WKUP_IRQHandler
                0x080022cc                TIM1_TRG_COM_TIM11_IRQHandler
                0x080022cc                OTG_HS_IRQHandler
                0x080022cc                EXTI1_IRQHandler
                0x080022cc                USART2_IRQHandler
                0x080022cc                I2C2_ER_IRQHandler
                0x080022cc                DMA2_Stream1_IRQHandler
                0x080022cc                CAN1_SCE_IRQHandler
                0x080022cc                FLASH_IRQHandler
                0x080022cc                DMA2_Stream4_IRQHandler
                0x080022cc                SPI3_IRQHandler
                0x080022cc                DMA1_Stream4_IRQHandler
                0x080022cc                I2C1_ER_IRQHandler
                0x080022cc                DMA2_Stream6_IRQHandler
                0x080022cc                DMA1_Stream3_IRQHandler
 *fill*         0x080022ce        0x2 
 .text.HAL_Init
                0x080022d0       0x44 ./Drivers/STM32F4xx_HAL_Driver/Src/stm32f4xx_hal.o
                0x080022d0                HAL_Init
 .text.HAL_InitTick
                0x08002314       0x60 ./Drivers/STM32F4xx_HAL_Driver/Src/stm32f4xx_hal.o
                0x08002314                HAL_InitTick
 .text.HAL_IncTick
                0x08002374       0x28 ./Drivers/STM32F4xx_HAL_Driver/Src/stm32f4xx_hal.o
                0x08002374                HAL_IncTick
 .text.HAL_GetTick
                0x0800239c       0x18 ./Drivers/STM32F4xx_HAL_Driver/Src/stm32f4xx_hal.o
                0x0800239c                HAL_GetTick
 .text.HAL_Delay
                0x080023b4       0x48 ./Drivers/STM32F4xx_HAL_Driver/Src/stm32f4xx_hal.o
                0x080023b4                HAL_Delay
 .text.__NVIC_SetPriorityGrouping
                0x080023fc       0x48 ./Drivers/STM32F4xx_HAL_Driver/Src/stm32f4xx_hal_cortex.o
 .text.__NVIC_GetPriorityGrouping
                0x08002444       0x1c ./Drivers/STM32F4xx_HAL_Driver/Src/stm32f4xx_hal_cortex.o
 .text.__NVIC_EnableIRQ
                0x08002460       0x3c ./Drivers/STM32F4xx_HAL_Driver/Src/stm32f4xx_hal_cortex.o
 .text.__NVIC_SetPriority
                0x0800249c       0x54 ./Drivers/STM32F4xx_HAL_Driver/Src/stm32f4xx_hal_cortex.o
 .text.NVIC_EncodePriority
                0x080024f0       0x66 ./Drivers/STM32F4xx_HAL_Driver/Src/stm32f4xx_hal_cortex.o
 *fill*         0x08002556        0x2 
 .text.SysTick_Config
                0x08002558       0x44 ./Drivers/STM32F4xx_HAL_Driver/Src/stm32f4xx_hal_cortex.o
 .text.HAL_NVIC_SetPriorityGrouping
                0x0800259c       0x16 ./Drivers/STM32F4xx_HAL_Driver/Src/stm32f4xx_hal_cortex.o
                0x0800259c                HAL_NVIC_SetPriorityGrouping
 .text.HAL_NVIC_SetPriority
                0x080025b2       0x38 ./Drivers/STM32F4xx_HAL_Driver/Src/stm32f4xx_hal_cortex.o
                0x080025b2                HAL_NVIC_SetPriority
 .text.HAL_NVIC_EnableIRQ
                0x080025ea       0x1c ./Drivers/STM32F4xx_HAL_Driver/Src/stm32f4xx_hal_cortex.o
                0x080025ea                HAL_NVIC_EnableIRQ
 .text.HAL_SYSTICK_Config
                0x08002606       0x18 ./Drivers/STM32F4xx_HAL_Driver/Src/stm32f4xx_hal_cortex.o
                0x08002606                HAL_SYSTICK_Config
 .text.HAL_DMA_Abort
                0x0800261e       0xe0 ./Drivers/STM32F4xx_HAL_Driver/Src/stm32f4xx_hal_dma.o
                0x0800261e                HAL_DMA_Abort
 .text.HAL_DMA_Abort_IT
                0x080026fe       0x44 ./Drivers/STM32F4xx_HAL_Driver/Src/stm32f4xx_hal_dma.o
                0x080026fe                HAL_DMA_Abort_IT
 *fill*         0x08002742        0x2 
 .text.HAL_GPIO_Init
                0x08002744      0x338 ./Drivers/STM32F4xx_HAL_Driver/Src/stm32f4xx_hal_gpio.o
                0x08002744                HAL_GPIO_Init
 .text.HAL_GPIO_WritePin
                0x08002a7c       0x32 ./Drivers/STM32F4xx_HAL_Driver/Src/stm32f4xx_hal_gpio.o
                0x08002a7c                HAL_GPIO_WritePin
 *fill*         0x08002aae        0x2 
 .text.HAL_I2S_Init
                0x08002ab0      0x280 ./Drivers/STM32F4xx_HAL_Driver/Src/stm32f4xx_hal_i2s.o
                0x08002ab0                HAL_I2S_Init
 .text.HAL_I2S_TxCpltCallback
                0x08002d30       0x14 ./Drivers/STM32F4xx_HAL_Driver/Src/stm32f4xx_hal_i2s.o
                0x08002d30                HAL_I2S_TxCpltCallback
 .text.HAL_I2S_RxCpltCallback
                0x08002d44       0x14 ./Drivers/STM32F4xx_HAL_Driver/Src/stm32f4xx_hal_i2s.o
                0x08002d44                HAL_I2S_RxCpltCallback
 .text.HAL_I2S_ErrorCallback
                0x08002d58       0x14 ./Drivers/STM32F4xx_HAL_Driver/Src/stm32f4xx_hal_i2s.o
                0x08002d58                HAL_I2S_ErrorCallback
 .text.I2S_Transmit_IT
                0x08002d6c       0x5c ./Drivers/STM32F4xx_HAL_Driver/Src/stm32f4xx_hal_i2s.o
 .text.I2S_Receive_IT
                0x08002dc8       0x5e ./Drivers/STM32F4xx_HAL_Driver/Src/stm32f4xx_hal_i2s.o
 .text.I2S_IRQHandler
                0x08002e26      0x114 ./Drivers/STM32F4xx_HAL_Driver/Src/stm32f4xx_hal_i2s.o
 *fill*         0x08002f3a        0x2 
 .text.HAL_I2SEx_FullDuplex_IRQHandler
                0x08002f3c      0x2a8 ./Drivers/STM32F4xx_HAL_Driver/Src/stm32f4xx_hal_i2s_ex.o
                0x08002f3c                HAL_I2SEx_FullDuplex_IRQHandler
 .text.HAL_I2SEx_TxRxCpltCallback
                0x080031e4       0x14 ./Drivers/STM32F4xx_HAL_Driver/Src/stm32f4xx_hal_i2s_ex.o
                0x080031e4                HAL_I2SEx_TxRxCpltCallback
 .text.I2SEx_TxISR_I2S
                0x080031f8       0x62 ./Drivers/STM32F4xx_HAL_Driver/Src/stm32f4xx_hal_i2s_ex.o
 *fill*         0x0800325a        0x2 
 .text.I2SEx_TxISR_I2SExt
                0x0800325c       0x98 ./Drivers/STM32F4xx_HAL_Driver/Src/stm32f4xx_hal_i2s_ex.o
 .text.I2SEx_RxISR_I2S
                0x080032f4       0x64 ./Drivers/STM32F4xx_HAL_Driver/Src/stm32f4xx_hal_i2s_ex.o
 .text.I2SEx_RxISR_I2SExt
                0x08003358       0x98 ./Drivers/STM32F4xx_HAL_Driver/Src/stm32f4xx_hal_i2s_ex.o
 .text.HAL_PCD_Init
                0x080033f0      0x21e ./Drivers/STM32F4xx_HAL_Driver/Src/stm32f4xx_hal_pcd.o
                0x080033f0                HAL_PCD_Init
 .text.HAL_PCD_Start
                0x0800360e       0x6a ./Drivers/STM32F4xx_HAL_Driver/Src/stm32f4xx_hal_pcd.o
                0x0800360e                HAL_PCD_Start
 .text.HAL_PCD_IRQHandler
                0x08003678      0x942 ./Drivers/STM32F4xx_HAL_Driver/Src/stm32f4xx_hal_pcd.o
                0x08003678                HAL_PCD_IRQHandler
 .text.HAL_PCD_SetAddress
                0x08003fba       0x48 ./Drivers/STM32F4xx_HAL_Driver/Src/stm32f4xx_hal_pcd.o
                0x08003fba                HAL_PCD_SetAddress
 .text.HAL_PCD_EP_Open
                0x08004002       0xd4 ./Drivers/STM32F4xx_HAL_Driver/Src/stm32f4xx_hal_pcd.o
                0x08004002                HAL_PCD_EP_Open
 .text.HAL_PCD_EP_Close
                0x080040d6       0x94 ./Drivers/STM32F4xx_HAL_Driver/Src/stm32f4xx_hal_pcd.o
                0x080040d6                HAL_PCD_EP_Close
 .text.HAL_PCD_EP_Receive
                0x0800416a       0x76 ./Drivers/STM32F4xx_HAL_Driver/Src/stm32f4xx_hal_pcd.o
                0x0800416a                HAL_PCD_EP_Receive
 .text.HAL_PCD_EP_GetRxCount
                0x080041e0       0x30 ./Drivers/STM32F4xx_HAL_Driver/Src/stm32f4xx_hal_pcd.o
                0x080041e0                HAL_PCD_EP_GetRxCount
 .text.HAL_PCD_EP_Transmit
                0x08004210       0x74 ./Drivers/STM32F4xx_HAL_Driver/Src/stm32f4xx_hal_pcd.o
                0x08004210                HAL_PCD_EP_Transmit
 .text.HAL_PCD_EP_SetStall
                0x08004284       0xc6 ./Drivers/STM32F4xx_HAL_Driver/Src/stm32f4xx_hal_pcd.o
                0x08004284                HAL_PCD_EP_SetStall
 .text.HAL_PCD_EP_ClrStall
                0x0800434a       0xac ./Drivers/STM32F4xx_HAL_Driver/Src/stm32f4xx_hal_pcd.o
                0x0800434a                HAL_PCD_EP_ClrStall
 .text.HAL_PCD_EP_Abort
                0x080043f6       0x62 ./Drivers/STM32F4xx_HAL_Driver/Src/stm32f4xx_hal_pcd.o
                0x080043f6                HAL_PCD_EP_Abort
 .text.PCD_WriteEmptyTxFifo
                0x08004458      0x118 ./Drivers/STM32F4xx_HAL_Driver/Src/stm32f4xx_hal_pcd.o
 .text.PCD_EP_OutXfrComplete_int
                0x08004570      0x1d0 ./Drivers/STM32F4xx_HAL_Driver/Src/stm32f4xx_hal_pcd.o
 .text.PCD_EP_OutSetupPacket_int
                0x08004740       0x8c ./Drivers/STM32F4xx_HAL_Driver/Src/stm32f4xx_hal_pcd.o
 .text.HAL_PCDEx_SetTxFiFo
                0x080047cc       0x8e ./Drivers/STM32F4xx_HAL_Driver/Src/stm32f4xx_hal_pcd_ex.o
                0x080047cc                HAL_PCDEx_SetTxFiFo
 .text.HAL_PCDEx_SetRxFiFo
                0x0800485a       0x22 ./Drivers/STM32F4xx_HAL_Driver/Src/stm32f4xx_hal_pcd_ex.o
                0x0800485a                HAL_PCDEx_SetRxFiFo
 .text.HAL_PCDEx_LPM_Callback
                0x0800487c       0x18 ./Drivers/STM32F4xx_HAL_Driver/Src/stm32f4xx_hal_pcd_ex.o
                0x0800487c                HAL_PCDEx_LPM_Callback
 .text.HAL_RCC_OscConfig
                0x08004894      0x4f0 ./Drivers/STM32F4xx_HAL_Driver/Src/stm32f4xx_hal_rcc.o
                0x08004894                HAL_RCC_OscConfig
 .text.HAL_RCC_ClockConfig
                0x08004d84      0x1cc ./Drivers/STM32F4xx_HAL_Driver/Src/stm32f4xx_hal_rcc.o
                0x08004d84                HAL_RCC_ClockConfig
 .text.HAL_RCC_GetSysClockFreq
                0x08004f50      0x20c ./Drivers/STM32F4xx_HAL_Driver/Src/stm32f4xx_hal_rcc.o
                0x08004f50                HAL_RCC_GetSysClockFreq
 .text.HAL_RCC_GetHCLKFreq
                0x0800515c       0x18 ./Drivers/STM32F4xx_HAL_Driver/Src/stm32f4xx_hal_rcc.o
                0x0800515c                HAL_RCC_GetHCLKFreq
 .text.HAL_RCC_GetPCLK1Freq
                0x08005174       0x28 ./Drivers/STM32F4xx_HAL_Driver/Src/stm32f4xx_hal_rcc.o
                0x08005174                HAL_RCC_GetPCLK1Freq
 .text.HAL_RCC_GetPCLK2Freq
                0x0800519c       0x28 ./Drivers/STM32F4xx_HAL_Driver/Src/stm32f4xx_hal_rcc.o
                0x0800519c                HAL_RCC_GetPCLK2Freq
 .text.HAL_RCCEx_PeriphCLKConfig
                0x080051c4      0x1c4 ./Drivers/STM32F4xx_HAL_Driver/Src/stm32f4xx_hal_rcc_ex.o
                0x080051c4                HAL_RCCEx_PeriphCLKConfig
 .text.HAL_RCCEx_GetPeriphCLKFreq
                0x08005388       0xc0 ./Drivers/STM32F4xx_HAL_Driver/Src/stm32f4xx_hal_rcc_ex.o
                0x08005388                HAL_RCCEx_GetPeriphCLKFreq
 .text.HAL_SPI_Init
                0x08005448      0x112 ./Drivers/STM32F4xx_HAL_Driver/Src/stm32f4xx_hal_spi.o
                0x08005448                HAL_SPI_Init
 .text.HAL_TIM_Base_Init
                0x0800555a       0x9e ./Drivers/STM32F4xx_HAL_Driver/Src/stm32f4xx_hal_tim.o
                0x0800555a                HAL_TIM_Base_Init
 .text.HAL_TIM_PWM_Init
                0x080055f8       0x9e ./Drivers/STM32F4xx_HAL_Driver/Src/stm32f4xx_hal_tim.o
                0x080055f8                HAL_TIM_PWM_Init
 .text.HAL_TIM_PWM_MspInit
                0x08005696       0x14 ./Drivers/STM32F4xx_HAL_Driver/Src/stm32f4xx_hal_tim.o
                0x08005696                HAL_TIM_PWM_MspInit
 *fill*         0x080056aa        0x2 
 .text.HAL_TIM_PWM_Start
                0x080056ac      0x190 ./Drivers/STM32F4xx_HAL_Driver/Src/stm32f4xx_hal_tim.o
                0x080056ac                HAL_TIM_PWM_Start
 .text.HAL_TIM_PWM_ConfigChannel
                0x0800583c      0x184 ./Drivers/STM32F4xx_HAL_Driver/Src/stm32f4xx_hal_tim.o
                0x0800583c                HAL_TIM_PWM_ConfigChannel
 .text.TIM_Base_SetConfig
                0x080059c0      0x14c ./Drivers/STM32F4xx_HAL_Driver/Src/stm32f4xx_hal_tim.o
                0x080059c0                TIM_Base_SetConfig
 .text.TIM_OC1_SetConfig
                0x08005b0c       0xe0 ./Drivers/STM32F4xx_HAL_Driver/Src/stm32f4xx_hal_tim.o
 .text.TIM_OC2_SetConfig
                0x08005bec       0xec ./Drivers/STM32F4xx_HAL_Driver/Src/stm32f4xx_hal_tim.o
                0x08005bec                TIM_OC2_SetConfig
 .text.TIM_OC3_SetConfig
                0x08005cd8       0xe8 ./Drivers/STM32F4xx_HAL_Driver/Src/stm32f4xx_hal_tim.o
 .text.TIM_OC4_SetConfig
                0x08005dc0       0xac ./Drivers/STM32F4xx_HAL_Driver/Src/stm32f4xx_hal_tim.o
 .text.TIM_CCxChannelCmd
                0x08005e6c       0x4a ./Drivers/STM32F4xx_HAL_Driver/Src/stm32f4xx_hal_tim.o
                0x08005e6c                TIM_CCxChannelCmd
 .text.HAL_UART_Init
                0x08005eb6       0xa0 ./Drivers/STM32F4xx_HAL_Driver/Src/stm32f4xx_hal_uart.o
                0x08005eb6                HAL_UART_Init
 .text.HAL_UART_Transmit
                0x08005f56      0x116 ./Drivers/STM32F4xx_HAL_Driver/Src/stm32f4xx_hal_uart.o
                0x08005f56                HAL_UART_Transmit
 .text.HAL_UART_Receive_IT
                0x0800606c       0x4a ./Drivers/STM32F4xx_HAL_Driver/Src/stm32f4xx_hal_uart.o
                0x0800606c                HAL_UART_Receive_IT
 *fill*         0x080060b6        0x2 
 .text.HAL_UART_IRQHandler
                0x080060b8      0x554 ./Drivers/STM32F4xx_HAL_Driver/Src/stm32f4xx_hal_uart.o
                0x080060b8                HAL_UART_IRQHandler
 .text.HAL_UART_TxCpltCallback
                0x0800660c       0x14 ./Drivers/STM32F4xx_HAL_Driver/Src/stm32f4xx_hal_uart.o
                0x0800660c                HAL_UART_TxCpltCallback
 .text.HAL_UART_ErrorCallback
                0x08006620       0x14 ./Drivers/STM32F4xx_HAL_Driver/Src/stm32f4xx_hal_uart.o
                0x08006620                HAL_UART_ErrorCallback
 .text.HAL_UARTEx_RxEventCallback
                0x08006634       0x18 ./Drivers/STM32F4xx_HAL_Driver/Src/stm32f4xx_hal_uart.o
                0x08006634                HAL_UARTEx_RxEventCallback
 .text.UART_WaitOnFlagUntilTimeout
                0x0800664c       0xb2 ./Drivers/STM32F4xx_HAL_Driver/Src/stm32f4xx_hal_uart.o
 .text.UART_Start_Receive_IT
                0x080066fe       0x74 ./Drivers/STM32F4xx_HAL_Driver/Src/stm32f4xx_hal_uart.o
                0x080066fe                UART_Start_Receive_IT
 .text.UART_EndRxTransfer
                0x08006772       0xc6 ./Drivers/STM32F4xx_HAL_Driver/Src/stm32f4xx_hal_uart.o
 .text.UART_DMAAbortOnError
                0x08006838       0x22 ./Drivers/STM32F4xx_HAL_Driver/Src/stm32f4xx_hal_uart.o
 .text.UART_Transmit_IT
                0x0800685a       0xa0 ./Drivers/STM32F4xx_HAL_Driver/Src/stm32f4xx_hal_uart.o
 .text.UART_EndTransmit_IT
                0x080068fa       0x30 ./Drivers/STM32F4xx_HAL_Driver/Src/stm32f4xx_hal_uart.o
 .text.UART_Receive_IT
                0x0800692a      0x17c ./Drivers/STM32F4xx_HAL_Driver/Src/stm32f4xx_hal_uart.o
 *fill*         0x08006aa6        0x2 
 .text.UART_SetConfig
                0x08006aa8      0x4e8 ./Drivers/STM32F4xx_HAL_Driver/Src/stm32f4xx_hal_uart.o
 .text.USB_CoreInit
                0x08006f90       0xc8 ./Drivers/STM32F4xx_HAL_Driver/Src/stm32f4xx_ll_usb.o
                0x08006f90                USB_CoreInit
 .text.USB_SetTurnaroundTime
                0x08007058      0x144 ./Drivers/STM32F4xx_HAL_Driver/Src/stm32f4xx_ll_usb.o
                0x08007058                USB_SetTurnaroundTime
 .text.USB_EnableGlobalInt
                0x0800719c       0x22 ./Drivers/STM32F4xx_HAL_Driver/Src/stm32f4xx_ll_usb.o
                0x0800719c                USB_EnableGlobalInt
 .text.USB_DisableGlobalInt
                0x080071be       0x22 ./Drivers/STM32F4xx_HAL_Driver/Src/stm32f4xx_ll_usb.o
                0x080071be                USB_DisableGlobalInt
 .text.USB_SetCurrentMode
                0x080071e0       0x98 ./Drivers/STM32F4xx_HAL_Driver/Src/stm32f4xx_ll_usb.o
                0x080071e0                USB_SetCurrentMode
 .text.USB_DevInit
                0x08007278      0x2c8 ./Drivers/STM32F4xx_HAL_Driver/Src/stm32f4xx_ll_usb.o
                0x08007278                USB_DevInit
 .text.USB_FlushTxFifo
                0x08007540       0x64 ./Drivers/STM32F4xx_HAL_Driver/Src/stm32f4xx_ll_usb.o
                0x08007540                USB_FlushTxFifo
 .text.USB_FlushRxFifo
                0x080075a4       0x5c ./Drivers/STM32F4xx_HAL_Driver/Src/stm32f4xx_ll_usb.o
                0x080075a4                USB_FlushRxFifo
 .text.USB_SetDevSpeed
                0x08007600       0x32 ./Drivers/STM32F4xx_HAL_Driver/Src/stm32f4xx_ll_usb.o
                0x08007600                USB_SetDevSpeed
 .text.USB_GetDevSpeed
                0x08007632       0x4a ./Drivers/STM32F4xx_HAL_Driver/Src/stm32f4xx_ll_usb.o
                0x08007632                USB_GetDevSpeed
 .text.USB_ActivateEndpoint
                0x0800767c      0x10e ./Drivers/STM32F4xx_HAL_Driver/Src/stm32f4xx_ll_usb.o
                0x0800767c                USB_ActivateEndpoint
 *fill*         0x0800778a        0x2 
 .text.USB_DeactivateEndpoint
                0x0800778c      0x1b8 ./Drivers/STM32F4xx_HAL_Driver/Src/stm32f4xx_ll_usb.o
                0x0800778c                USB_DeactivateEndpoint
 .text.USB_EPStartXfer
                0x08007944      0x53c ./Drivers/STM32F4xx_HAL_Driver/Src/stm32f4xx_ll_usb.o
                0x08007944                USB_EPStartXfer
 .text.USB_EPStopXfer
                0x08007e80      0x154 ./Drivers/STM32F4xx_HAL_Driver/Src/stm32f4xx_ll_usb.o
                0x08007e80                USB_EPStopXfer
 .text.USB_WritePacket
                0x08007fd4       0x7c ./Drivers/STM32F4xx_HAL_Driver/Src/stm32f4xx_ll_usb.o
                0x08007fd4                USB_WritePacket
 .text.USB_ReadPacket
                0x08008050       0xb0 ./Drivers/STM32F4xx_HAL_Driver/Src/stm32f4xx_ll_usb.o
                0x08008050                USB_ReadPacket
 .text.USB_EPSetStall
                0x08008100       0xdc ./Drivers/STM32F4xx_HAL_Driver/Src/stm32f4xx_ll_usb.o
                0x08008100                USB_EPSetStall
 .text.USB_EPClearStall
                0x080081dc       0xcc ./Drivers/STM32F4xx_HAL_Driver/Src/stm32f4xx_ll_usb.o
                0x080081dc                USB_EPClearStall
 .text.USB_SetDevAddress
                0x080082a8       0x4c ./Drivers/STM32F4xx_HAL_Driver/Src/stm32f4xx_ll_usb.o
                0x080082a8                USB_SetDevAddress
 .text.USB_DevConnect
                0x080082f4       0x42 ./Drivers/STM32F4xx_HAL_Driver/Src/stm32f4xx_ll_usb.o
                0x080082f4                USB_DevConnect
 .text.USB_DevDisconnect
                0x08008336       0x42 ./Drivers/STM32F4xx_HAL_Driver/Src/stm32f4xx_ll_usb.o
                0x08008336                USB_DevDisconnect
 .text.USB_ReadInterrupts
                0x08008378       0x26 ./Drivers/STM32F4xx_HAL_Driver/Src/stm32f4xx_ll_usb.o
                0x08008378                USB_ReadInterrupts
 .text.USB_ReadDevAllOutEpInterrupt
                0x0800839e       0x34 ./Drivers/STM32F4xx_HAL_Driver/Src/stm32f4xx_ll_usb.o
                0x0800839e                USB_ReadDevAllOutEpInterrupt
 .text.USB_ReadDevAllInEpInterrupt
                0x080083d2       0x34 ./Drivers/STM32F4xx_HAL_Driver/Src/stm32f4xx_ll_usb.o
                0x080083d2                USB_ReadDevAllInEpInterrupt
 .text.USB_ReadDevOutEPInterrupt
                0x08008406       0x3c ./Drivers/STM32F4xx_HAL_Driver/Src/stm32f4xx_ll_usb.o
                0x08008406                USB_ReadDevOutEPInterrupt
 .text.USB_ReadDevInEPInterrupt
                0x08008442       0x5c ./Drivers/STM32F4xx_HAL_Driver/Src/stm32f4xx_ll_usb.o
                0x08008442                USB_ReadDevInEPInterrupt
 .text.USB_GetMode
                0x0800849e       0x1c ./Drivers/STM32F4xx_HAL_Driver/Src/stm32f4xx_ll_usb.o
                0x0800849e                USB_GetMode
 .text.USB_ActivateSetup
                0x080084ba       0x46 ./Drivers/STM32F4xx_HAL_Driver/Src/stm32f4xx_ll_usb.o
                0x080084ba                USB_ActivateSetup
 .text.USB_EP0_OutStart
                0x08008500       0xbc ./Drivers/STM32F4xx_HAL_Driver/Src/stm32f4xx_ll_usb.o
                0x08008500                USB_EP0_OutStart
 .text.USB_CoreReset
                0x080085bc       0x70 ./Drivers/STM32F4xx_HAL_Driver/Src/stm32f4xx_ll_usb.o
 .text.USBD_CDC_Init
                0x0800862c      0x1f0 ./Middlewares/ST/STM32_USB_Device_Library/Class/CDC/Src/usbd_cdc.o
 .text.USBD_CDC_DeInit
                0x0800881c      0x104 ./Middlewares/ST/STM32_USB_Device_Library/Class/CDC/Src/usbd_cdc.o
 .text.USBD_CDC_Setup
                0x08008920      0x1b8 ./Middlewares/ST/STM32_USB_Device_Library/Class/CDC/Src/usbd_cdc.o
 .text.USBD_CDC_DataIn
                0x08008ad8       0xfe ./Middlewares/ST/STM32_USB_Device_Library/Class/CDC/Src/usbd_cdc.o
 .text.USBD_CDC_DataOut
                0x08008bd6       0x70 ./Middlewares/ST/STM32_USB_Device_Library/Class/CDC/Src/usbd_cdc.o
 .text.USBD_CDC_EP0_RxReady
                0x08008c46       0x74 ./Middlewares/ST/STM32_USB_Device_Library/Class/CDC/Src/usbd_cdc.o
 *fill*         0x08008cba        0x2 
 .text.USBD_CDC_GetFSCfgDesc
                0x08008cbc       0x70 ./Middlewares/ST/STM32_USB_Device_Library/Class/CDC/Src/usbd_cdc.o
 .text.USBD_CDC_GetHSCfgDesc
                0x08008d2c       0x70 ./Middlewares/ST/STM32_USB_Device_Library/Class/CDC/Src/usbd_cdc.o
 .text.USBD_CDC_GetOtherSpeedCfgDesc
                0x08008d9c       0x70 ./Middlewares/ST/STM32_USB_Device_Library/Class/CDC/Src/usbd_cdc.o
 .text.USBD_CDC_GetDeviceQualifierDescriptor
                0x08008e0c       0x20 ./Middlewares/ST/STM32_USB_Device_Library/Class/CDC/Src/usbd_cdc.o
                0x08008e0c                USBD_CDC_GetDeviceQualifierDescriptor
 .text.USBD_CDC_RegisterInterface
                0x08008e2c       0x34 ./Middlewares/ST/STM32_USB_Device_Library/Class/CDC/Src/usbd_cdc.o
                0x08008e2c                USBD_CDC_RegisterInterface
 .text.USBD_CDC_SetTxBuffer
                0x08008e60       0x44 ./Middlewares/ST/STM32_USB_Device_Library/Class/CDC/Src/usbd_cdc.o
                0x08008e60                USBD_CDC_SetTxBuffer
 .text.USBD_CDC_SetRxBuffer
                0x08008ea4       0x3a ./Middlewares/ST/STM32_USB_Device_Library/Class/CDC/Src/usbd_cdc.o
                0x08008ea4                USBD_CDC_SetRxBuffer
 *fill*         0x08008ede        0x2 
 .text.USBD_CDC_TransmitPacket
                0x08008ee0       0x80 ./Middlewares/ST/STM32_USB_Device_Library/Class/CDC/Src/usbd_cdc.o
                0x08008ee0                USBD_CDC_TransmitPacket
 .text.USBD_CDC_ReceivePacket
                0x08008f60       0x6c ./Middlewares/ST/STM32_USB_Device_Library/Class/CDC/Src/usbd_cdc.o
                0x08008f60                USBD_CDC_ReceivePacket
 .text.USBD_Init
                0x08008fcc       0x60 ./Middlewares/ST/STM32_USB_Device_Library/Core/Src/usbd_core.o
                0x08008fcc                USBD_Init
 .text.USBD_RegisterClass
                0x0800902c       0x6c ./Middlewares/ST/STM32_USB_Device_Library/Core/Src/usbd_core.o
                0x0800902c                USBD_RegisterClass
 .text.USBD_Start
                0x08009098       0x18 ./Middlewares/ST/STM32_USB_Device_Library/Core/Src/usbd_core.o
                0x08009098                USBD_Start
 .text.USBD_RunTestMode
                0x080090b0       0x16 ./Middlewares/ST/STM32_USB_Device_Library/Core/Src/usbd_core.o
                0x080090b0                USBD_RunTestMode
 .text.USBD_SetClassConfig
                0x080090c6       0x38 ./Middlewares/ST/STM32_USB_Device_Library/Core/Src/usbd_core.o
                0x080090c6                USBD_SetClassConfig
 .text.USBD_ClrClassConfig
                0x080090fe       0x34 ./Middlewares/ST/STM32_USB_Device_Library/Core/Src/usbd_core.o
                0x080090fe                USBD_ClrClassConfig
 .text.USBD_LL_SetupStage
                0x08009132       0xaa ./Middlewares/ST/STM32_USB_Device_Library/Core/Src/usbd_core.o
                0x08009132                USBD_LL_SetupStage
 .text.USBD_LL_DataOutStage
                0x080091dc      0x178 ./Middlewares/ST/STM32_USB_Device_Library/Core/Src/usbd_core.o
                0x080091dc                USBD_LL_DataOutStage
 .text.USBD_LL_DataInStage
                0x08009354      0x176 ./Middlewares/ST/STM32_USB_Device_Library/Core/Src/usbd_core.o
                0x08009354                USBD_LL_DataInStage
 .text.USBD_LL_Reset
                0x080094ca       0xa6 ./Middlewares/ST/STM32_USB_Device_Library/Core/Src/usbd_core.o
                0x080094ca                USBD_LL_Reset
 .text.USBD_LL_SetSpeed
                0x08009570       0x20 ./Middlewares/ST/STM32_USB_Device_Library/Core/Src/usbd_core.o
                0x08009570                USBD_LL_SetSpeed
 .text.USBD_LL_Suspend
                0x08009590       0x38 ./Middlewares/ST/STM32_USB_Device_Library/Core/Src/usbd_core.o
                0x08009590                USBD_LL_Suspend
 .text.USBD_LL_Resume
                0x080095c8       0x30 ./Middlewares/ST/STM32_USB_Device_Library/Core/Src/usbd_core.o
                0x080095c8                USBD_LL_Resume
 .text.USBD_LL_SOF
                0x080095f8       0x40 ./Middlewares/ST/STM32_USB_Device_Library/Core/Src/usbd_core.o
                0x080095f8                USBD_LL_SOF
 .text.USBD_LL_IsoINIncomplete
                0x08009638       0x64 ./Middlewares/ST/STM32_USB_Device_Library/Core/Src/usbd_core.o
                0x08009638                USBD_LL_IsoINIncomplete
 .text.USBD_LL_IsoOUTIncomplete
                0x0800969c       0x64 ./Middlewares/ST/STM32_USB_Device_Library/Core/Src/usbd_core.o
                0x0800969c                USBD_LL_IsoOUTIncomplete
 .text.USBD_LL_DevConnected
                0x08009700       0x16 ./Middlewares/ST/STM32_USB_Device_Library/Core/Src/usbd_core.o
                0x08009700                USBD_LL_DevConnected
 .text.USBD_LL_DevDisconnected
                0x08009716       0x46 ./Middlewares/ST/STM32_USB_Device_Library/Core/Src/usbd_core.o
                0x08009716                USBD_LL_DevDisconnected
 .text.USBD_CoreFindIF
                0x0800975c       0x1a ./Middlewares/ST/STM32_USB_Device_Library/Core/Src/usbd_core.o
                0x0800975c                USBD_CoreFindIF
 .text.USBD_CoreFindEP
                0x08009776       0x1a ./Middlewares/ST/STM32_USB_Device_Library/Core/Src/usbd_core.o
                0x08009776                USBD_CoreFindEP
 .text.USBD_GetEpDesc
                0x08009790       0x70 ./Middlewares/ST/STM32_USB_Device_Library/Core/Src/usbd_core.o
                0x08009790                USBD_GetEpDesc
 .text.USBD_GetNextDesc
                0x08009800       0x38 ./Middlewares/ST/STM32_USB_Device_Library/Core/Src/usbd_core.o
                0x08009800                USBD_GetNextDesc
 .text.SWAPBYTE
                0x08009838       0x3c ./Middlewares/ST/STM32_USB_Device_Library/Core/Src/usbd_ctlreq.o
 .text.USBD_StdDevReq
                0x08009874       0xe4 ./Middlewares/ST/STM32_USB_Device_Library/Core/Src/usbd_ctlreq.o
                0x08009874                USBD_StdDevReq
 .text.USBD_StdItfReq
                0x08009958       0xd8 ./Middlewares/ST/STM32_USB_Device_Library/Core/Src/usbd_ctlreq.o
                0x08009958                USBD_StdItfReq
 .text.USBD_StdEPReq
                0x08009a30      0x33e ./Middlewares/ST/STM32_USB_Device_Library/Core/Src/usbd_ctlreq.o
                0x08009a30                USBD_StdEPReq
 *fill*         0x08009d6e        0x2 
 .text.USBD_GetDescriptor
                0x08009d70      0x2d4 ./Middlewares/ST/STM32_USB_Device_Library/Core/Src/usbd_ctlreq.o
 .text.USBD_SetAddress
                0x0800a044       0x88 ./Middlewares/ST/STM32_USB_Device_Library/Core/Src/usbd_ctlreq.o
 .text.USBD_SetConfig
                0x0800a0cc      0x154 ./Middlewares/ST/STM32_USB_Device_Library/Core/Src/usbd_ctlreq.o
 .text.USBD_GetConfig
                0x0800a220       0x6c ./Middlewares/ST/STM32_USB_Device_Library/Core/Src/usbd_ctlreq.o
 .text.USBD_GetStatus
                0x0800a28c       0x68 ./Middlewares/ST/STM32_USB_Device_Library/Core/Src/usbd_ctlreq.o
 .text.USBD_SetFeature
                0x0800a2f4       0x52 ./Middlewares/ST/STM32_USB_Device_Library/Core/Src/usbd_ctlreq.o
 .text.USBD_ClrFeature
                0x0800a346       0x44 ./Middlewares/ST/STM32_USB_Device_Library/Core/Src/usbd_ctlreq.o
 .text.USBD_ParseSetupRequest
                0x0800a38a       0x74 ./Middlewares/ST/STM32_USB_Device_Library/Core/Src/usbd_ctlreq.o
                0x0800a38a                USBD_ParseSetupRequest
 .text.USBD_CtlError
                0x0800a3fe       0x22 ./Middlewares/ST/STM32_USB_Device_Library/Core/Src/usbd_ctlreq.o
                0x0800a3fe                USBD_CtlError
 .text.USBD_GetString
                0x0800a420       0xa4 ./Middlewares/ST/STM32_USB_Device_Library/Core/Src/usbd_ctlreq.o
                0x0800a420                USBD_GetString
 .text.USBD_GetLen
                0x0800a4c4       0x34 ./Middlewares/ST/STM32_USB_Device_Library/Core/Src/usbd_ctlreq.o
 .text.USBD_CtlSendData
                0x0800a4f8       0x3c ./Middlewares/ST/STM32_USB_Device_Library/Core/Src/usbd_ioreq.o
                0x0800a4f8                USBD_CtlSendData
 .text.USBD_CtlContinueSendData
                0x0800a534       0x22 ./Middlewares/ST/STM32_USB_Device_Library/Core/Src/usbd_ioreq.o
                0x0800a534                USBD_CtlContinueSendData
 .text.USBD_CtlPrepareRx
                0x0800a556       0x42 ./Middlewares/ST/STM32_USB_Device_Library/Core/Src/usbd_ioreq.o
                0x0800a556                USBD_CtlPrepareRx
 .text.USBD_CtlContinueRx
                0x0800a598       0x22 ./Middlewares/ST/STM32_USB_Device_Library/Core/Src/usbd_ioreq.o
                0x0800a598                USBD_CtlContinueRx
 .text.USBD_CtlSendStatus
                0x0800a5ba       0x26 ./Middlewares/ST/STM32_USB_Device_Library/Core/Src/usbd_ioreq.o
                0x0800a5ba                USBD_CtlSendStatus
 .text.USBD_CtlReceiveStatus
                0x0800a5e0       0x26 ./Middlewares/ST/STM32_USB_Device_Library/Core/Src/usbd_ioreq.o
                0x0800a5e0                USBD_CtlReceiveStatus
 *fill*         0x0800a606        0x2 
 .text.MX_USB_DEVICE_Init
                0x0800a608       0x60 ./USB_DEVICE/App/usb_device.o
                0x0800a608                MX_USB_DEVICE_Init
 .text.CDC_Init_FS
                0x0800a668       0x28 ./USB_DEVICE/App/usbd_cdc_if.o
 .text.CDC_DeInit_FS
                0x0800a690       0x10 ./USB_DEVICE/App/usbd_cdc_if.o
 .text.CDC_Control_FS
                0x0800a6a0       0xbc ./USB_DEVICE/App/usbd_cdc_if.o
 .text.CDC_Receive_FS
                0x0800a75c       0x28 ./USB_DEVICE/App/usbd_cdc_if.o
 .text.CDC_Transmit_FS
                0x0800a784       0x4c ./USB_DEVICE/App/usbd_cdc_if.o
                0x0800a784                CDC_Transmit_FS
 .text.CDC_TransmitCplt_FS
                0x0800a7d0       0x22 ./USB_DEVICE/App/usbd_cdc_if.o
 *fill*         0x0800a7f2        0x2 
 .text.USBD_FS_DeviceDescriptor
                0x0800a7f4       0x24 ./USB_DEVICE/App/usbd_desc.o
                0x0800a7f4                USBD_FS_DeviceDescriptor
 .text.USBD_FS_LangIDStrDescriptor
                0x0800a818       0x24 ./USB_DEVICE/App/usbd_desc.o
                0x0800a818                USBD_FS_LangIDStrDescriptor
 .text.USBD_FS_ProductStrDescriptor
                0x0800a83c       0x3c ./USB_DEVICE/App/usbd_desc.o
                0x0800a83c                USBD_FS_ProductStrDescriptor
 .text.USBD_FS_ManufacturerStrDescriptor
                0x0800a878       0x28 ./USB_DEVICE/App/usbd_desc.o
                0x0800a878                USBD_FS_ManufacturerStrDescriptor
 .text.USBD_FS_SerialStrDescriptor
                0x0800a8a0       0x24 ./USB_DEVICE/App/usbd_desc.o
                0x0800a8a0                USBD_FS_SerialStrDescriptor
 .text.USBD_FS_ConfigStrDescriptor
                0x0800a8c4       0x3c ./USB_DEVICE/App/usbd_desc.o
                0x0800a8c4                USBD_FS_ConfigStrDescriptor
 .text.USBD_FS_InterfaceStrDescriptor
                0x0800a900       0x3c ./USB_DEVICE/App/usbd_desc.o
                0x0800a900                USBD_FS_InterfaceStrDescriptor
 .text.Get_SerialNum
                0x0800a93c       0x58 ./USB_DEVICE/App/usbd_desc.o
 .text.IntToUnicode
                0x0800a994       0x7e ./USB_DEVICE/App/usbd_desc.o
 *fill*         0x0800aa12        0x2 
 .text.HAL_PCD_MspInit
                0x0800aa14       0xa8 ./USB_DEVICE/Target/usbd_conf.o
                0x0800aa14                HAL_PCD_MspInit
 .text.HAL_PCD_SetupStageCallback
                0x0800aabc       0x24 ./USB_DEVICE/Target/usbd_conf.o
                0x0800aabc                HAL_PCD_SetupStageCallback
 .text.HAL_PCD_DataOutStageCallback
                0x0800aae0       0x36 ./USB_DEVICE/Target/usbd_conf.o
                0x0800aae0                HAL_PCD_DataOutStageCallback
 .text.HAL_PCD_DataInStageCallback
                0x0800ab16       0x34 ./USB_DEVICE/Target/usbd_conf.o
                0x0800ab16                HAL_PCD_DataInStageCallback
 .text.HAL_PCD_SOFCallback
                0x0800ab4a       0x1c ./USB_DEVICE/Target/usbd_conf.o
                0x0800ab4a                HAL_PCD_SOFCallback
 .text.HAL_PCD_ResetCallback
                0x0800ab66       0x50 ./USB_DEVICE/Target/usbd_conf.o
                0x0800ab66                HAL_PCD_ResetCallback
 *fill*         0x0800abb6        0x2 
 .text.HAL_PCD_SuspendCallback
                0x0800abb8       0x4c ./USB_DEVICE/Target/usbd_conf.o
                0x0800abb8                HAL_PCD_SuspendCallback
 .text.HAL_PCD_ResumeCallback
                0x0800ac04       0x1c ./USB_DEVICE/Target/usbd_conf.o
                0x0800ac04                HAL_PCD_ResumeCallback
 .text.HAL_PCD_ISOOUTIncompleteCallback
                0x0800ac20       0x24 ./USB_DEVICE/Target/usbd_conf.o
                0x0800ac20                HAL_PCD_ISOOUTIncompleteCallback
 .text.HAL_PCD_ISOINIncompleteCallback
                0x0800ac44       0x24 ./USB_DEVICE/Target/usbd_conf.o
                0x0800ac44                HAL_PCD_ISOINIncompleteCallback
 .text.HAL_PCD_ConnectCallback
                0x0800ac68       0x1c ./USB_DEVICE/Target/usbd_conf.o
                0x0800ac68                HAL_PCD_ConnectCallback
 .text.HAL_PCD_DisconnectCallback
                0x0800ac84       0x1c ./USB_DEVICE/Target/usbd_conf.o
                0x0800ac84                HAL_PCD_DisconnectCallback
 .text.USBD_LL_Init
                0x0800aca0       0x98 ./USB_DEVICE/Target/usbd_conf.o
                0x0800aca0                USBD_LL_Init
 .text.USBD_LL_Start
                0x0800ad38       0x36 ./USB_DEVICE/Target/usbd_conf.o
                0x0800ad38                USBD_LL_Start
 .text.USBD_LL_OpenEP
                0x0800ad6e       0x4c ./USB_DEVICE/Target/usbd_conf.o
                0x0800ad6e                USBD_LL_OpenEP
 .text.USBD_LL_CloseEP
                0x0800adba       0x3e ./USB_DEVICE/Target/usbd_conf.o
                0x0800adba                USBD_LL_CloseEP
 .text.USBD_LL_StallEP
                0x0800adf8       0x3e ./USB_DEVICE/Target/usbd_conf.o
                0x0800adf8                USBD_LL_StallEP
 .text.USBD_LL_ClearStallEP
                0x0800ae36       0x3e ./USB_DEVICE/Target/usbd_conf.o
                0x0800ae36                USBD_LL_ClearStallEP
 .text.USBD_LL_IsStallEP
                0x0800ae74       0x58 ./USB_DEVICE/Target/usbd_conf.o
                0x0800ae74                USBD_LL_IsStallEP
 .text.USBD_LL_SetUSBAddress
                0x0800aecc       0x3e ./USB_DEVICE/Target/usbd_conf.o
                0x0800aecc                USBD_LL_SetUSBAddress
 .text.USBD_LL_Transmit
                0x0800af0a       0x42 ./USB_DEVICE/Target/usbd_conf.o
                0x0800af0a                USBD_LL_Transmit
 .text.USBD_LL_PrepareReceive
                0x0800af4c       0x42 ./USB_DEVICE/Target/usbd_conf.o
                0x0800af4c                USBD_LL_PrepareReceive
 .text.USBD_LL_GetRxDataSize
                0x0800af8e       0x26 ./USB_DEVICE/Target/usbd_conf.o
                0x0800af8e                USBD_LL_GetRxDataSize
 .text.USBD_static_malloc
                0x0800afb4       0x1c ./USB_DEVICE/Target/usbd_conf.o
                0x0800afb4                USBD_static_malloc
 .text.USBD_static_free
                0x0800afd0       0x14 ./USB_DEVICE/Target/usbd_conf.o
                0x0800afd0                USBD_static_free
 .text.USBD_Get_USB_Status
                0x0800afe4       0x58 ./USB_DEVICE/Target/usbd_conf.o
                0x0800afe4                USBD_Get_USB_Status
 .text.snprintf
                0x0800b03c       0x68 /opt/st/stm32cubeide_1.15.1/plugins/com.st.stm32cube.ide.mcu.externaltools.gnu-tools-for-stm32.12.3.rel1.linux64_1.0.100.202403111256/tools/bin/../lib/gcc/arm-none-eabi/12.3.1/../../../../arm-none-eabi/lib/thumb/v7e-m+fp/hard/libc_nano.a(libc_a-snprintf.o)
                0x0800b03c                snprintf
                0x0800b03c                sniprintf
 .text.memset   0x0800b0a4       0x10 /opt/st/stm32cubeide_1.15.1/plugins/com.st.stm32cube.ide.mcu.externaltools.gnu-tools-for-stm32.12.3.rel1.linux64_1.0.100.202403111256/tools/bin/../lib/gcc/arm-none-eabi/12.3.1/../../../../arm-none-eabi/lib/thumb/v7e-m+fp/hard/libc_nano.a(libc_a-memset.o)
                0x0800b0a4                memset
 .text.__libc_init_array
                0x0800b0b4       0x48 /opt/st/stm32cubeide_1.15.1/plugins/com.st.stm32cube.ide.mcu.externaltools.gnu-tools-for-stm32.12.3.rel1.linux64_1.0.100.202403111256/tools/bin/../lib/gcc/arm-none-eabi/12.3.1/../../../../arm-none-eabi/lib/thumb/v7e-m+fp/hard/libc_nano.a(libc_a-init.o)
                0x0800b0b4                __libc_init_array
 .text.__retarget_lock_acquire_recursive
                0x0800b0fc        0x2 /opt/st/stm32cubeide_1.15.1/plugins/com.st.stm32cube.ide.mcu.externaltools.gnu-tools-for-stm32.12.3.rel1.linux64_1.0.100.202403111256/tools/bin/../lib/gcc/arm-none-eabi/12.3.1/../../../../arm-none-eabi/lib/thumb/v7e-m+fp/hard/libc_nano.a(libc_a-lock.o)
                0x0800b0fc                __retarget_lock_acquire_recursive
 .text.__retarget_lock_release_recursive
                0x0800b0fe        0x2 /opt/st/stm32cubeide_1.15.1/plugins/com.st.stm32cube.ide.mcu.externaltools.gnu-tools-for-stm32.12.3.rel1.linux64_1.0.100.202403111256/tools/bin/../lib/gcc/arm-none-eabi/12.3.1/../../../../arm-none-eabi/lib/thumb/v7e-m+fp/hard/libc_nano.a(libc_a-lock.o)
                0x0800b0fe                __retarget_lock_release_recursive
 .text.memcpy   0x0800b100       0x1c /opt/st/stm32cubeide_1.15.1/plugins/com.st.stm32cube.ide.mcu.externaltools.gnu-tools-for-stm32.12.3.rel1.linux64_1.0.100.202403111256/tools/bin/../lib/gcc/arm-none-eabi/12.3.1/../../../../arm-none-eabi/lib/thumb/v7e-m+fp/hard/libc_nano.a(libc_a-memcpy-stub.o)
                0x0800b100                memcpy
 .text._free_r  0x0800b11c       0x94 /opt/st/stm32cubeide_1.15.1/plugins/com.st.stm32cube.ide.mcu.externaltools.gnu-tools-for-stm32.12.3.rel1.linux64_1.0.100.202403111256/tools/bin/../lib/gcc/arm-none-eabi/12.3.1/../../../../arm-none-eabi/lib/thumb/v7e-m+fp/hard/libc_nano.a(libc_a-freer.o)
                0x0800b11c                _free_r
 .text.sbrk_aligned
                0x0800b1b0       0x44 /opt/st/stm32cubeide_1.15.1/plugins/com.st.stm32cube.ide.mcu.externaltools.gnu-tools-for-stm32.12.3.rel1.linux64_1.0.100.202403111256/tools/bin/../lib/gcc/arm-none-eabi/12.3.1/../../../../arm-none-eabi/lib/thumb/v7e-m+fp/hard/libc_nano.a(libc_a-mallocr.o)
 .text._malloc_r
                0x0800b1f4      0x100 /opt/st/stm32cubeide_1.15.1/plugins/com.st.stm32cube.ide.mcu.externaltools.gnu-tools-for-stm32.12.3.rel1.linux64_1.0.100.202403111256/tools/bin/../lib/gcc/arm-none-eabi/12.3.1/../../../../arm-none-eabi/lib/thumb/v7e-m+fp/hard/libc_nano.a(libc_a-mallocr.o)
                0x0800b1f4                _malloc_r
 .text.__malloc_lock
                0x0800b2f4        0xc /opt/st/stm32cubeide_1.15.1/plugins/com.st.stm32cube.ide.mcu.externaltools.gnu-tools-for-stm32.12.3.rel1.linux64_1.0.100.202403111256/tools/bin/../lib/gcc/arm-none-eabi/12.3.1/../../../../arm-none-eabi/lib/thumb/v7e-m+fp/hard/libc_nano.a(libc_a-mlock.o)
                0x0800b2f4                __malloc_lock
 .text.__malloc_unlock
                0x0800b300        0xc /opt/st/stm32cubeide_1.15.1/plugins/com.st.stm32cube.ide.mcu.externaltools.gnu-tools-for-stm32.12.3.rel1.linux64_1.0.100.202403111256/tools/bin/../lib/gcc/arm-none-eabi/12.3.1/../../../../arm-none-eabi/lib/thumb/v7e-m+fp/hard/libc_nano.a(libc_a-mlock.o)
                0x0800b300                __malloc_unlock
 .text.__ssputs_r
                0x0800b30c       0xb6 /opt/st/stm32cubeide_1.15.1/plugins/com.st.stm32cube.ide.mcu.externaltools.gnu-tools-for-stm32.12.3.rel1.linux64_1.0.100.202403111256/tools/bin/../lib/gcc/arm-none-eabi/12.3.1/../../../../arm-none-eabi/lib/thumb/v7e-m+fp/hard/libc_nano.a(libc_a-nano-svfprintf.o)
                0x0800b30c                __ssputs_r
 *fill*         0x0800b3c2        0x2 
 .text._svfprintf_r
                0x0800b3c4      0x1f8 /opt/st/stm32cubeide_1.15.1/plugins/com.st.stm32cube.ide.mcu.externaltools.gnu-tools-for-stm32.12.3.rel1.linux64_1.0.100.202403111256/tools/bin/../lib/gcc/arm-none-eabi/12.3.1/../../../../arm-none-eabi/lib/thumb/v7e-m+fp/hard/libc_nano.a(libc_a-nano-svfprintf.o)
                0x0800b3c4                _svfprintf_r
                0x0800b3c4                _svfiprintf_r
 .text._printf_common
                0x0800b5bc       0xda /opt/st/stm32cubeide_1.15.1/plugins/com.st.stm32cube.ide.mcu.externaltools.gnu-tools-for-stm32.12.3.rel1.linux64_1.0.100.202403111256/tools/bin/../lib/gcc/arm-none-eabi/12.3.1/../../../../arm-none-eabi/lib/thumb/v7e-m+fp/hard/libc_nano.a(libc_a-nano-vfprintf_i.o)
                0x0800b5bc                _printf_common
 *fill*         0x0800b696        0x2 
 .text._printf_i
                0x0800b698      0x240 /opt/st/stm32cubeide_1.15.1/plugins/com.st.stm32cube.ide.mcu.externaltools.gnu-tools-for-stm32.12.3.rel1.linux64_1.0.100.202403111256/tools/bin/../lib/gcc/arm-none-eabi/12.3.1/../../../../arm-none-eabi/lib/thumb/v7e-m+fp/hard/libc_nano.a(libc_a-nano-vfprintf_i.o)
                0x0800b698                _printf_i
 .text.memmove  0x0800b8d8       0x34 /opt/st/stm32cubeide_1.15.1/plugins/com.st.stm32cube.ide.mcu.externaltools.gnu-tools-for-stm32.12.3.rel1.linux64_1.0.100.202403111256/tools/bin/../lib/gcc/arm-none-eabi/12.3.1/../../../../arm-none-eabi/lib/thumb/v7e-m+fp/hard/libc_nano.a(libc_a-memmove.o)
                0x0800b8d8                memmove
 .text._sbrk_r  0x0800b90c       0x20 /opt/st/stm32cubeide_1.15.1/plugins/com.st.stm32cube.ide.mcu.externaltools.gnu-tools-for-stm32.12.3.rel1.linux64_1.0.100.202403111256/tools/bin/../lib/gcc/arm-none-eabi/12.3.1/../../../../arm-none-eabi/lib/thumb/v7e-m+fp/hard/libc_nano.a(libc_a-sbrkr.o)
                0x0800b90c                _sbrk_r
 .text._realloc_r
                0x0800b92c       0x5c /opt/st/stm32cubeide_1.15.1/plugins/com.st.stm32cube.ide.mcu.externaltools.gnu-tools-for-stm32.12.3.rel1.linux64_1.0.100.202403111256/tools/bin/../lib/gcc/arm-none-eabi/12.3.1/../../../../arm-none-eabi/lib/thumb/v7e-m+fp/hard/libc_nano.a(libc_a-reallocr.o)
                0x0800b92c                _realloc_r
 .text._malloc_usable_size_r
                0x0800b988       0x10 /opt/st/stm32cubeide_1.15.1/plugins/com.st.stm32cube.ide.mcu.externaltools.gnu-tools-for-stm32.12.3.rel1.linux64_1.0.100.202403111256/tools/bin/../lib/gcc/arm-none-eabi/12.3.1/../../../../arm-none-eabi/lib/thumb/v7e-m+fp/hard/libc_nano.a(libc_a-msizer.o)
                0x0800b988                _malloc_usable_size_r
 .text._sbrk    0x0800b998       0x1c /opt/st/stm32cubeide_1.15.1/plugins/com.st.stm32cube.ide.mcu.externaltools.gnu-tools-for-stm32.12.3.rel1.linux64_1.0.100.202403111256/tools/bin/../lib/gcc/arm-none-eabi/12.3.1/../../../../arm-none-eabi/lib/thumb/v7e-m+fp/hard/libnosys.a(sbrk.o)
                0x0800b998                _sbrk
 *(.glue_7)
 .glue_7        0x0800b9b4        0x0 linker stubs
 *(.glue_7t)
 .glue_7t       0x0800b9b4        0x0 linker stubs
 *(.eh_frame)
 .eh_frame      0x0800b9b4        0x0 /opt/st/stm32cubeide_1.15.1/plugins/com.st.stm32cube.ide.mcu.externaltools.gnu-tools-for-stm32.12.3.rel1.linux64_1.0.100.202403111256/tools/bin/../lib/gcc/arm-none-eabi/12.3.1/thumb/v7e-m+fp/hard/crtbegin.o
 *(.init)
 .init          0x0800b9b4        0x4 /opt/st/stm32cubeide_1.15.1/plugins/com.st.stm32cube.ide.mcu.externaltools.gnu-tools-for-stm32.12.3.rel1.linux64_1.0.100.202403111256/tools/bin/../lib/gcc/arm-none-eabi/12.3.1/thumb/v7e-m+fp/hard/crti.o
                0x0800b9b4                _init
 .init          0x0800b9b8        0x8 /opt/st/stm32cubeide_1.15.1/plugins/com.st.stm32cube.ide.mcu.externaltools.gnu-tools-for-stm32.12.3.rel1.linux64_1.0.100.202403111256/tools/bin/../lib/gcc/arm-none-eabi/12.3.1/thumb/v7e-m+fp/hard/crtn.o
 *(.fini)
 .fini          0x0800b9c0        0x4 /opt/st/stm32cubeide_1.15.1/plugins/com.st.stm32cube.ide.mcu.externaltools.gnu-tools-for-stm32.12.3.rel1.linux64_1.0.100.202403111256/tools/bin/../lib/gcc/arm-none-eabi/12.3.1/thumb/v7e-m+fp/hard/crti.o
                0x0800b9c0                _fini
 .fini          0x0800b9c4        0x8 /opt/st/stm32cubeide_1.15.1/plugins/com.st.stm32cube.ide.mcu.externaltools.gnu-tools-for-stm32.12.3.rel1.linux64_1.0.100.202403111256/tools/bin/../lib/gcc/arm-none-eabi/12.3.1/thumb/v7e-m+fp/hard/crtn.o
                0x0800b9cc                        . = ALIGN (0x4)
                0x0800b9cc                        _etext = .

.vfp11_veneer   0x0800b9cc        0x0
 .vfp11_veneer  0x0800b9cc        0x0 linker stubs

.v4_bx          0x0800b9cc        0x0
 .v4_bx         0x0800b9cc        0x0 linker stubs

.iplt           0x0800b9cc        0x0
 .iplt          0x0800b9cc        0x0 /opt/st/stm32cubeide_1.15.1/plugins/com.st.stm32cube.ide.mcu.externaltools.gnu-tools-for-stm32.12.3.rel1.linux64_1.0.100.202403111256/tools/bin/../lib/gcc/arm-none-eabi/12.3.1/thumb/v7e-m+fp/hard/crtbegin.o

.rodata         0x0800b9cc      0x290
                0x0800b9cc                        . = ALIGN (0x4)
 *(.rodata)
 .rodata        0x0800b9cc      0x1f9 ./Core/Src/main.o
 *fill*         0x0800bbc5        0x3 
 .rodata        0x0800bbc8       0x46 ./USB_DEVICE/App/usbd_desc.o
 *(.rodata*)
 *fill*         0x0800bc0e        0x2 
 .rodata.AHBPrescTable
                0x0800bc10       0x10 ./Core/Src/system_stm32f4xx.o
                0x0800bc10                AHBPrescTable
 .rodata.APBPrescTable
                0x0800bc20        0x8 ./Core/Src/system_stm32f4xx.o
                0x0800bc20                APBPrescTable
 .rodata._svfprintf_r.str1.1
                0x0800bc28       0x11 /opt/st/stm32cubeide_1.15.1/plugins/com.st.stm32cube.ide.mcu.externaltools.gnu-tools-for-stm32.12.3.rel1.linux64_1.0.100.202403111256/tools/bin/../lib/gcc/arm-none-eabi/12.3.1/../../../../arm-none-eabi/lib/thumb/v7e-m+fp/hard/libc_nano.a(libc_a-nano-svfprintf.o)
 .rodata._printf_i.str1.1
                0x0800bc39       0x22 /opt/st/stm32cubeide_1.15.1/plugins/com.st.stm32cube.ide.mcu.externaltools.gnu-tools-for-stm32.12.3.rel1.linux64_1.0.100.202403111256/tools/bin/../lib/gcc/arm-none-eabi/12.3.1/../../../../arm-none-eabi/lib/thumb/v7e-m+fp/hard/libc_nano.a(libc_a-nano-vfprintf_i.o)
                0x0800bc5c                        . = ALIGN (0x4)
 *fill*         0x0800bc5b        0x1 

.ARM.extab      0x0800bc5c        0x0
                0x0800bc5c                        . = ALIGN (0x4)
 *(.ARM.extab* .gnu.linkonce.armextab.*)
                0x0800bc5c                        . = ALIGN (0x4)

.ARM            0x0800bc5c        0x8
                0x0800bc5c                        . = ALIGN (0x4)
                0x0800bc5c                        __exidx_start = .
 *(.ARM.exidx*)
 .ARM.exidx     0x0800bc5c        0x8 /opt/st/stm32cubeide_1.15.1/plugins/com.st.stm32cube.ide.mcu.externaltools.gnu-tools-for-stm32.12.3.rel1.linux64_1.0.100.202403111256/tools/bin/../lib/gcc/arm-none-eabi/12.3.1/../../../../arm-none-eabi/lib/thumb/v7e-m+fp/hard/libc_nano.a(libc_a-strlen.o)
 .ARM.exidx     0x0800bc64        0x0 /opt/st/stm32cubeide_1.15.1/plugins/com.st.stm32cube.ide.mcu.externaltools.gnu-tools-for-stm32.12.3.rel1.linux64_1.0.100.202403111256/tools/bin/../lib/gcc/arm-none-eabi/12.3.1/../../../../arm-none-eabi/lib/thumb/v7e-m+fp/hard/libc_nano.a(libc_a-memchr.o)
                                  0x8 (size before relaxing)
 .ARM.exidx     0x0800bc64        0x0 /opt/st/stm32cubeide_1.15.1/plugins/com.st.stm32cube.ide.mcu.externaltools.gnu-tools-for-stm32.12.3.rel1.linux64_1.0.100.202403111256/tools/bin/../lib/gcc/arm-none-eabi/12.3.1/thumb/v7e-m+fp/hard/libgcc.a(_udivmoddi4.o)
                                  0x8 (size before relaxing)
                0x0800bc64                        __exidx_end = .
                0x0800bc64                        . = ALIGN (0x4)

.preinit_array  0x0800bc64        0x0
                0x0800bc64                        . = ALIGN (0x4)
                0x0800bc64                        PROVIDE (__preinit_array_start = .)
 *(.preinit_array*)
                0x0800bc64                        PROVIDE (__preinit_array_end = .)
                0x0800bc64                        . = ALIGN (0x4)

.init_array     0x0800bc64        0x4
                0x0800bc64                        . = ALIGN (0x4)
                0x0800bc64                        PROVIDE (__init_array_start = .)
 *(SORT_BY_NAME(.init_array.*))
 *(.init_array*)
 .init_array    0x0800bc64        0x4 /opt/st/stm32cubeide_1.15.1/plugins/com.st.stm32cube.ide.mcu.externaltools.gnu-tools-for-stm32.12.3.rel1.linux64_1.0.100.202403111256/tools/bin/../lib/gcc/arm-none-eabi/12.3.1/thumb/v7e-m+fp/hard/crtbegin.o
                0x0800bc68                        PROVIDE (__init_array_end = .)
                0x0800bc68                        . = ALIGN (0x4)

.fini_array     0x0800bc68        0x4
                0x0800bc68                        . = ALIGN (0x4)
                [!provide]                        PROVIDE (__fini_array_start = .)
 *(SORT_BY_NAME(.fini_array.*))
 *(.fini_array*)
 .fini_array    0x0800bc68        0x4 /opt/st/stm32cubeide_1.15.1/plugins/com.st.stm32cube.ide.mcu.externaltools.gnu-tools-for-stm32.12.3.rel1.linux64_1.0.100.202403111256/tools/bin/../lib/gcc/arm-none-eabi/12.3.1/thumb/v7e-m+fp/hard/crtbegin.o
                [!provide]                        PROVIDE (__fini_array_end = .)
                0x0800bc6c                        . = ALIGN (0x4)
                0x0800bc6c                        _sidata = LOADADDR (.data)

.rel.dyn        0x0800bc6c        0x0
 .rel.iplt      0x0800bc6c        0x0 /opt/st/stm32cubeide_1.15.1/plugins/com.st.stm32cube.ide.mcu.externaltools.gnu-tools-for-stm32.12.3.rel1.linux64_1.0.100.202403111256/tools/bin/../lib/gcc/arm-none-eabi/12.3.1/thumb/v7e-m+fp/hard/crtbegin.o

.data           0x20000000      0x14c load address 0x0800bc6c
                0x20000000                        . = ALIGN (0x4)
                0x20000000                        _sdata = .
 *(.data)
 *(.data*)
 .data.SystemCoreClock
                0x20000000        0x4 ./Core/Src/system_stm32f4xx.o
                0x20000000                SystemCoreClock
 .data.uwTickPrio
                0x20000004        0x4 ./Drivers/STM32F4xx_HAL_Driver/Src/stm32f4xx_hal.o
                0x20000004                uwTickPrio
 .data.uwTickFreq
                0x20000008        0x1 ./Drivers/STM32F4xx_HAL_Driver/Src/stm32f4xx_hal.o
                0x20000008                uwTickFreq
 *fill*         0x20000009        0x3 
 .data.USBD_CDC_DeviceQualifierDesc
                0x2000000c        0xa ./Middlewares/ST/STM32_USB_Device_Library/Class/CDC/Src/usbd_cdc.o
 *fill*         0x20000016        0x2 
 .data.USBD_CDC
                0x20000018       0x38 ./Middlewares/ST/STM32_USB_Device_Library/Class/CDC/Src/usbd_cdc.o
                0x20000018                USBD_CDC
 .data.USBD_CDC_CfgDesc
                0x20000050       0x43 ./Middlewares/ST/STM32_USB_Device_Library/Class/CDC/Src/usbd_cdc.o
 .data.CDCInEpAdd
                0x20000093        0x1 ./Middlewares/ST/STM32_USB_Device_Library/Class/CDC/Src/usbd_cdc.o
 .data.CDCOutEpAdd
                0x20000094        0x1 ./Middlewares/ST/STM32_USB_Device_Library/Class/CDC/Src/usbd_cdc.o
 .data.CDCCmdEpAdd
                0x20000095        0x1 ./Middlewares/ST/STM32_USB_Device_Library/Class/CDC/Src/usbd_cdc.o
 *fill*         0x20000096        0x2 
 .data.USBD_Interface_fops_FS
                0x20000098       0x14 ./USB_DEVICE/App/usbd_cdc_if.o
                0x20000098                USBD_Interface_fops_FS
 .data.FS_Desc  0x200000ac       0x1c ./USB_DEVICE/App/usbd_desc.o
                0x200000ac                FS_Desc
 .data.USBD_FS_DeviceDesc
                0x200000c8       0x12 ./USB_DEVICE/App/usbd_desc.o
                0x200000c8                USBD_FS_DeviceDesc
 *fill*         0x200000da        0x2 
 .data.USBD_LangIDDesc
                0x200000dc        0x4 ./USB_DEVICE/App/usbd_desc.o
                0x200000dc                USBD_LangIDDesc
 .data.USBD_StringSerial
                0x200000e0       0x1a ./USB_DEVICE/App/usbd_desc.o
                0x200000e0                USBD_StringSerial
 *fill*         0x200000fa        0x2 
 .data._impure_ptr
                0x200000fc        0x4 /opt/st/stm32cubeide_1.15.1/plugins/com.st.stm32cube.ide.mcu.externaltools.gnu-tools-for-stm32.12.3.rel1.linux64_1.0.100.202403111256/tools/bin/../lib/gcc/arm-none-eabi/12.3.1/../../../../arm-none-eabi/lib/thumb/v7e-m+fp/hard/libc_nano.a(libc_a-impure.o)
                0x200000fc                _impure_ptr
 .data._impure_data
                0x20000100       0x4c /opt/st/stm32cubeide_1.15.1/plugins/com.st.stm32cube.ide.mcu.externaltools.gnu-tools-for-stm32.12.3.rel1.linux64_1.0.100.202403111256/tools/bin/../lib/gcc/arm-none-eabi/12.3.1/../../../../arm-none-eabi/lib/thumb/v7e-m+fp/hard/libc_nano.a(libc_a-impure.o)
                0x20000100                _impure_data
 *(.RamFunc)
 *(.RamFunc*)
                0x2000014c                        . = ALIGN (0x4)
                0x2000014c                        _edata = .
                0x0800bdb8                        _siccmram = LOADADDR (.ccmram)

.igot.plt       0x2000014c        0x0 load address 0x0800bdb8
 .igot.plt      0x2000014c        0x0 /opt/st/stm32cubeide_1.15.1/plugins/com.st.stm32cube.ide.mcu.externaltools.gnu-tools-for-stm32.12.3.rel1.linux64_1.0.100.202403111256/tools/bin/../lib/gcc/arm-none-eabi/12.3.1/thumb/v7e-m+fp/hard/crtbegin.o

.ccmram         0x10000000        0x0 load address 0x0800bdb8
                0x10000000                        . = ALIGN (0x4)
                0x10000000                        _sccmram = .
 *(.ccmram)
 *(.ccmram*)
                0x10000000                        . = ALIGN (0x4)
                0x10000000                        _eccmram = .
                0x10000000                        . = ALIGN (0x4)

.bss            0x2000014c     0x2010
                0x2000014c                        _sbss = .
                0x2000014c                        __bss_start__ = _sbss
 *(.bss)
 .bss           0x2000014c       0x1c /opt/st/stm32cubeide_1.15.1/plugins/com.st.stm32cube.ide.mcu.externaltools.gnu-tools-for-stm32.12.3.rel1.linux64_1.0.100.202403111256/tools/bin/../lib/gcc/arm-none-eabi/12.3.1/thumb/v7e-m+fp/hard/crtbegin.o
 *(.bss*)
 .bss.hi2s3     0x20000168       0x48 ./Core/Src/i2s.o
                0x20000168                hi2s3
 .bss.huart_lora
                0x200001b0        0x4 ./Core/Src/lora.o
 .bss.M0_Port   0x200001b4        0x4 ./Core/Src/lora.o
 .bss.M0_Pin    0x200001b8        0x2 ./Core/Src/lora.o
 *fill*         0x200001ba        0x2 
 .bss.M1_Port   0x200001bc        0x4 ./Core/Src/lora.o
 .bss.M1_Pin    0x200001c0        0x2 ./Core/Src/lora.o
 *fill*         0x200001c2        0x2 
 .bss.received_data
                0x200001c4       0x1a ./Core/Src/lora.o
 .bss.rx_state  0x200001de        0x1 ./Core/Src/lora.o
 *fill*         0x200001df        0x1 
 .bss.rx_packet
                0x200001e0        0x8 ./Core/Src/lora.o
 .bss.rx_byte   0x200001e8        0x1 ./Core/Src/lora.o
 .bss.rx_count  0x200001e9        0x1 ./Core/Src/lora.o
 .bss.packet_ready
                0x200001ea        0x1 ./Core/Src/lora.o
 *fill*         0x200001eb        0x1 
 .bss.lora_data
                0x200001ec       0x1a ./Core/Src/main.o
                0x200001ec                lora_data
 .bss.usb_counter.1
                0x20000206        0x1 ./Core/Src/main.o
 *fill*         0x20000207        0x1 
 .bss.last_pwm_send.0
                0x20000208        0x4 ./Core/Src/main.o
 .bss.pwm_duty  0x2000020c       0x14 ./Core/Src/pwm.o
 .bss.hspi1     0x20000220       0x58 ./Core/Src/spi.o
                0x20000220                hspi1
 .bss.htim1     0x20000278       0x48 ./Core/Src/tim.o
                0x20000278                htim1
 .bss.htim2     0x200002c0       0x48 ./Core/Src/tim.o
                0x200002c0                htim2
 .bss.htim3     0x20000308       0x48 ./Core/Src/tim.o
                0x20000308                htim3
 .bss.htim4     0x20000350       0x48 ./Core/Src/tim.o
                0x20000350                htim4
 .bss.htim8     0x20000398       0x48 ./Core/Src/tim.o
                0x20000398                htim8
 .bss.huart1    0x200003e0       0x48 ./Core/Src/usart.o
                0x200003e0                huart1
 .bss.uwTick    0x20000428        0x4 ./Drivers/STM32F4xx_HAL_Driver/Src/stm32f4xx_hal.o
                0x20000428                uwTick
 .bss.cfgidx.0  0x2000042c        0x1 ./Middlewares/ST/STM32_USB_Device_Library/Core/Src/usbd_ctlreq.o
 *fill*         0x2000042d        0x3 
 .bss.hUsbDeviceFS
                0x20000430      0x2dc ./USB_DEVICE/App/usb_device.o
                0x20000430                hUsbDeviceFS
 .bss.UserRxBufferFS
                0x2000070c      0x800 ./USB_DEVICE/App/usbd_cdc_if.o
                0x2000070c                UserRxBufferFS
 .bss.UserTxBufferFS
                0x20000f0c      0x800 ./USB_DEVICE/App/usbd_cdc_if.o
                0x20000f0c                UserTxBufferFS
 .bss.USBD_StrDesc
                0x2000170c      0x200 ./USB_DEVICE/App/usbd_desc.o
                0x2000170c                USBD_StrDesc
 .bss.hpcd_USB_OTG_FS
                0x2000190c      0x4e4 ./USB_DEVICE/Target/usbd_conf.o
                0x2000190c                hpcd_USB_OTG_FS
 .bss.mem.0     0x20001df0      0x220 ./USB_DEVICE/Target/usbd_conf.o
 .bss.__sf      0x20002010      0x138 /opt/st/stm32cubeide_1.15.1/plugins/com.st.stm32cube.ide.mcu.externaltools.gnu-tools-for-stm32.12.3.rel1.linux64_1.0.100.202403111256/tools/bin/../lib/gcc/arm-none-eabi/12.3.1/../../../../arm-none-eabi/lib/thumb/v7e-m+fp/hard/libc_nano.a(libc_a-findfp.o)
                0x20002010                __sf
 .bss.errno     0x20002148        0x4 /opt/st/stm32cubeide_1.15.1/plugins/com.st.stm32cube.ide.mcu.externaltools.gnu-tools-for-stm32.12.3.rel1.linux64_1.0.100.202403111256/tools/bin/../lib/gcc/arm-none-eabi/12.3.1/../../../../arm-none-eabi/lib/thumb/v7e-m+fp/hard/libc_nano.a(libc_a-reent.o)
                0x20002148                errno
 .bss.__lock___malloc_recursive_mutex
                0x2000214c        0x1 /opt/st/stm32cubeide_1.15.1/plugins/com.st.stm32cube.ide.mcu.externaltools.gnu-tools-for-stm32.12.3.rel1.linux64_1.0.100.202403111256/tools/bin/../lib/gcc/arm-none-eabi/12.3.1/../../../../arm-none-eabi/lib/thumb/v7e-m+fp/hard/libc_nano.a(libc_a-lock.o)
                0x2000214c                __lock___malloc_recursive_mutex
 *fill*         0x2000214d        0x3 
 .bss.__malloc_sbrk_start
                0x20002150        0x4 /opt/st/stm32cubeide_1.15.1/plugins/com.st.stm32cube.ide.mcu.externaltools.gnu-tools-for-stm32.12.3.rel1.linux64_1.0.100.202403111256/tools/bin/../lib/gcc/arm-none-eabi/12.3.1/../../../../arm-none-eabi/lib/thumb/v7e-m+fp/hard/libc_nano.a(libc_a-mallocr.o)
                0x20002150                __malloc_sbrk_start
 .bss.__malloc_free_list
                0x20002154        0x4 /opt/st/stm32cubeide_1.15.1/plugins/com.st.stm32cube.ide.mcu.externaltools.gnu-tools-for-stm32.12.3.rel1.linux64_1.0.100.202403111256/tools/bin/../lib/gcc/arm-none-eabi/12.3.1/../../../../arm-none-eabi/lib/thumb/v7e-m+fp/hard/libc_nano.a(libc_a-mallocr.o)
                0x20002154                __malloc_free_list
 .bss.heap_end.0
                0x20002158        0x4 /opt/st/stm32cubeide_1.15.1/plugins/com.st.stm32cube.ide.mcu.externaltools.gnu-tools-for-stm32.12.3.rel1.linux64_1.0.100.202403111256/tools/bin/../lib/gcc/arm-none-eabi/12.3.1/../../../../arm-none-eabi/lib/thumb/v7e-m+fp/hard/libnosys.a(sbrk.o)
 *(COMMON)
                0x2000215c                        . = ALIGN (0x4)
                0x2000215c                        _ebss = .
                0x2000215c                        __bss_end__ = _ebss

._user_heap_stack
                0x2000215c      0x604
                0x20002160                        . = ALIGN (0x8)
 *fill*         0x2000215c        0x4 
                0x20002160                        PROVIDE (end = .)
                [!provide]                        PROVIDE (_end = .)
                0x20002360                        . = (. + _Min_Heap_Size)
 *fill*         0x20002160      0x200 
                0x20002760                        . = (. + _Min_Stack_Size)
 *fill*         0x20002360      0x400 
                0x20002760                        . = ALIGN (0x8)

/DISCARD/
 libc.a(*)
 libm.a(*)
 libgcc.a(*)

.ARM.attributes
                0x00000000       0x30
 *(.ARM.attributes)
 .ARM.attributes
                0x00000000       0x22 /opt/st/stm32cubeide_1.15.1/plugins/com.st.stm32cube.ide.mcu.externaltools.gnu-tools-for-stm32.12.3.rel1.linux64_1.0.100.202403111256/tools/bin/../lib/gcc/arm-none-eabi/12.3.1/thumb/v7e-m+fp/hard/crti.o
 .ARM.attributes
                0x00000022       0x34 /opt/st/stm32cubeide_1.15.1/plugins/com.st.stm32cube.ide.mcu.externaltools.gnu-tools-for-stm32.12.3.rel1.linux64_1.0.100.202403111256/tools/bin/../lib/gcc/arm-none-eabi/12.3.1/thumb/v7e-m+fp/hard/crtbegin.o
 .ARM.attributes
                0x00000056       0x34 ./Core/Src/control.o
 .ARM.attributes
                0x0000008a       0x34 ./Core/Src/gpio.o
 .ARM.attributes
                0x000000be       0x34 ./Core/Src/i2s.o
 .ARM.attributes
                0x000000f2       0x34 ./Core/Src/lora.o
 .ARM.attributes
                0x00000126       0x34 ./Core/Src/main.o
 .ARM.attributes
                0x0000015a       0x34 ./Core/Src/pwm.o
 .ARM.attributes
                0x0000018e       0x34 ./Core/Src/spi.o
 .ARM.attributes
                0x000001c2       0x34 ./Core/Src/stm32f4xx_hal_msp.o
 .ARM.attributes
                0x000001f6       0x34 ./Core/Src/stm32f4xx_it.o
 .ARM.attributes
                0x0000022a       0x34 ./Core/Src/system_stm32f4xx.o
 .ARM.attributes
                0x0000025e       0x34 ./Core/Src/tim.o
 .ARM.attributes
                0x00000292       0x34 ./Core/Src/usart.o
 .ARM.attributes
                0x000002c6       0x21 ./Core/Startup/startup_stm32f407vgtx.o
 .ARM.attributes
                0x000002e7       0x34 ./Drivers/STM32F4xx_HAL_Driver/Src/stm32f4xx_hal.o
 .ARM.attributes
                0x0000031b       0x34 ./Drivers/STM32F4xx_HAL_Driver/Src/stm32f4xx_hal_cortex.o
 .ARM.attributes
                0x0000034f       0x34 ./Drivers/STM32F4xx_HAL_Driver/Src/stm32f4xx_hal_dma.o
 .ARM.attributes
                0x00000383       0x34 ./Drivers/STM32F4xx_HAL_Driver/Src/stm32f4xx_hal_gpio.o
 .ARM.attributes
                0x000003b7       0x34 ./Drivers/STM32F4xx_HAL_Driver/Src/stm32f4xx_hal_i2s.o
 .ARM.attributes
                0x000003eb       0x34 ./Drivers/STM32F4xx_HAL_Driver/Src/stm32f4xx_hal_i2s_ex.o
 .ARM.attributes
                0x0000041f       0x34 ./Drivers/STM32F4xx_HAL_Driver/Src/stm32f4xx_hal_pcd.o
 .ARM.attributes
                0x00000453       0x34 ./Drivers/STM32F4xx_HAL_Driver/Src/stm32f4xx_hal_pcd_ex.o
 .ARM.attributes
                0x00000487       0x34 ./Drivers/STM32F4xx_HAL_Driver/Src/stm32f4xx_hal_rcc.o
 .ARM.attributes
                0x000004bb       0x34 ./Drivers/STM32F4xx_HAL_Driver/Src/stm32f4xx_hal_rcc_ex.o
 .ARM.attributes
                0x000004ef       0x34 ./Drivers/STM32F4xx_HAL_Driver/Src/stm32f4xx_hal_spi.o
 .ARM.attributes
                0x00000523       0x34 ./Drivers/STM32F4xx_HAL_Driver/Src/stm32f4xx_hal_tim.o
 .ARM.attributes
                0x00000557       0x34 ./Drivers/STM32F4xx_HAL_Driver/Src/stm32f4xx_hal_uart.o
 .ARM.attributes
                0x0000058b       0x34 ./Drivers/STM32F4xx_HAL_Driver/Src/stm32f4xx_ll_usb.o
 .ARM.attributes
                0x000005bf       0x34 ./Middlewares/ST/STM32_USB_Device_Library/Class/CDC/Src/usbd_cdc.o
 .ARM.attributes
                0x000005f3       0x34 ./Middlewares/ST/STM32_USB_Device_Library/Core/Src/usbd_core.o
 .ARM.attributes
                0x00000627       0x34 ./Middlewares/ST/STM32_USB_Device_Library/Core/Src/usbd_ctlreq.o
 .ARM.attributes
                0x0000065b       0x34 ./Middlewares/ST/STM32_USB_Device_Library/Core/Src/usbd_ioreq.o
 .ARM.attributes
                0x0000068f       0x34 ./USB_DEVICE/App/usb_device.o
 .ARM.attributes
                0x000006c3       0x34 ./USB_DEVICE/App/usbd_cdc_if.o
 .ARM.attributes
                0x000006f7       0x34 ./USB_DEVICE/App/usbd_desc.o
 .ARM.attributes
                0x0000072b       0x34 ./USB_DEVICE/Target/usbd_conf.o
 .ARM.attributes
                0x0000075f       0x34 /opt/st/stm32cubeide_1.15.1/plugins/com.st.stm32cube.ide.mcu.externaltools.gnu-tools-for-stm32.12.3.rel1.linux64_1.0.100.202403111256/tools/bin/../lib/gcc/arm-none-eabi/12.3.1/../../../../arm-none-eabi/lib/thumb/v7e-m+fp/hard/libc_nano.a(libc_a-findfp.o)
 .ARM.attributes
                0x00000793       0x34 /opt/st/stm32cubeide_1.15.1/plugins/com.st.stm32cube.ide.mcu.externaltools.gnu-tools-for-stm32.12.3.rel1.linux64_1.0.100.202403111256/tools/bin/../lib/gcc/arm-none-eabi/12.3.1/../../../../arm-none-eabi/lib/thumb/v7e-m+fp/hard/libc_nano.a(libc_a-snprintf.o)
 .ARM.attributes
                0x000007c7       0x34 /opt/st/stm32cubeide_1.15.1/plugins/com.st.stm32cube.ide.mcu.externaltools.gnu-tools-for-stm32.12.3.rel1.linux64_1.0.100.202403111256/tools/bin/../lib/gcc/arm-none-eabi/12.3.1/../../../../arm-none-eabi/lib/thumb/v7e-m+fp/hard/libc_nano.a(libc_a-memset.o)
 .ARM.attributes
                0x000007fb       0x34 /opt/st/stm32cubeide_1.15.1/plugins/com.st.stm32cube.ide.mcu.externaltools.gnu-tools-for-stm32.12.3.rel1.linux64_1.0.100.202403111256/tools/bin/../lib/gcc/arm-none-eabi/12.3.1/../../../../arm-none-eabi/lib/thumb/v7e-m+fp/hard/libc_nano.a(libc_a-reent.o)
 .ARM.attributes
                0x0000082f       0x34 /opt/st/stm32cubeide_1.15.1/plugins/com.st.stm32cube.ide.mcu.externaltools.gnu-tools-for-stm32.12.3.rel1.linux64_1.0.100.202403111256/tools/bin/../lib/gcc/arm-none-eabi/12.3.1/../../../../arm-none-eabi/lib/thumb/v7e-m+fp/hard/libc_nano.a(libc_a-impure.o)
 .ARM.attributes
                0x00000863       0x34 /opt/st/stm32cubeide_1.15.1/plugins/com.st.stm32cube.ide.mcu.externaltools.gnu-tools-for-stm32.12.3.rel1.linux64_1.0.100.202403111256/tools/bin/../lib/gcc/arm-none-eabi/12.3.1/../../../../arm-none-eabi/lib/thumb/v7e-m+fp/hard/libc_nano.a(libc_a-init.o)
 .ARM.attributes
                0x00000897       0x34 /opt/st/stm32cubeide_1.15.1/plugins/com.st.stm32cube.ide.mcu.externaltools.gnu-tools-for-stm32.12.3.rel1.linux64_1.0.100.202403111256/tools/bin/../lib/gcc/arm-none-eabi/12.3.1/../../../../arm-none-eabi/lib/thumb/v7e-m+fp/hard/libc_nano.a(libc_a-lock.o)
 .ARM.attributes
                0x000008cb       0x34 /opt/st/stm32cubeide_1.15.1/plugins/com.st.stm32cube.ide.mcu.externaltools.gnu-tools-for-stm32.12.3.rel1.linux64_1.0.100.202403111256/tools/bin/../lib/gcc/arm-none-eabi/12.3.1/../../../../arm-none-eabi/lib/thumb/v7e-m+fp/hard/libc_nano.a(libc_a-memcpy-stub.o)
 .ARM.attributes
                0x000008ff       0x17 /opt/st/stm32cubeide_1.15.1/plugins/com.st.stm32cube.ide.mcu.externaltools.gnu-tools-for-stm32.12.3.rel1.linux64_1.0.100.202403111256/tools/bin/../lib/gcc/arm-none-eabi/12.3.1/../../../../arm-none-eabi/lib/thumb/v7e-m+fp/hard/libc_nano.a(libc_a-strlen.o)
 .ARM.attributes
                0x00000916       0x34 /opt/st/stm32cubeide_1.15.1/plugins/com.st.stm32cube.ide.mcu.externaltools.gnu-tools-for-stm32.12.3.rel1.linux64_1.0.100.202403111256/tools/bin/../lib/gcc/arm-none-eabi/12.3.1/../../../../arm-none-eabi/lib/thumb/v7e-m+fp/hard/libc_nano.a(libc_a-freer.o)
 .ARM.attributes
                0x0000094a       0x34 /opt/st/stm32cubeide_1.15.1/plugins/com.st.stm32cube.ide.mcu.externaltools.gnu-tools-for-stm32.12.3.rel1.linux64_1.0.100.202403111256/tools/bin/../lib/gcc/arm-none-eabi/12.3.1/../../../../arm-none-eabi/lib/thumb/v7e-m+fp/hard/libc_nano.a(libc_a-mallocr.o)
 .ARM.attributes
                0x0000097e       0x34 /opt/st/stm32cubeide_1.15.1/plugins/com.st.stm32cube.ide.mcu.externaltools.gnu-tools-for-stm32.12.3.rel1.linux64_1.0.100.202403111256/tools/bin/../lib/gcc/arm-none-eabi/12.3.1/../../../../arm-none-eabi/lib/thumb/v7e-m+fp/hard/libc_nano.a(libc_a-mlock.o)
 .ARM.attributes
                0x000009b2       0x34 /opt/st/stm32cubeide_1.15.1/plugins/com.st.stm32cube.ide.mcu.externaltools.gnu-tools-for-stm32.12.3.rel1.linux64_1.0.100.202403111256/tools/bin/../lib/gcc/arm-none-eabi/12.3.1/../../../../arm-none-eabi/lib/thumb/v7e-m+fp/hard/libc_nano.a(libc_a-nano-svfprintf.o)
 .ARM.attributes
                0x000009e6       0x34 /opt/st/stm32cubeide_1.15.1/plugins/com.st.stm32cube.ide.mcu.externaltools.gnu-tools-for-stm32.12.3.rel1.linux64_1.0.100.202403111256/tools/bin/../lib/gcc/arm-none-eabi/12.3.1/../../../../arm-none-eabi/lib/thumb/v7e-m+fp/hard/libc_nano.a(libc_a-nano-vfprintf_i.o)
 .ARM.attributes
                0x00000a1a       0x34 /opt/st/stm32cubeide_1.15.1/plugins/com.st.stm32cube.ide.mcu.externaltools.gnu-tools-for-stm32.12.3.rel1.linux64_1.0.100.202403111256/tools/bin/../lib/gcc/arm-none-eabi/12.3.1/../../../../arm-none-eabi/lib/thumb/v7e-m+fp/hard/libc_nano.a(libc_a-memmove.o)
 .ARM.attributes
                0x00000a4e       0x34 /opt/st/stm32cubeide_1.15.1/plugins/com.st.stm32cube.ide.mcu.externaltools.gnu-tools-for-stm32.12.3.rel1.linux64_1.0.100.202403111256/tools/bin/../lib/gcc/arm-none-eabi/12.3.1/../../../../arm-none-eabi/lib/thumb/v7e-m+fp/hard/libc_nano.a(libc_a-sbrkr.o)
 .ARM.attributes
                0x00000a82       0x1c /opt/st/stm32cubeide_1.15.1/plugins/com.st.stm32cube.ide.mcu.externaltools.gnu-tools-for-stm32.12.3.rel1.linux64_1.0.100.202403111256/tools/bin/../lib/gcc/arm-none-eabi/12.3.1/../../../../arm-none-eabi/lib/thumb/v7e-m+fp/hard/libc_nano.a(libc_a-memchr.o)
 .ARM.attributes
                0x00000a9e       0x34 /opt/st/stm32cubeide_1.15.1/plugins/com.st.stm32cube.ide.mcu.externaltools.gnu-tools-for-stm32.12.3.rel1.linux64_1.0.100.202403111256/tools/bin/../lib/gcc/arm-none-eabi/12.3.1/../../../../arm-none-eabi/lib/thumb/v7e-m+fp/hard/libc_nano.a(libc_a-reallocr.o)
 .ARM.attributes
                0x00000ad2       0x34 /opt/st/stm32cubeide_1.15.1/plugins/com.st.stm32cube.ide.mcu.externaltools.gnu-tools-for-stm32.12.3.rel1.linux64_1.0.100.202403111256/tools/bin/../lib/gcc/arm-none-eabi/12.3.1/../../../../arm-none-eabi/lib/thumb/v7e-m+fp/hard/libc_nano.a(libc_a-msizer.o)
 .ARM.attributes
                0x00000b06       0x22 /opt/st/stm32cubeide_1.15.1/plugins/com.st.stm32cube.ide.mcu.externaltools.gnu-tools-for-stm32.12.3.rel1.linux64_1.0.100.202403111256/tools/bin/../lib/gcc/arm-none-eabi/12.3.1/thumb/v7e-m+fp/hard/libgcc.a(_aeabi_uldivmod.o)
 .ARM.attributes
                0x00000b28       0x34 /opt/st/stm32cubeide_1.15.1/plugins/com.st.stm32cube.ide.mcu.externaltools.gnu-tools-for-stm32.12.3.rel1.linux64_1.0.100.202403111256/tools/bin/../lib/gcc/arm-none-eabi/12.3.1/thumb/v7e-m+fp/hard/libgcc.a(_udivmoddi4.o)
 .ARM.attributes
                0x00000b5c       0x22 /opt/st/stm32cubeide_1.15.1/plugins/com.st.stm32cube.ide.mcu.externaltools.gnu-tools-for-stm32.12.3.rel1.linux64_1.0.100.202403111256/tools/bin/../lib/gcc/arm-none-eabi/12.3.1/thumb/v7e-m+fp/hard/libgcc.a(_dvmd_tls.o)
 .ARM.attributes
                0x00000b7e       0x34 /opt/st/stm32cubeide_1.15.1/plugins/com.st.stm32cube.ide.mcu.externaltools.gnu-tools-for-stm32.12.3.rel1.linux64_1.0.100.202403111256/tools/bin/../lib/gcc/arm-none-eabi/12.3.1/../../../../arm-none-eabi/lib/thumb/v7e-m+fp/hard/libnosys.a(sbrk.o)
 .ARM.attributes
                0x00000bb2       0x22 /opt/st/stm32cubeide_1.15.1/plugins/com.st.stm32cube.ide.mcu.externaltools.gnu-tools-for-stm32.12.3.rel1.linux64_1.0.100.202403111256/tools/bin/../lib/gcc/arm-none-eabi/12.3.1/thumb/v7e-m+fp/hard/crtn.o
OUTPUT(control_demoliiton_robot.elf elf32-littlearm)
LOAD linker stubs
LOAD /opt/st/stm32cubeide_1.15.1/plugins/com.st.stm32cube.ide.mcu.externaltools.gnu-tools-for-stm32.12.3.rel1.linux64_1.0.100.202403111256/tools/bin/../lib/gcc/arm-none-eabi/12.3.1/../../../../arm-none-eabi/lib/thumb/v7e-m+fp/hard/libc.a
LOAD /opt/st/stm32cubeide_1.15.1/plugins/com.st.stm32cube.ide.mcu.externaltools.gnu-tools-for-stm32.12.3.rel1.linux64_1.0.100.202403111256/tools/bin/../lib/gcc/arm-none-eabi/12.3.1/../../../../arm-none-eabi/lib/thumb/v7e-m+fp/hard/libm.a
LOAD /opt/st/stm32cubeide_1.15.1/plugins/com.st.stm32cube.ide.mcu.externaltools.gnu-tools-for-stm32.12.3.rel1.linux64_1.0.100.202403111256/tools/bin/../lib/gcc/arm-none-eabi/12.3.1/thumb/v7e-m+fp/hard/libgcc.a

.debug_info     0x00000000    0x1c7d2
 .debug_info    0x00000000      0x4e7 ./Core/Src/control.o
 .debug_info    0x000004e7      0x459 ./Core/Src/gpio.o
 .debug_info    0x00000940      0xa26 ./Core/Src/i2s.o
 .debug_info    0x00001366      0xb27 ./Core/Src/lora.o
 .debug_info    0x00001e8d      0xf7b ./Core/Src/main.o
 .debug_info    0x00002e08      0xe1b ./Core/Src/pwm.o
 .debug_info    0x00003c23      0x94d ./Core/Src/spi.o
 .debug_info    0x00004570      0x27c ./Core/Src/stm32f4xx_hal_msp.o
 .debug_info    0x000047ec      0xad6 ./Core/Src/stm32f4xx_it.o
 .debug_info    0x000052c2      0x512 ./Core/Src/system_stm32f4xx.o
 .debug_info    0x000057d4      0xf2d ./Core/Src/tim.o
 .debug_info    0x00006701      0xb8d ./Core/Src/usart.o
 .debug_info    0x0000728e       0x30 ./Core/Startup/startup_stm32f407vgtx.o
 .debug_info    0x000072be      0x944 ./Drivers/STM32F4xx_HAL_Driver/Src/stm32f4xx_hal.o
 .debug_info    0x00007c02      0xd8c ./Drivers/STM32F4xx_HAL_Driver/Src/stm32f4xx_hal_cortex.o
 .debug_info    0x0000898e      0x8e7 ./Drivers/STM32F4xx_HAL_Driver/Src/stm32f4xx_hal_dma.o
 .debug_info    0x00009275      0x6c3 ./Drivers/STM32F4xx_HAL_Driver/Src/stm32f4xx_hal_gpio.o
 .debug_info    0x00009938      0xe02 ./Drivers/STM32F4xx_HAL_Driver/Src/stm32f4xx_hal_i2s.o
 .debug_info    0x0000a73a      0xaae ./Drivers/STM32F4xx_HAL_Driver/Src/stm32f4xx_hal_i2s_ex.o
 .debug_info    0x0000b1e8     0x156f ./Drivers/STM32F4xx_HAL_Driver/Src/stm32f4xx_hal_pcd.o
 .debug_info    0x0000c757      0x6ea ./Drivers/STM32F4xx_HAL_Driver/Src/stm32f4xx_hal_pcd_ex.o
 .debug_info    0x0000ce41      0x8c3 ./Drivers/STM32F4xx_HAL_Driver/Src/stm32f4xx_hal_rcc.o
 .debug_info    0x0000d704      0x536 ./Drivers/STM32F4xx_HAL_Driver/Src/stm32f4xx_hal_rcc_ex.o
 .debug_info    0x0000dc3a     0x1525 ./Drivers/STM32F4xx_HAL_Driver/Src/stm32f4xx_hal_spi.o