../Core/Src/lora.c:62:16:LoRa_CalculateChecksum	24	static
../Core/Src/lora.c:77:13:LoRa_SetMode	16	static
../Core/Src/lora.c:109:6:LoRa_Receiver_Init	24	static
../Core/Src/lora.c:137:6:LoRa_Receiver_Configure	24	static
../Core/Src/lora.c:191:6:LoRa_Receiver_StartListening	8	static
../Core/Src/lora.c:204:6:LoRa_Receiver_IsDataAvailable	4	static
../Core/Src/lora.c:214:6:LoRa_Receiver_GetData	16	static
../Core/Src/lora.c:236:6:LoRa_Receiver_IRQHandler	16	static
../Core/Src/lora.c:310:13:LoRa_ParseBinaryPacket	16	static
