../Core/Src/lora.c:61:16:LoRa_CalculateChecksum	24	static
../Core/Src/lora.c:76:13:LoRa_SetMode	16	static
../Core/Src/lora.c:108:6:LoRa_Receiver_Init	24	static
../Core/Src/lora.c:136:6:LoRa_Receiver_Configure	24	static
../Core/Src/lora.c:190:6:LoRa_Receiver_StartListening	8	static
../Core/Src/lora.c:203:6:LoRa_Receiver_IsDataAvailable	4	static
../Core/Src/lora.c:213:6:LoRa_Receiver_GetData	16	static
../Core/Src/lora.c:235:6:LoRa_Receiver_IRQHandler	8	static
../Core/Src/lora.c:296:13:LoRa_ParseBinaryPacket	16	static
