../Core/Src/pwm.c:59:6:PWM_Init	8	static
../Core/Src/pwm.c:79:13:PWM_ConfigureGPIO	4	static
../Core/Src/pwm.c:144:13:PWM_TIM1_Init	4	static
../Core/Src/pwm.c:185:13:PWM_TIM2_Init	4	static
../Core/Src/pwm.c:223:13:PWM_TIM3_Init	4	static
../Core/Src/pwm.c:261:13:PWM_TIM4_Init	4	static
../Core/Src/pwm.c:299:13:PWM_TIM8_Init	4	static
../Core/Src/pwm.c:343:6:PWM_SetDutyCycle	24	static
../Core/Src/pwm.c:396:9:PWM_GetDutyCycle	16	static
../Core/Src/pwm.c:407:6:PWM_Stop	16	static
../Core/Src/pwm.c:416:6:PWM_StopAll	16	static
