2025-12-26 08:38:26,569 [INFO] Activator:176 - 


2025-12-26 08:38:26,573 [INFO] Activator:177 - !SESSION log4j initialized
2025-12-26 08:38:31,470 [INFO] LogOutputStream:77 - [STDOUT_REDIRECT] 
2025-12-26 08:38:33,096 [INFO] ApplicationProperties:184 - Using Application install path: /opt/st/stm32cubeide_1.15.1/plugins/com.st.stm32cube.common.mx_6.11.1.202404110753
2025-12-26 08:38:33,111 [INFO] DbMcusXml:78 - Set database path to: /opt/st/stm32cubeide_1.15.1/plugins/com.st.stm32cube.common.mx_6.11.1.202404110753//db//mcu/
2025-12-26 08:38:33,111 [INFO] ApiDb:274 - Set plugin database path to: /opt/st/stm32cubeide_1.15.1/plugins/com.st.stm32cube.common.mx_6.11.1.202404110753//db//plugins/boardmanager/
2025-12-26 08:38:33,112 [WARN] ApiDb:259 - Overriding images path with different value:  => /opt/st/stm32cubeide_1.15.1/plugins/com.st.stm32cube.common.mx_6.11.1.202404110753//db//plugins/mcufinder/images/
2025-12-26 08:38:33,119 [INFO] ApiDb:250 - Set database path to: /home/achadansori/.stmcufinder/plugins/mcufinder//mcu/
2025-12-26 08:38:33,120 [INFO] DbMcusAds:125 - Set database path to: /home/achadansori/.stmcufinder/plugins/mcufinder//mcu/
2025-12-26 08:38:33,124 [INFO] CrossReferenceDbSqlite:203 - Set database path to: /home/achadansori/.stmcufinder/plugins/mcufinder//mcu/cs/
2025-12-26 08:38:33,225 [INFO] RulesReader:64 - Compatibility file has been processed (297 Rules)
2025-12-26 08:38:33,300 [INFO] DbMcusXml:78 - Set database path to: /opt/st/stm32cubeide_1.15.1/plugins/com.st.stm32cube.common.mx_6.11.1.202404110753//db//mcu/
2025-12-26 08:38:33,301 [INFO] ApiDb:274 - Set plugin database path to: /opt/st/stm32cubeide_1.15.1/plugins/com.st.stm32cube.common.mx_6.11.1.202404110753//db//plugins/boardmanager/
2025-12-26 08:38:33,301 [INFO] ApiDb:261 - Set plugin images path to: /opt/st/stm32cubeide_1.15.1/plugins/com.st.stm32cube.common.mx_6.11.1.202404110753//db//plugins/mcufinder/images/
2025-12-26 08:38:33,301 [WARN] DbFile:41 - Overriding database path with different value: /home/achadansori/.stmcufinder/plugins/mcufinder/ => /home/achadansori/.stmcufinder/plugins/mcufinder
2025-12-26 08:38:33,301 [INFO] ApiDb:250 - Set database path to: /home/achadansori/.stmcufinder/plugins/mcufinder//mcu/
2025-12-26 08:38:33,301 [WARN] DbFile:41 - Overriding database path with different value: /home/achadansori/.stmcufinder/plugins/mcufinder/ => /home/achadansori/.stmcufinder/plugins/mcufinder
2025-12-26 08:38:33,301 [INFO] DbMcusAds:125 - Set database path to: /home/achadansori/.stmcufinder/plugins/mcufinder//mcu/
2025-12-26 08:38:33,301 [WARN] DbFile:41 - Overriding database path with different value: /home/achadansori/.stmcufinder/plugins/mcufinder/ => /home/achadansori/.stmcufinder/plugins/mcufinder
2025-12-26 08:38:33,301 [WARN] DbFile:41 - Overriding database path with different value: /home/achadansori/.stmcufinder/plugins/mcufinder/ => /home/achadansori/.stmcufinder/plugins/mcufinder
2025-12-26 08:38:33,301 [INFO] CrossReferenceDbSqlite:203 - Set database path to: /home/achadansori/.stmcufinder/plugins/mcufinder//mcu/cs/
2025-12-26 08:38:33,379 [INFO] MainPanel:264 - HeapMemory: 268435456
2025-12-26 08:38:33,483 [INFO] DbMcusXml:78 - Set database path to: /opt/st/stm32cubeide_1.15.1/plugins/com.st.stm32cube.common.mx_6.11.1.202404110753//db//mcu/
2025-12-26 08:38:33,483 [INFO] ApiDb:274 - Set plugin database path to: /opt/st/stm32cubeide_1.15.1/plugins/com.st.stm32cube.common.mx_6.11.1.202404110753//db//plugins/boardmanager/
2025-12-26 08:38:33,483 [INFO] ApiDb:261 - Set plugin images path to: /opt/st/stm32cubeide_1.15.1/plugins/com.st.stm32cube.common.mx_6.11.1.202404110753//db//plugins/mcufinder/images/
2025-12-26 08:38:33,484 [WARN] DbFile:41 - Overriding database path with different value: /home/achadansori/.stmcufinder/plugins/mcufinder/ => /home/achadansori/.stmcufinder/plugins/mcufinder
2025-12-26 08:38:33,484 [INFO] ApiDb:250 - Set database path to: /home/achadansori/.stmcufinder/plugins/mcufinder//mcu/
2025-12-26 08:38:33,484 [WARN] DbFile:41 - Overriding database path with different value: /home/achadansori/.stmcufinder/plugins/mcufinder/ => /home/achadansori/.stmcufinder/plugins/mcufinder
2025-12-26 08:38:33,484 [INFO] DbMcusAds:125 - Set database path to: /home/achadansori/.stmcufinder/plugins/mcufinder//mcu/
2025-12-26 08:38:33,484 [WARN] DbFile:41 - Overriding database path with different value: /home/achadansori/.stmcufinder/plugins/mcufinder/ => /home/achadansori/.stmcufinder/plugins/mcufinder
2025-12-26 08:38:33,484 [WARN] DbFile:41 - Overriding database path with different value: /home/achadansori/.stmcufinder/plugins/mcufinder/ => /home/achadansori/.stmcufinder/plugins/mcufinder
2025-12-26 08:38:33,484 [INFO] CrossReferenceDbSqlite:203 - Set database path to: /home/achadansori/.stmcufinder/plugins/mcufinder//mcu/cs/
2025-12-26 08:38:33,501 [INFO] ApplicationProperties:184 - Using Application install path: /opt/st/stm32cubeide_1.15.1/plugins/com.st.stm32cube.common.mx_6.11.1.202404110753
2025-12-26 08:38:33,502 [INFO] PluginManage:196 - Search for loadable plugins [exclusion list=, ]
2025-12-26 08:38:33,503 [INFO] PluginManage:310 - Check plugin analytics
2025-12-26 08:38:33,657 [INFO] AnalyticsPlugin:253 - Accepted Software Licenses: 
2025-12-26 08:38:33,658 [INFO] AnalyticsPlugin:255 - Accepted CMSIS Pack Licenses: 
2025-12-26 08:38:33,659 [INFO] AnalyticsPlugin:257 - Accepted Firmware Licenses: 
2025-12-26 08:38:33,665 [INFO] PluginManage:359 - Loaded plugin analytics (category:tool,tabindex:-1)
2025-12-26 08:38:33,666 [INFO] PluginManage:310 - Check plugin cadmodel
2025-12-26 08:38:33,710 [INFO] CADModel:105 - Init CAD model plugin
2025-12-26 08:38:33,711 [INFO] PluginManage:359 - Loaded plugin cadmodel (category:power,tabindex:5)
2025-12-26 08:38:33,711 [INFO] PluginManage:310 - Check plugin clock
2025-12-26 08:38:33,721 [INFO] PluginManage:359 - Loaded plugin clock (category:base,tabindex:2)
2025-12-26 08:38:33,722 [INFO] PluginManage:310 - Check plugin ddr
2025-12-26 08:38:33,726 [INFO] PluginManage:359 - Loaded plugin ddr (category:tool,tabindex:6)
2025-12-26 08:38:33,727 [INFO] PluginManage:310 - Check plugin filemanager
2025-12-26 08:38:33,855 [INFO] PluginManage:359 - Loaded plugin filemanager (category:base,tabindex:10)
2025-12-26 08:38:33,855 [INFO] PluginManage:310 - Check plugin ipmanager
2025-12-26 08:38:33,863 [INFO] PluginManage:359 - Loaded plugin ipmanager (category:base,tabindex:5)
2025-12-26 08:38:33,863 [INFO] PluginManage:310 - Check plugin lpbam
2025-12-26 08:38:33,871 [INFO] PluginManage:359 - Loaded plugin lpbam (category:base,tabindex:0)
2025-12-26 08:38:33,872 [INFO] PluginManage:310 - Check plugin memorymap
2025-12-26 08:38:33,886 [INFO] PluginManage:359 - Loaded plugin memorymap (category:base,tabindex:4)
2025-12-26 08:38:33,886 [INFO] PluginManage:310 - Check plugin pinoutandconfiguration
2025-12-26 08:38:33,896 [INFO] PluginManage:359 - Loaded plugin pinoutandconfiguration (category:base,tabindex:1)
2025-12-26 08:38:33,896 [INFO] PluginManage:310 - Check plugin pinoutconfig
2025-12-26 08:38:33,967 [WARN] SupportedApi:132 - Cannot load RTOS API schema: s4s-elt-must-match.1: The content of 'definitions' must match (annotation?, (simpleType | complexType)?, (unique | key | keyref)*)). A problem was found starting at: attribute.
2025-12-26 08:38:34,096 [INFO] PluginManage:359 - Loaded plugin pinoutconfig (category:base,tabindex:0)
2025-12-26 08:38:34,097 [INFO] PluginManage:310 - Check plugin power
2025-12-26 08:38:34,110 [INFO] PluginManage:359 - Loaded plugin power (category:power,tabindex:4)
2025-12-26 08:38:34,111 [INFO] PluginManage:310 - Check plugin projectmanager
2025-12-26 08:38:34,132 [INFO] PluginManage:359 - Loaded plugin projectmanager (category:projectmanager,tabindex:3)
2025-12-26 08:38:34,132 [INFO] PluginManage:310 - Check plugin thirdparty
2025-12-26 08:38:34,263 [INFO] PluginManage:359 - Loaded plugin thirdparty (category:base,tabindex:-1)
2025-12-26 08:38:34,263 [WARN] IntegrityCheckThread:84 - waiting for thirdparty lock release [integrity check]
2025-12-26 08:38:34,263 [INFO] PluginManage:310 - Check plugin tools
2025-12-26 08:38:34,263 [INFO] IntegrityCheckThread:86 - entering critical section [integrity check]
2025-12-26 08:38:34,264 [INFO] ThirdPartyUpdaterWithRetryManager:70 - Updater plugin not ready yet. [1/15]
2025-12-26 08:38:34,265 [INFO] PluginManage:359 - Loaded plugin tools (category:base,tabindex:7)
2025-12-26 08:38:34,265 [INFO] PluginManage:310 - Check plugin tutovideos
2025-12-26 08:38:34,392 [INFO] PluginManage:359 - Loaded plugin tutovideos (category:base,tabindex:-1)
2025-12-26 08:38:34,392 [INFO] PluginManage:310 - Check plugin updater
2025-12-26 08:38:34,402 [INFO] PluginManage:359 - Loaded plugin updater (category:base,tabindex:12)
2025-12-26 08:38:34,402 [INFO] PluginManage:310 - Check plugin userauth
2025-12-26 08:38:34,407 [INFO] UserAuth:114 - Init User Auth plugin
2025-12-26 08:38:34,408 [INFO] PluginManage:359 - Loaded plugin userauth (category:base,tabindex:14)
2025-12-26 08:38:34,408 [INFO] PluginManage:283 - PluginManage : Loaded plugins [17]
2025-12-26 08:38:34,603 [INFO] PinOutPanel:1561 - setPackage(No Configuration,No Configuration)
2025-12-26 08:38:34,671 [INFO] CADModel:165 - CPN selected for project level
2025-12-26 08:38:34,672 [INFO] CADModel:114 - Register for checkConnection events
2025-12-26 08:38:34,683 [INFO] IPUIPlugin:80 - create IPUIPlugin
2025-12-26 08:38:34,683 [INFO] PluginManager:220 - loadIPPluginJar : add ltdc
2025-12-26 08:38:34,686 [INFO] IPUIPlugin:80 - create IPUIPlugin
2025-12-26 08:38:34,687 [INFO] PluginManager:220 - loadIPPluginJar : add gtzc
2025-12-26 08:38:34,690 [INFO] IPUIPlugin:80 - create IPUIPlugin
2025-12-26 08:38:34,691 [INFO] PluginManager:220 - loadIPPluginJar : add usbx
2025-12-26 08:38:34,697 [INFO] IPUIPlugin:80 - create IPUIPlugin
2025-12-26 08:38:34,697 [INFO] PluginManager:220 - loadIPPluginJar : add freertos
2025-12-26 08:38:34,698 [INFO] IPUIPlugin:80 - create IPUIPlugin
2025-12-26 08:38:34,698 [INFO] PluginManager:220 - loadIPPluginJar : add hash
2025-12-26 08:38:34,699 [INFO] IPUIPlugin:80 - create IPUIPlugin
2025-12-26 08:38:34,699 [INFO] PluginManager:220 - loadIPPluginJar : add comp
2025-12-26 08:38:34,700 [INFO] IPUIPlugin:80 - create IPUIPlugin
2025-12-26 08:38:34,700 [INFO] PluginManager:220 - loadIPPluginJar : add tsc
2025-12-26 08:38:34,702 [INFO] IPUIPlugin:80 - create IPUIPlugin
2025-12-26 08:38:34,702 [INFO] PluginManager:220 - loadIPPluginJar : add dfsdm
2025-12-26 08:38:34,704 [INFO] IPUIPlugin:80 - create IPUIPlugin
2025-12-26 08:38:34,704 [INFO] PluginManager:220 - loadIPPluginJar : add tim
2025-12-26 08:38:34,705 [INFO] IPUIPlugin:80 - create IPUIPlugin
2025-12-26 08:38:34,705 [INFO] PluginManager:220 - loadIPPluginJar : add genericplugin
2025-12-26 08:38:34,708 [INFO] IPUIPlugin:80 - create IPUIPlugin
2025-12-26 08:38:34,708 [INFO] PluginManager:220 - loadIPPluginJar : add i2c
2025-12-26 08:38:34,711 [INFO] IPUIPlugin:80 - create IPUIPlugin
2025-12-26 08:38:34,711 [INFO] PluginManager:220 - loadIPPluginJar : add ipddr
2025-12-26 08:38:34,713 [INFO] IPUIPlugin:80 - create IPUIPlugin
2025-12-26 08:38:34,714 [INFO] PluginManager:220 - loadIPPluginJar : add usart
2025-12-26 08:38:34,721 [INFO] IPUIPlugin:80 - create IPUIPlugin
2025-12-26 08:38:34,721 [INFO] PluginManager:220 - loadIPPluginJar : add adc
2025-12-26 08:38:34,724 [INFO] IPUIPlugin:80 - create IPUIPlugin
2025-12-26 08:38:34,724 [INFO] PluginManager:220 - loadIPPluginJar : add dma3
2025-12-26 08:38:34,730 [INFO] IPUIPlugin:80 - create IPUIPlugin
2025-12-26 08:38:34,730 [INFO] PluginManager:220 - loadIPPluginJar : add mdma
2025-12-26 08:38:34,735 [INFO] IPUIPlugin:80 - create IPUIPlugin
2025-12-26 08:38:34,735 [INFO] PluginManager:220 - loadIPPluginJar : add linkedlist
2025-12-26 08:38:34,738 [INFO] IPUIPlugin:80 - create IPUIPlugin
2025-12-26 08:38:34,738 [INFO] PluginManager:220 - loadIPPluginJar : add fmc
2025-12-26 08:38:34,739 [INFO] IPUIPlugin:80 - create IPUIPlugin
2025-12-26 08:38:34,740 [INFO] PluginManager:220 - loadIPPluginJar : add ts
2025-12-26 08:38:34,741 [INFO] IPUIPlugin:80 - create IPUIPlugin
2025-12-26 08:38:34,741 [INFO] PluginManager:220 - loadIPPluginJar : add ucpd
2025-12-26 08:38:34,742 [INFO] IPUIPlugin:80 - create IPUIPlugin
2025-12-26 08:38:34,742 [INFO] PluginManager:220 - loadIPPluginJar : add i2s
2025-12-26 08:38:34,744 [INFO] IPUIPlugin:80 - create IPUIPlugin
2025-12-26 08:38:34,744 [INFO] PluginManager:220 - loadIPPluginJar : add opamp
2025-12-26 08:38:34,748 [INFO] IPUIPlugin:80 - create IPUIPlugin
2025-12-26 08:38:34,748 [INFO] PluginManager:220 - loadIPPluginJar : add gic
2025-12-26 08:38:34,749 [INFO] IPUIPlugin:80 - create IPUIPlugin
2025-12-26 08:38:34,749 [INFO] PluginManager:220 - loadIPPluginJar : add quadspi
2025-12-26 08:38:34,753 [INFO] IPUIPlugin:80 - create IPUIPlugin
2025-12-26 08:38:34,754 [INFO] PluginManager:220 - loadIPPluginJar : add gpio
2025-12-26 08:38:34,756 [INFO] IPUIPlugin:80 - create IPUIPlugin
2025-12-26 08:38:34,756 [INFO] PluginManager:220 - loadIPPluginJar : add lorawan
2025-12-26 08:38:34,759 [INFO] IPUIPlugin:80 - create IPUIPlugin
2025-12-26 08:38:34,759 [INFO] PluginManager:220 - loadIPPluginJar : add i3c
2025-12-26 08:38:34,760 [INFO] IPUIPlugin:80 - create IPUIPlugin
2025-12-26 08:38:34,760 [INFO] PluginManager:220 - loadIPPluginJar : add fatfs
2025-12-26 08:38:34,765 [INFO] IPUIPlugin:80 - create IPUIPlugin
2025-12-26 08:38:34,765 [INFO] PluginManager:220 - loadIPPluginJar : add nvic
2025-12-26 08:38:34,768 [INFO] IPUIPlugin:80 - create IPUIPlugin
2025-12-26 08:38:34,768 [INFO] PluginManager:220 - loadIPPluginJar : add sai
2025-12-26 08:38:34,770 [INFO] IPUIPlugin:80 - create IPUIPlugin
2025-12-26 08:38:34,770 [INFO] PluginManager:220 - loadIPPluginJar : add cryp
2025-12-26 08:38:34,773 [INFO] IPUIPlugin:80 - create IPUIPlugin
2025-12-26 08:38:34,773 [INFO] PluginManager:220 - loadIPPluginJar : add touchsensing
2025-12-26 08:38:34,775 [INFO] IPUIPlugin:80 - create IPUIPlugin
2025-12-26 08:38:34,775 [INFO] PluginManager:220 - loadIPPluginJar : add aes
2025-12-26 08:38:34,777 [INFO] IPUIPlugin:80 - create IPUIPlugin
2025-12-26 08:38:34,777 [INFO] PluginManager:220 - loadIPPluginJar : add gfxmmu
2025-12-26 08:38:34,780 [INFO] IPUIPlugin:80 - create IPUIPlugin
2025-12-26 08:38:34,780 [INFO] PluginManager:220 - loadIPPluginJar : add can
2025-12-26 08:38:34,781 [INFO] IPUIPlugin:80 - create IPUIPlugin
2025-12-26 08:38:34,782 [INFO] PluginManager:220 - loadIPPluginJar : add spi
2025-12-26 08:38:34,787 [INFO] IPUIPlugin:80 - create IPUIPlugin
2025-12-26 08:38:34,788 [INFO] PluginManager:220 - loadIPPluginJar : add resmgrutility
2025-12-26 08:38:34,795 [INFO] IPUIPlugin:80 - create IPUIPlugin
2025-12-26 08:38:34,798 [INFO] PluginManager:220 - loadIPPluginJar : add plateformsettings
2025-12-26 08:38:34,804 [INFO] IPUIPlugin:80 - create IPUIPlugin
2025-12-26 08:38:34,804 [INFO] PluginManager:220 - loadIPPluginJar : add stm32_wpan
2025-12-26 08:38:34,807 [INFO] IPUIPlugin:80 - create IPUIPlugin
2025-12-26 08:38:34,808 [INFO] PluginManager:220 - loadIPPluginJar : add extmemmanager
2025-12-26 08:38:34,810 [INFO] IPUIPlugin:80 - create IPUIPlugin
2025-12-26 08:38:34,810 [INFO] PluginManager:220 - loadIPPluginJar : add tracer_emb
2025-12-26 08:38:34,813 [INFO] IPUIPlugin:80 - create IPUIPlugin
2025-12-26 08:38:34,813 [INFO] PluginManager:220 - loadIPPluginJar : add pdm2pcm
2025-12-26 08:38:34,816 [INFO] IPUIPlugin:80 - create IPUIPlugin
2025-12-26 08:38:34,816 [INFO] PluginManager:220 - loadIPPluginJar : add openamp
2025-12-26 08:38:34,822 [INFO] IPUIPlugin:80 - create IPUIPlugin
2025-12-26 08:38:34,822 [INFO] PluginManager:220 - loadIPPluginJar : add dma
2025-12-26 08:38:34,931 [INFO] CADModel:165 - CPN selected for project level
2025-12-26 08:38:34,932 [INFO] CADModel:114 - Register for checkConnection events
2025-12-26 08:38:34,932 [FATAL] Updater:308 - Updater called before beeing initialized
2025-12-26 08:38:34,933 [ERROR] CADModel:125 - Updater not yet initialized, retry later 
2025-12-26 08:38:35,050 [INFO] CADModel:165 - CPN selected for project level
2025-12-26 08:38:35,050 [INFO] CADModel:114 - Register for checkConnection events
2025-12-26 08:38:35,050 [FATAL] Updater:308 - Updater called before beeing initialized
2025-12-26 08:38:35,050 [ERROR] CADModel:125 - Updater not yet initialized, retry later 
2025-12-26 08:38:35,052 [FATAL] Updater:308 - Updater called before beeing initialized
2025-12-26 08:38:35,163 [FATAL] Updater:308 - Updater called before beeing initialized
2025-12-26 08:38:35,167 [INFO] DbMcusAds:53 - JSON generation date=Tue Dec 16 06:11:46 WIB 2025 (1765840306612)
2025-12-26 08:38:35,167 [FATAL] Updater:308 - Updater called before beeing initialized
2025-12-26 08:38:35,194 [WARN] DetailPanel:346 - Failed to get advertising image, set to default
2025-12-26 08:38:35,262 [FATAL] Updater:308 - Updater called before beeing initialized
2025-12-26 08:38:35,264 [FATAL] Updater:308 - Updater called before beeing initialized
2025-12-26 08:38:35,264 [FATAL] Updater:308 - Updater called before beeing initialized
2025-12-26 08:38:35,264 [WARN] DetailPanel:346 - Failed to get advertising image, set to default
2025-12-26 08:38:35,265 [FATAL] Updater:308 - Updater called before beeing initialized
2025-12-26 08:38:35,294 [ERROR] Updater:1120 - MainUpdater not yet initialized. External WinMGr cannot be set.
2025-12-26 08:38:35,298 [INFO] Updater:1056 - Updater Version found : 6.11.1
2025-12-26 08:38:35,321 [INFO] ApplicationProperties:184 - Using Application install path: /opt/st/stm32cubeide_1.15.1/plugins/com.st.stm32cube.common.mx_6.11.1.202404110753
2025-12-26 08:38:36,312 [INFO] MainUpdater:2873 - connection check result : 10
2025-12-26 08:38:36,317 [INFO] MainUpdater:290 - Updater Check For Update Now.
2025-12-26 08:38:36,317 [INFO] MicroXplorer:498 - Change Database Version : DB.6.0.111
2025-12-26 08:38:36,324 [INFO] McuFinderGlobals:63 - Set McuFinder mode to 2 (CubeIDE integrated)
2025-12-26 08:38:36,338 [INFO] UserAuth:415 - Internet connection configuration mode: 1
2025-12-26 08:38:36,364 [INFO] JxBrowserEngine:152 - Initiate JxBrowser Engine with user profile folder
2025-12-26 08:38:36,570 [INFO] CheckServerUpdateThread:120 - End of CheckServer Thread
2025-12-26 08:38:37,841 [WARN] PackLoader:240 - Cannot read IP mode file for STMicroelectronics.FP-SNS-MOTENVWB1.1.4.0
2025-12-26 08:38:37,848 [WARN] PackLoader:240 - Cannot read IP mode file for STMicroelectronics.FP-ATR-ASTRA1.2.0.2
2025-12-26 08:38:37,854 [WARN] PackLoader:240 - Cannot read IP mode file for STMicroelectronics.X-CUBE-SMBUS.2.1.0
2025-12-26 08:38:37,860 [WARN] PackLoader:240 - Cannot read IP mode file for STMicroelectronics.X-CUBE-TOUCHGFX.4.23.2
2025-12-26 08:38:37,903 [WARN] PackLoader:240 - Cannot read IP mode file for STMicroelectronics.X-CUBE-AZRTOS-F7.1.1.0
2025-12-26 08:38:37,996 [WARN] PackLoader:240 - Cannot read IP mode file for STMicroelectronics.X-CUBE-MEMS1.11.0.0
2025-12-26 08:38:38,152 [ERROR] Engine:466 - /home/achadansori/.stm32cubemx/thirdparties/pdsc/STMicroelectronics.FP-SNS-MOTENV1.5.1.0.pdsc: PDSC version is not supported
2025-12-26 08:38:38,156 [WARN] PackLoader:240 - Cannot read IP mode file for STMicroelectronics.FP-SNS-FLIGHT1.5.0.2
2025-12-26 08:38:38,186 [WARN] PackLoader:240 - Cannot read IP mode file for STMicroelectronics.X-CUBE-AZRTOS-H7.3.4.0
2025-12-26 08:38:38,203 [WARN] PackLoader:240 - Cannot read IP mode file for STMicroelectronics.X-CUBE-DISPLAY.3.0.0
2025-12-26 08:38:38,220 [WARN] PackLoader:240 - Cannot read IP mode file for STMicroelectronics.X-CUBE-BLE1.7.0.0
2025-12-26 08:38:38,231 [WARN] PackLoader:240 - Cannot read IP mode file for STMicroelectronics.X-CUBE-NFC10.1.0.0
2025-12-26 08:38:38,236 [ERROR] Engine:466 - /home/achadansori/.stm32cubemx/thirdparties/pdsc/STMicroelectronics.X-CUBE-ST60.1.1.0.pdsc: PDSC version is not supported
2025-12-26 08:38:38,242 [WARN] PackLoader:240 - Cannot read IP mode file for emotas.I-CUBE-CANOPEN.1.3.0
2025-12-26 08:38:38,262 [WARN] PackLoader:240 - Cannot read IP mode file for STMicroelectronics.X-CUBE-GNSS1.7.1.0
2025-12-26 08:38:38,278 [WARN] PackLoader:240 - Cannot read IP mode file for STMicroelectronics.X-CUBE-BLEMGR.3.1.0
2025-12-26 08:38:38,290 [ERROR] Engine:466 - /home/achadansori/.stm32cubemx/thirdparties/pdsc/STMicroelectronics.FP-SNS-STBOX1.2.1.0.pdsc: PDSC version is not supported
2025-12-26 08:38:38,298 [WARN] PackLoader:240 - Cannot read IP mode file for STMicroelectronics.FP-SNS-SMARTAG2.1.2.0
2025-12-26 08:38:38,302 [ERROR] Engine:466 - /home/achadansori/.stm32cubemx/thirdparties/pdsc/STMicroelectronics.FP-SNS-FLIGHT1.5.1.0.pdsc: PDSC version is not supported
2025-12-26 08:38:38,318 [INFO] LogOutputStream:77 - [STDOUT_REDIRECT] 1 : Invalid condition id : UX_CORESTACK_Condition cause : null
2025-12-26 08:38:38,319 [INFO] LogOutputStream:77 - [STDOUT_REDIRECT] 1 : Invalid condition id : UX_CORESTACK_Condition cause : null
2025-12-26 08:38:38,320 [INFO] LogOutputStream:77 - [STDOUT_REDIRECT] 1 : Invalid condition id : UX_CORESTACK_Condition cause : null
2025-12-26 08:38:38,320 [INFO] LogOutputStream:77 - [STDOUT_REDIRECT] 1 : Invalid condition id : UX_CORESTACK_Condition cause : null
2025-12-26 08:38:38,321 [INFO] LogOutputStream:77 - [STDOUT_REDIRECT] 1 : Invalid condition id : UX_CORESTACK_Condition cause : null
2025-12-26 08:38:38,324 [WARN] PackLoader:240 - Cannot read IP mode file for STMicroelectronics.X-CUBE-AZRTOS-WL.2.0.0
2025-12-26 08:38:38,335 [WARN] PackLoader:240 - Cannot read IP mode file for STMicroelectronics.FP-SNS-MOTENV1.5.0.0
2025-12-26 08:38:38,380 [WARN] PackLoader:240 - Cannot read IP mode file for STMicroelectronics.X-CUBE-AZRTOS-H7RS.1.2.0
2025-12-26 08:38:38,404 [WARN] PackLoader:240 - Cannot read IP mode file for WES.I-CUBE-Cesium.1.3.0
2025-12-26 08:38:38,415 [WARN] PackLoader:240 - Cannot read IP mode file for STMicroelectronics.X-CUBE-BLE2.3.3.0
2025-12-26 08:38:38,420 [ERROR] Engine:466 - /home/achadansori/.stm32cubemx/thirdparties/pdsc/Avnet-IOTCONNECT.X-CUBE-iotc-st67-sdk.1.0.0.pdsc: PDSC version is not supported
2025-12-26 08:38:38,430 [WARN] PackLoader:240 - Cannot read IP mode file for STMicroelectronics.X-CUBE-NFC9.1.0.0
2025-12-26 08:38:38,441 [WARN] PackLoader:240 - Cannot read IP mode file for STMicroelectronics.X-CUBE-BLE1.7.1.0
2025-12-26 08:38:38,456 [WARN] PackLoader:240 - Cannot read IP mode file for STMicroelectronics.X-CUBE-TCPP.4.1.0
2025-12-26 08:38:38,463 [ERROR] Engine:466 - /home/achadansori/.stm32cubemx/thirdparties/pdsc/STMicroelectronics.X-CUBE-FREERTOS.1.4.0.pdsc: PDSC version is not supported
2025-12-26 08:38:38,469 [WARN] PackLoader:240 - Cannot read IP mode file for STMicroelectronics.X-CUBE-EEPRMA1.5.2.0
2025-12-26 08:38:38,475 [ERROR] Engine:466 - /home/achadansori/.stm32cubemx/thirdparties/pdsc/STMicroelectronics.X-CUBE-ST67W61.1.1.0.pdsc: PDSC version is not supported
2025-12-26 08:38:38,591 [WARN] PackLoader:240 - Cannot read IP mode file for STMicroelectronics.X-CUBE-MEMS1.12.0.0
2025-12-26 08:38:38,741 [WARN] PackLoader:240 - Cannot read IP mode file for STMicroelectronics.X-CUBE-AZRTOS-G0.1.1.0
2025-12-26 08:38:38,764 [WARN] PackLoader:240 - Cannot read IP mode file for STMicroelectronics.X-CUBE-SAFEA1.1.2.2
2025-12-26 08:38:38,778 [WARN] PackLoader:240 - Cannot read IP mode file for STMicroelectronics.X-CUBE-NFC4.3.0.0
2025-12-26 08:38:38,786 [WARN] PackLoader:240 - Cannot read IP mode file for wolfSSL.I-CUBE-wolfMQTT.1.18.0
2025-12-26 08:38:38,802 [WARN] PackLoader:240 - Cannot read IP mode file for EmbeddedOffice.I-CUBE-FS-RTOS.1.0.1
2025-12-26 08:38:38,803 [ERROR] ConditionMgr:805 - Attr not supported : Dmpu
2025-12-26 08:38:38,803 [ERROR] ConditionMgr:805 - Attr not supported : Dmpu
2025-12-26 08:38:38,803 [ERROR] ConditionMgr:805 - Attr not supported : Dmpu
2025-12-26 08:38:38,803 [ERROR] ConditionMgr:805 - Attr not supported : Dmpu
2025-12-26 08:38:38,803 [ERROR] ConditionMgr:805 - Attr not supported : Dmpu
2025-12-26 08:38:38,803 [ERROR] ConditionMgr:805 - Attr not supported : Dmpu
2025-12-26 08:38:38,803 [ERROR] ConditionMgr:805 - Attr not supported : Dmpu
2025-12-26 08:38:38,803 [ERROR] ConditionMgr:805 - Attr not supported : Dmpu
2025-12-26 08:38:38,803 [ERROR] ConditionMgr:805 - Attr not supported : Dmpu
2025-12-26 08:38:38,803 [ERROR] ConditionMgr:805 - Attr not supported : Dmpu
2025-12-26 08:38:38,803 [ERROR] ConditionMgr:805 - Attr not supported : Dmpu
2025-12-26 08:38:38,803 [ERROR] ConditionMgr:805 - Attr not supported : Dmpu
2025-12-26 08:38:38,803 [ERROR] ConditionMgr:805 - Attr not supported : Dmpu
2025-12-26 08:38:38,803 [ERROR] ConditionMgr:805 - Attr not supported : Dmpu
2025-12-26 08:38:38,804 [ERROR] ConditionMgr:805 - Attr not supported : Dmpu
2025-12-26 08:38:38,804 [ERROR] ConditionMgr:805 - Attr not supported : Dmpu
2025-12-26 08:38:38,804 [ERROR] ConditionMgr:805 - Attr not supported : Dmpu
2025-12-26 08:38:38,804 [ERROR] ConditionMgr:805 - Attr not supported : Dmpu
2025-12-26 08:38:38,804 [ERROR] ConditionMgr:805 - Attr not supported : Dmpu
2025-12-26 08:38:38,804 [ERROR] ConditionMgr:805 - Attr not supported : Dmpu
2025-12-26 08:38:38,804 [ERROR] ConditionMgr:805 - Attr not supported : Dmpu
2025-12-26 08:38:38,804 [ERROR] ConditionMgr:805 - Attr not supported : Dmpu
2025-12-26 08:38:38,804 [ERROR] ConditionMgr:805 - Attr not supported : Dmpu
2025-12-26 08:38:38,804 [ERROR] ConditionMgr:805 - Attr not supported : Dmpu
2025-12-26 08:38:38,804 [ERROR] ConditionMgr:805 - Attr not supported : Dmpu
2025-12-26 08:38:38,804 [ERROR] ConditionMgr:805 - Attr not supported : Dmpu
2025-12-26 08:38:38,804 [ERROR] ConditionMgr:805 - Attr not supported : Dmpu
2025-12-26 08:38:38,804 [ERROR] ConditionMgr:805 - Attr not supported : Dmpu
2025-12-26 08:38:38,804 [ERROR] ConditionMgr:805 - Attr not supported : Dmpu
2025-12-26 08:38:38,804 [ERROR] ConditionMgr:805 - Attr not supported : Dmpu
2025-12-26 08:38:38,804 [ERROR] ConditionMgr:805 - Attr not supported : Dmpu
2025-12-26 08:38:38,804 [ERROR] ConditionMgr:805 - Attr not supported : Dmpu
2025-12-26 08:38:38,804 [ERROR] ConditionMgr:805 - Attr not supported : Dmpu
2025-12-26 08:38:38,804 [ERROR] ConditionMgr:805 - Attr not supported : Dmpu
2025-12-26 08:38:38,804 [ERROR] ConditionMgr:805 - Attr not supported : Dmpu
2025-12-26 08:38:38,804 [ERROR] ConditionMgr:805 - Attr not supported : Dmpu
2025-12-26 08:38:38,805 [ERROR] ConditionMgr:805 - Attr not supported : Dmpu
2025-12-26 08:38:38,805 [ERROR] ConditionMgr:805 - Attr not supported : Dmpu
2025-12-26 08:38:38,805 [ERROR] ConditionMgr:805 - Attr not supported : Dmpu
2025-12-26 08:38:38,805 [ERROR] ConditionMgr:805 - Attr not supported : Dmpu
2025-12-26 08:38:38,805 [ERROR] ConditionMgr:805 - Attr not supported : Dmpu
2025-12-26 08:38:38,805 [ERROR] ConditionMgr:805 - Attr not supported : Dmpu
2025-12-26 08:38:38,805 [ERROR] ConditionMgr:805 - Attr not supported : Dmpu
2025-12-26 08:38:38,805 [ERROR] ConditionMgr:805 - Attr not supported : Dmpu
2025-12-26 08:38:38,805 [ERROR] ConditionMgr:805 - Attr not supported : Dmpu
2025-12-26 08:38:38,805 [ERROR] ConditionMgr:805 - Attr not supported : Dmpu
2025-12-26 08:38:38,805 [ERROR] ConditionMgr:805 - Attr not supported : Dmpu
2025-12-26 08:38:38,805 [ERROR] ConditionMgr:805 - Attr not supported : Dmpu
2025-12-26 08:38:38,805 [ERROR] ConditionMgr:805 - Attr not supported : Dmpu
2025-12-26 08:38:38,805 [ERROR] ConditionMgr:805 - Attr not supported : Dmpu
2025-12-26 08:38:38,805 [ERROR] ConditionMgr:805 - Attr not supported : Dmpu
2025-12-26 08:38:38,805 [ERROR] ConditionMgr:805 - Attr not supported : Dmpu
2025-12-26 08:38:38,805 [ERROR] ConditionMgr:805 - Attr not supported : Dmpu
2025-12-26 08:38:38,806 [ERROR] ConditionMgr:805 - Attr not supported : Dmpu
2025-12-26 08:38:38,806 [ERROR] ConditionMgr:805 - Attr not supported : Dmpu
2025-12-26 08:38:38,806 [ERROR] ConditionMgr:805 - Attr not supported : Dmpu
2025-12-26 08:38:38,806 [ERROR] ConditionMgr:805 - Attr not supported : Dmpu
2025-12-26 08:38:38,806 [ERROR] ConditionMgr:805 - Attr not supported : Dmpu
2025-12-26 08:38:38,806 [ERROR] ConditionMgr:805 - Attr not supported : Dmpu
2025-12-26 08:38:38,806 [ERROR] ConditionMgr:805 - Attr not supported : Dmpu
2025-12-26 08:38:38,806 [ERROR] ConditionMgr:805 - Attr not supported : Dmpu
2025-12-26 08:38:38,806 [ERROR] ConditionMgr:805 - Attr not supported : Dmpu
2025-12-26 08:38:38,806 [ERROR] ConditionMgr:805 - Attr not supported : Dmpu
2025-12-26 08:38:38,806 [ERROR] ConditionMgr:805 - Attr not supported : Dmpu
2025-12-26 08:38:38,812 [WARN] PackLoader:240 - Cannot read IP mode file for STMicroelectronics.X-CUBE-WB05N.2.0.0
2025-12-26 08:38:38,818 [ERROR] Engine:466 - /home/achadansori/.stm32cubemx/thirdparties/pdsc/STMicroelectronics.X-CUBE-TCPP.4.2.0.pdsc: PDSC version is not supported
2025-12-26 08:38:38,824 [WARN] PackLoader:240 - Cannot read IP mode file for wolfSSL.I-CUBE-wolfSSL.5.7.0
2025-12-26 08:38:38,833 [WARN] PackLoader:240 - Cannot read IP mode file for STMicroelectronics.FP-ATR-SIGFOX1.3.2.0
2025-12-26 08:38:38,840 [WARN] PackLoader:240 - Cannot read IP mode file for STMicroelectronics.X-CUBE-EEPRMA1.5.1.0
2025-12-26 08:38:38,847 [WARN] PackLoader:240 - Cannot read IP mode file for ITTIA_DB.I-CUBE-ITTIADB.8.9.0
2025-12-26 08:38:38,851 [WARN] PackLoader:240 - Cannot read IP mode file for STMicroelectronics.X-CUBE-AI.10.2.0
2025-12-26 08:38:38,890 [WARN] PackLoader:240 - Cannot read IP mode file for SEGGER.I-CUBE-embOS.1.3.1
2025-12-26 08:38:38,988 [WARN] PackLoader:240 - Cannot read IP mode file for STMicroelectronics.X-CUBE-ALGOBUILD.1.4.0
2025-12-26 08:38:39,060 [WARN] PackLoader:240 - Cannot read IP mode file for STMicroelectronics.X-CUBE-MEMS1.11.3.0
2025-12-26 08:38:39,267 [WARN] PackLoader:240 - Cannot read IP mode file for STMicroelectronics.X-CUBE-PM33A1.1.0.0
2025-12-26 08:38:39,277 [WARN] PackLoader:240 - Cannot read IP mode file for STMicroelectronics.X-CUBE-GNSS1.6.0.0
2025-12-26 08:38:39,310 [WARN] PackLoader:240 - Cannot read IP mode file for STMicroelectronics.X-CUBE-AZRTOS-F4.1.1.0
2025-12-26 08:38:39,319 [WARN] PackLoader:240 - Cannot read IP mode file for STMicroelectronics.X-CUBE-ISPU.2.1.0
2025-12-26 08:38:39,325 [ERROR] Engine:466 - /home/achadansori/.stm32cubemx/thirdparties/pdsc/STMicroelectronics.X-CUBE-IPS.3.2.0.pdsc: PDSC version is not supported
2025-12-26 08:38:39,331 [WARN] PackLoader:240 - Cannot read IP mode file for STMicroelectronics.X-CUBE-FREERTOS.1.2.0
2025-12-26 08:38:39,338 [WARN] PackLoader:240 - Cannot read IP mode file for STMicroelectronics.X-CUBE-NFC12.1.0.0
2025-12-26 08:38:39,357 [WARN] PackLoader:240 - Cannot read IP mode file for STMicroelectronics.X-CUBE-AZRTOS-L5.2.0.0
2025-12-26 08:38:39,367 [WARN] PackLoader:240 - Cannot read IP mode file for STMicroelectronics.X-CUBE-NFC6.3.1.0
2025-12-26 08:38:39,374 [WARN] PackLoader:240 - Cannot read IP mode file for STMicroelectronics.X-CUBE-DPower.1.2.0
2025-12-26 08:38:39,379 [WARN] PackLoader:240 - Cannot read IP mode file for STMicroelectronics.X-CUBE-AI.9.0.0
2025-12-26 08:38:39,384 [WARN] PackLoader:240 - Cannot read IP mode file for STMicroelectronics.X-CUBE-FREERTOS.1.3.1
2025-12-26 08:38:39,389 [WARN] PackLoader:240 - Cannot read IP mode file for STMicroelectronics.X-CUBE-NFC7.1.0.1
2025-12-26 08:38:39,393 [WARN] PackLoader:240 - Cannot read IP mode file for STMicroelectronics.X-CUBE-TOUCHGFX.4.26.0
2025-12-26 08:38:39,396 [ERROR] Engine:466 - /home/achadansori/.stm32cubemx/thirdparties/pdsc/STMicroelectronics.FP-SNS-STAIOTCFT.1.0.0.pdsc: PDSC version is not supported
2025-12-26 08:38:39,401 [WARN] PackLoader:240 - Cannot read IP mode file for STMicroelectronics.X-CUBE-DPower.1.3.0
2025-12-26 08:38:39,420 [WARN] ConditionMgr:438 - getConditionDescription Invalid condition id : LAN8742 Phy interface Condition cause : null
2025-12-26 08:38:39,421 [WARN] PackLoader:240 - Cannot read IP mode file for STMicroelectronics.X-CUBE-AZRTOS-L4.2.0.0
2025-12-26 08:38:39,423 [WARN] ConditionMgr:1039 - genDependencies : Invalid condition id : LAN8742 Phy interface Condition cause : null
2025-12-26 08:38:39,423 [WARN] ConditionMgr:1039 - genDependencies : Invalid condition id : LAN8742 Phy interface Condition cause : null
2025-12-26 08:38:39,424 [WARN] ConditionMgr:1039 - genDependencies : Invalid condition id : LAN8742 Phy interface Condition cause : null
2025-12-26 08:38:39,433 [WARN] PackLoader:240 - Cannot read IP mode file for STMicroelectronics.X-CUBE-SFXS2LP1.4.0.0
2025-12-26 08:38:39,443 [INFO] WebApp:161 - Instantiating new browser for Auth
2025-12-26 08:38:39,455 [WARN] PackLoader:240 - Cannot read IP mode file for STMicroelectronics.X-CUBE-AZRTOS-H7.3.3.0
2025-12-26 08:38:39,464 [ERROR] Engine:466 - /home/achadansori/.stm32cubemx/thirdparties/pdsc/STMicroelectronics.X-CUBE-BLEMGR.4.1.0.pdsc: PDSC version is not supported
2025-12-26 08:38:39,477 [WARN] ConditionMgr:438 - getConditionDescription Invalid condition id : UX DEVICE CLASS RTOS Condition cause : null
2025-12-26 08:38:39,478 [WARN] ConditionMgr:438 - getConditionDescription Invalid condition id : UX DEVICE CLASS RTOS Condition cause : null
2025-12-26 08:38:39,480 [WARN] PackLoader:240 - Cannot read IP mode file for STMicroelectronics.X-CUBE-AZRTOS-WB.2.0.0
2025-12-26 08:38:39,481 [WARN] ConditionMgr:1039 - genDependencies : Invalid condition id : UX DEVICE CLASS RTOS Condition cause : null
2025-12-26 08:38:39,481 [WARN] ConditionMgr:1039 - genDependencies : Invalid condition id : UX DEVICE CLASS RTOS Condition cause : null
2025-12-26 08:38:39,481 [WARN] ConditionMgr:1039 - genDependencies : Invalid condition id : UX DEVICE CLASS RTOS Condition cause : null
2025-12-26 08:38:39,482 [WARN] ConditionMgr:1039 - genDependencies : Invalid condition id : UX DEVICE CLASS RTOS Condition cause : null
2025-12-26 08:38:39,482 [WARN] ConditionMgr:1039 - genDependencies : Invalid condition id : UX DEVICE CLASS RTOS Condition cause : null
2025-12-26 08:38:39,489 [WARN] PackLoader:240 - Cannot read IP mode file for STMicroelectronics.X-CUBE-GNSS1.7.0.1
2025-12-26 08:38:39,502 [WARN] PackLoader:240 - Cannot read IP mode file for STMicroelectronics.FP-SNS-STBOX1.2.0.0
2025-12-26 08:38:39,510 [WARN] ConditionMgr:438 - getConditionDescription Invalid condition id : Cortex-A Device cause : null
2025-12-26 08:38:39,521 [WARN] ConditionMgr:1039 - genDependencies : Invalid condition id : Cortex-A Device cause : null
2025-12-26 08:38:39,521 [WARN] ConditionMgr:1039 - genDependencies : Invalid condition id : Cortex-A Device cause : null
2025-12-26 08:38:39,522 [WARN] ConditionMgr:1039 - genDependencies : Invalid condition id : Cortex-A Device cause : null
2025-12-26 08:38:39,533 [WARN] PackLoader:240 - Cannot read IP mode file for STMicroelectronics.X-CUBE-SUBG2.5.0.0
2025-12-26 08:38:39,571 [WARN] PackLoader:240 - Cannot read IP mode file for STMicroelectronics.X-CUBE-AZRTOS-H7RS.1.1.0
2025-12-26 08:38:39,582 [WARN] PackLoader:240 - Cannot read IP mode file for Cesanta.I-CUBE-Mongoose.7.13.0
2025-12-26 08:38:39,608 [WARN] PackLoader:240 - Cannot read IP mode file for STMicroelectronics.X-CUBE-AZRTOS-G4.2.0.0
2025-12-26 08:38:39,615 [WARN] PackLoader:240 - Cannot read IP mode file for STMicroelectronics.X-CUBE-NFC7.2.0.0
2025-12-26 08:38:39,620 [WARN] PackLoader:240 - Cannot read IP mode file for STMicroelectronics.X-CUBE-ISPU.2.0.0
2025-12-26 08:38:39,627 [WARN] PackLoader:240 - Cannot read IP mode file for STMicroelectronics.X-CUBE-ALS.1.0.2
2025-12-26 08:38:39,688 [WARN] PackLoader:240 - Cannot read IP mode file for STMicroelectronics.X-CUBE-MEMS1.10.0.0
2025-12-26 08:38:39,870 [WARN] PackLoader:240 - Cannot read IP mode file for STMicroelectronics.X-CUBE-TOUCHGFX.4.24.0
2025-12-26 08:38:39,881 [WARN] PackLoader:240 - Cannot read IP mode file for STMicroelectronics.X-CUBE-STSE01.1.0.0
2025-12-26 08:38:39,894 [WARN] PackLoader:240 - Cannot read IP mode file for portGmbH.I-Cube-SoM-uGOAL.1.1.0
2025-12-26 08:38:39,925 [WARN] PackLoader:240 - Cannot read IP mode file for STMicroelectronics.X-CUBE-AZRTOS-H7RS.1.0.0
2025-12-26 08:38:39,931 [WARN] PackLoader:240 - Cannot read IP mode file for STMicroelectronics.FP-ATR-ASTRA1.2.0.0
2025-12-26 08:38:39,941 [WARN] PackLoader:240 - Cannot read IP mode file for STMicroelectronics.X-CUBE-TOF1.3.4.2
2025-12-26 08:38:39,957 [ERROR] Engine:466 - /home/achadansori/.stm32cubemx/thirdparties/pdsc/STMicroelectronics.X-CUBE-TOF1.3.4.3.pdsc: PDSC version is not supported
2025-12-26 08:38:39,968 [WARN] PackLoader:240 - Cannot read IP mode file for STMicroelectronics.X-CUBE-TOF1.3.4.1
2025-12-26 08:38:39,999 [WARN] PackLoader:240 - Cannot read IP mode file for STMicroelectronics.X-CUBE-AZRTOS-H7.3.2.0
2025-12-26 08:38:40,014 [WARN] PackLoader:240 - Cannot read IP mode file for Infineon.AIROC-Wi-Fi-Bluetooth-STM32.1.6.0
2025-12-26 08:38:40,018 [INFO] ThirdParty:978 - Integrity check success = true
2025-12-26 08:38:40,018 [INFO] IntegrityCheckThread:100 - exiting critical section [integrity check]
2025-12-26 08:38:40,018 [INFO] IntegrityCheckThread:103 - End integrity checks thread
2025-12-26 08:38:40,481 [INFO] WebApp:779 - Register for checkConnection events
2025-12-26 08:38:40,482 [INFO] WebApp:414 - Apply proxy settings
2025-12-26 08:38:40,482 [INFO] WebApp:499 - Chromium requires no authentication
2025-12-26 08:38:40,487 [INFO] WebApp:442 - Direct internet connection detected
2025-12-26 08:38:40,589 [INFO] WebApp:192 - Starting web application
2025-12-26 08:38:40,589 [INFO] WebApp:544 - Web application path used /opt/st/stm32cubeide_1.15.1/plugins/com.st.stm32cube.common.mx_6.11.1.202404110753/db/plugins/mcufinder/reactClient1/index.html
2025-12-26 10:24:28,873 [INFO] McuFinderGlobals:63 - Set McuFinder mode to 2 (CubeIDE integrated)
2025-12-26 10:24:28,878 [INFO] MainUpdater:2873 - connection check result : 10
2025-12-26 10:24:28,878 [INFO] MainUpdater:2873 - connection check result : 10
2025-12-26 10:24:28,918 [INFO] MicroXplorer:468 - Change Database Path : 
2025-12-26 10:24:28,919 [INFO] MicroXplorer:498 - Change Database Version : DB.6.0.111
2025-12-26 10:24:28,927 [WARN] ThirdParty:871 - waiting for thirdparty lock release [close project]
2025-12-26 10:24:28,928 [INFO] ThirdParty:873 - entering critical section [close project]
2025-12-26 10:24:28,932 [INFO] ThirdParty:883 - exiting critical section [close project]
2025-12-26 10:24:28,937 [INFO] PinOutPanel:1561 - setPackage(No Configuration,No Configuration)
2025-12-26 10:24:28,941 [INFO] UtilMem:75 - Begin LoadConfig() Used Memory: 357787704 Bytes (573571072)
2025-12-26 10:24:28,943 [INFO] MicroXplorer:468 - Change Database Path : 
2025-12-26 10:24:28,944 [INFO] MicroXplorer:498 - Change Database Version : DB.6.0.111
2025-12-26 10:24:28,944 [INFO] OpenFileManager:312 - Change cursor
2025-12-26 10:24:29,019 [INFO] Mcu:2021 - Initializing MCU STM32F407V(E-G)Tx STM32F407VGTx STM32F407VGT6
2025-12-26 10:24:31,945 [INFO] Context:663 - Trying to add GPIOservice into a context  which must be forbidden
2025-12-26 10:24:33,301 [INFO] RtosManager:555 - Registered RTOS mode: class=CMSIS, group=RTOS, mode=CMSIS_V1, owner=FREERTOS
2025-12-26 10:24:33,301 [INFO] RtosManager:555 - Registered RTOS mode: class=CMSIS, group=RTOS2, mode=CMSIS_V2, owner=FREERTOS
2025-12-26 10:24:33,301 [INFO] RtosManager:555 - Registered RTOS mode: class=RTOS, group=Core, mode=CMSIS_V1, owner=FREERTOS
2025-12-26 10:24:33,301 [INFO] RtosManager:555 - Registered RTOS mode: class=RTOS, group=Core, mode=CMSIS_V2, owner=FREERTOS
2025-12-26 10:24:33,301 [WARN] ModelIntegratedComponent:184 - Missing modes for component STMicroelectronics:FreeRTOS:0.0.1:STMicroelectronics:RTOS:FreeRTOS:Core:::10.2.0:
2025-12-26 10:24:33,318 [WARN] ModelIntegratedComponent:63 - No mode defined for component null
2025-12-26 10:24:33,318 [WARN] ModelIntegratedComponent:63 - No mode defined for component null
2025-12-26 10:24:33,318 [WARN] ModelIntegratedComponent:63 - No mode defined for component null
2025-12-26 10:24:33,318 [WARN] ModelIntegratedComponent:63 - No mode defined for component null
2025-12-26 10:24:33,318 [WARN] ModelIntegratedComponent:63 - No mode defined for component null
2025-12-26 10:24:33,318 [WARN] ModelIntegratedComponent:63 - No mode defined for component null
2025-12-26 10:24:33,318 [WARN] ModelIntegratedComponent:63 - No mode defined for component null
2025-12-26 10:24:33,318 [WARN] ModelIntegratedComponent:63 - No mode defined for component null
2025-12-26 10:24:33,318 [WARN] ModelIntegratedComponent:63 - No mode defined for component null
2025-12-26 10:24:33,318 [WARN] ModelIntegratedComponent:63 - No mode defined for component null
2025-12-26 10:24:33,318 [WARN] ModelIntegratedComponent:63 - No mode defined for component null
2025-12-26 10:24:33,318 [WARN] ModelIntegratedComponent:63 - No mode defined for component null
2025-12-26 10:24:33,318 [WARN] ModelIntegratedComponent:63 - No mode defined for component null
2025-12-26 10:24:33,318 [WARN] ModelIntegratedComponent:63 - No mode defined for component null
2025-12-26 10:24:33,318 [WARN] ModelIntegratedComponent:63 - No mode defined for component null
2025-12-26 10:24:33,318 [WARN] ModelIntegratedComponent:63 - No mode defined for component null
2025-12-26 10:24:33,318 [WARN] ModelIntegratedComponent:63 - No mode defined for component null
2025-12-26 10:24:33,318 [WARN] ModelIntegratedComponent:63 - No mode defined for component null
2025-12-26 10:24:33,318 [WARN] ModelIntegratedComponent:63 - No mode defined for component null
2025-12-26 10:24:33,319 [WARN] ModelIntegratedComponent:63 - No mode defined for component null
2025-12-26 10:24:33,319 [WARN] ModelIntegratedComponent:63 - No mode defined for component null
2025-12-26 10:24:33,319 [WARN] ModelIntegratedComponent:63 - No mode defined for component null
2025-12-26 10:24:33,319 [WARN] ModelIntegratedComponent:63 - No mode defined for component null
2025-12-26 10:24:33,319 [WARN] ModelIntegratedComponent:63 - No mode defined for component null
2025-12-26 10:24:33,319 [WARN] ModelIntegratedComponent:63 - No mode defined for component null
2025-12-26 10:24:33,319 [WARN] ModelIntegratedComponent:63 - No mode defined for component null
2025-12-26 10:24:33,319 [WARN] ModelIntegratedComponent:63 - No mode defined for component null
2025-12-26 10:24:33,319 [WARN] ModelIntegratedComponent:63 - No mode defined for component null
2025-12-26 10:24:33,319 [WARN] ModelIntegratedComponent:63 - No mode defined for component null
2025-12-26 10:24:33,319 [WARN] ModelIntegratedComponent:63 - No mode defined for component null
2025-12-26 10:24:33,319 [WARN] ModelIntegratedComponent:63 - No mode defined for component null
2025-12-26 10:24:33,319 [WARN] ModelIntegratedComponent:63 - No mode defined for component null
2025-12-26 10:24:33,319 [WARN] ModelIntegratedComponent:63 - No mode defined for component null
2025-12-26 10:24:33,319 [WARN] ModelIntegratedComponent:63 - No mode defined for component null
2025-12-26 10:24:33,517 [INFO] ThirdPartyModel:298 - Start build external matchings
2025-12-26 10:24:34,404 [INFO] ThirdPartyModel:316 - End build external matchings
2025-12-26 10:24:34,443 [INFO] ImportTextPane:194 - (OptionalMessage_ERROR) IP (RCC) : Parameter (RTCHSEDivFreq_Value) has invalid value (4000000)
2025-12-26 10:24:34,467 [WARN] IP:2120 - DEVICE_SERIAL0_CDC_FS not found: check if there is a RefParameter without a condition.
2025-12-26 10:24:34,467 [WARN] IP:2120 - DEVICE_SERIAL1_CDC_FS not found: check if there is a RefParameter without a condition.
2025-12-26 10:24:34,467 [WARN] IP:2120 - DEVICE_SERIAL2_CDC_FS not found: check if there is a RefParameter without a condition.
2025-12-26 10:24:34,921 [INFO] ApiDb:581 - Connected to CubeFinder SQLite database (/home/achadansori/.stmcufinder/plugins/mcufinder/mcu/cube-finder-db.db)
2025-12-26 10:24:34,992 [INFO] ApiDb:668 - CubeFinder database Data Model version=2.1
2025-12-26 10:24:34,992 [INFO] ApiDb:669 - CubeFinder database Configuration version=3.0.39
2025-12-26 10:24:34,993 [INFO] ApiDb:670 - CubeFinder database generation date=2025-11-05 (1762334721)
2025-12-26 10:24:34,993 [INFO] ApiDb:671 - CubeFinder database FW Pack versions=[FP-ATR-ASTRA1_V2.0.0, FP-SNS-FLIGHT1_V5.1.0, FP-SNS-MOTENV1_V5.1.0, FP-SNS-MOTENVWB1_V1.4.0, FP-SNS-SMARTAG2_V1.2.0, FP-SNS-STBOX1_V2.1.0, STM32Cube_FW_C0_V1.4.0, STM32Cube_FW_F4_V1.28.3, STM32Cube_FW_F7_V1.17.4, STM32Cube_FW_G0_V1.6.2, STM32Cube_FW_G4_V1.6.1, STM32Cube_FW_H5_V1.5.1, STM32Cube_FW_H7RS_V1.3.0, STM32Cube_FW_H7_V1.12.1, STM32Cube_FW_L0_V1.12.2, STM32Cube_FW_L4_V1.18.1, STM32Cube_FW_L5_V1.6.0, STM32Cube_FW_N6_V1.3.0, STM32Cube_FW_U0_V1.3.0, STM32Cube_FW_U3_V1.2.1, STM32Cube_FW_U5_V1.8.0, STM32Cube_FW_WB0_V1.4.0, STM32Cube_FW_WBA_V1.8.0, STM32Cube_FW_WB_V1.24.0, STM32Cube_FW_WL3_V1.3.0, STM32Cube_FW_WL_V1.4.0, X-CUBE-ALGOBUILD_V1.4.0, X-CUBE-ALS_V1.0.2, X-CUBE-AZRTOS-F4_V1.1.0, X-CUBE-AZRTOS-F7_V1.1.0, X-CUBE-AZRTOS-G0_V1.1.0, X-CUBE-AZRTOS-G4_V2.0.0, X-CUBE-AZRTOS-H7RS_V1.1.0, X-CUBE-AZRTOS-H7_V3.4.0, X-CUBE-AZRTOS-L4_V2.0.0, X-CUBE-AZRTOS-L5_V2.0.0, X-CUBE-AZRTOS-WB_V2.0.0, X-CUBE-AZRTOS-WL_V2.0.0, X-CUBE-BLE1_V7.1.0, X-CUBE-BLE2_V3.3.0, X-CUBE-BLEMGR_V4.1.0, X-CUBE-EEPRMA1_V5.2.0, X-CUBE-FREERTOS_V1.3.1, X-CUBE-GNSS1_V6.0.0, X-CUBE-MEMS1_V11.3.0, X-CUBE-NFC4_V3.0.0, X-CUBE-NFC7_V2.0.0, X-CUBE-SFXS2LP1_V4.0.0, X-CUBE-ST67W61_V1.1.0, X-CUBE-SUBG2_V5.0.0, X-CUBE-TOF1_V3.4.3]
2025-12-26 10:24:35,117 [INFO] DbBoardsSqlite:226 - include board P-NUCLEO-WB55-NUCLEO as a kit item of type 'Nucleo-64'
2025-12-26 10:24:35,118 [INFO] DbBoardsSqlite:226 - include board P-NUCLEO-WB55-USBDONGLE as a kit item of type 'Nucleo USB Dongle'
2025-12-26 10:24:35,118 [INFO] DbBoardsSqlite:226 - include board STEVAL-IDP005V1 as a kit item of type 'Evaluation Board'
2025-12-26 10:24:35,119 [INFO] DbBoardsSqlite:226 - include board STEVAL-IDP005V2 as a kit item of type 'Evaluation Board'
2025-12-26 10:24:35,353 [INFO] ApiDb:240 - Found 483 in-development CPN: [B-G473E-ZEST1S, B-WB1M-WPAN1, B-WL5M-SUBG1, NUCLEO-C031C6, NUCLEO-H503RB, NUCLEO-H533RE, NUCLEO-H563ZI, NUCLEO-H7S3L8, NUCLEO-U031R8, NUCLEO-U083RC, NUCLEO-U545RE-Q, NUCLEO-U5A5ZJ-Q, NUCLEO-WBA52CG, NUCLEO-WBA55CG, STEVAL-PROTEUS1, STEVAL-SMARTAG2, STEVAL-STWINBX1, STM320518-EVAL, STM32C0116-DK, STM32C011D6Y3TR, STM32C011D6Y6TR, STM32C011F4P3, STM32C011F4P6, STM32C011F4U3, STM32C011F4U6TR, STM32C011F6P3, STM32C011F6P6, STM32C011F6U3, STM32C011F6U6TR, STM32C011J4M3, STM32C011J4M6, STM32C011J6M3, STM32C011J6M6, STM32C0316-DK, STM32C031C4T3, STM32C031C4T6, STM32C031C4U3, STM32C031C4U6, STM32C031C6T3, STM32C031C6T6, STM32C031C6U3, STM32C031C6U6, STM32C031F4P3, STM32C031F4P6, STM32C031F6P3, STM32C031F6P6, STM32C031G4U3, STM32C031G4U6, STM32C031G6U3, STM32C031G6U6, STM32C031K4T3, STM32C031K4T6, STM32C031K4U3, STM32C031K4U6, STM32C031K6T3, STM32C031K6T6, STM32C031K6U3, STM32C031K6U6, STM32G071K8TXN, STM32G071K8UXN, STM32G081GBU6N, STM32G081KBT6N, STM32G081KBUXN, STM32G0B1CCT6N, STM32G0B1KCT6, STM32G0B1NEY6TR, STM32G0B1RCT6N, STM32G0C1CCT6, STM32G0C1CCT6N, STM32G0C1CCU6N, STM32G0C1CET6N, STM32G0C1CEU6N, STM32G0C1KCT6, STM32G0C1NEY6TR, STM32G0C1RCI6N, STM32G0C1RCT6N, STM32G0C1REI6N, STM32G0C1RET6N, STM32G0C1VCI6, STM32G0C1VEI6, STM32G471CCT6, STM32G471CCU6, STM32G471CET3, STM32G471CET6, STM32G471CEU3, STM32G471CEU6, STM32G471MCT6, STM32G471MET3, STM32G471MET6, STM32G471MEY6TR, STM32G471QCT6, STM32G471QET3, STM32G471RCT6, STM32G471RET3, STM32G471RET6, STM32G471VCH6, STM32G471VCI6, STM32G471VCT6, STM32G471VEH3, STM32G471VEH6, STM32G471VEI3, STM32G471VEI6, STM32G471VET3, STM32G471VET6, STM32G474CCT6, STM32H503CBT6, STM32H503CBU6, STM32H503EBY6TR, STM32H503KBU6, STM32H503RBT6, STM32H523CCT6, STM32H523CCU6, STM32H523CET6, STM32H523CEU6, STM32H523HEY6TR, STM32H523RCT6, STM32H523RET6, STM32H523VCI6, STM32H523VCT6, STM32H523VEI6, STM32H523VET6, STM32H523ZCJ6, STM32H523ZCT6, STM32H523ZEJ6, STM32H523ZET6, STM32H533CET6, STM32H533CEU6, STM32H533HEY6TR, STM32H533RET6, STM32H533VEI6, STM32H533VET6, STM32H533ZEJ6, STM32H533ZET6, STM32H562AGI6, STM32H562AII6, STM32H562IGK6, STM32H562IGT6, STM32H562IIK6, STM32H562IIT6, STM32H562RGT6, STM32H562RGV6, STM32H562RIT6, STM32H562RIV6, STM32H562VGT6, STM32H562VIT6, STM32H562ZGT6, STM32H562ZIT6, STM32H563AGI6, STM32H563AII3Q, STM32H563AII6, STM32H563IGK6, STM32H563IGT6, STM32H563IIK3Q, STM32H563IIK6, STM32H563IIT3Q, STM32H563IIT6, STM32H563MIY3QTR, STM32H563RGT6, STM32H563RGV6, STM32H563RIT6, STM32H563RIV6, STM32H563VGT6, STM32H563VIT3Q, STM32H563VIT6, STM32H563ZGT6, STM32H563ZIT3Q, STM32H563ZIT6, STM32H573AII3Q, STM32H573AII6, STM32H573I-DK, STM32H573IIK3Q, STM32H573IIK6, STM32H573IIT3Q, STM32H573IIT6, STM32H573MIY3QTR, STM32H573RIT6, STM32H573RIV6, STM32H573VIT3Q, STM32H573VIT6, STM32H573ZIT3Q, STM32H573ZIT6, STM32H7R3A8I6, STM32H7R3I8K6, STM32H7R3I8T6, STM32H7R3L8H6, STM32H7R3L8H6H, STM32H7R3R8V6, STM32H7R3V8H6, STM32H7R3V8T6, STM32H7R3V8Y6, STM32H7R3Z8J6, STM32H7R3Z8T6, STM32H7R7A8I6, STM32H7R7I8K6, STM32H7R7I8T6, STM32H7R7L8H6, STM32H7R7L8H6H, STM32H7R7Z8J6, STM32H7S3A8I6, STM32H7S3I8K6, STM32H7S3I8T6, STM32H7S3L8H6, STM32H7S3L8H6H, STM32H7S3R8V6, STM32H7S3V8H6, STM32H7S3V8T6, STM32H7S3V8Y6, STM32H7S3Z8J6, STM32H7S3Z8T6, STM32H7S78-DK, STM32H7S7A8I6, STM32H7S7I8K6, STM32H7S7I8T6, STM32H7S7L8H6, STM32H7S7L8H6H, STM32H7S7Z8J6, STM32L4R5QGI6STR, STM32MP131AAE3, STM32MP131AAF3, STM32MP131AAG3, STM32MP131CAE3, STM32MP131CAF3, STM32MP131CAG3, STM32MP131DAE7, STM32MP131DAF7, STM32MP131DAG7, STM32MP131FAE7, STM32MP131FAF7, STM32MP131FAG7, STM32MP133AAE3, STM32MP133AAF3, STM32MP133AAG3, STM32MP133CAE3, STM32MP133CAF3, STM32MP133CAG3, STM32MP133DAE7, STM32MP133DAF7, STM32MP133DAG7, STM32MP133FAE7, STM32MP133FAF7, STM32MP133FAG7, STM32MP135AAE3, STM32MP135AAF3, STM32MP135AAG3, STM32MP135CAE3, STM32MP135CAF3, STM32MP135CAG3, STM32MP135DAE7, STM32MP135DAF7, STM32MP135DAG7, STM32MP135F-DK, STM32MP135FAE7, STM32MP135FAF7, STM32MP135FAF7T, STM32MP135FAF7U, STM32MP135FAG7, STM32U031C6T6, STM32U031C6U6, STM32U031C8T6, STM32U031C8U6, STM32U031F4P6, STM32U031F6P6, STM32U031F8P6, STM32U031G6Y6TR, STM32U031G8Y6TR, STM32U031K4U6, STM32U031K6U6, STM32U031K8U6, STM32U031R6I6, STM32U031R6T6, STM32U031R8I6, STM32U031R8T6, STM32U073C8T6, STM32U073C8U6, STM32U073CBT6, STM32U073CBU6, STM32U073CCT6, STM32U073CCU6, STM32U073H8Y6TR, STM32U073HBY6TR, STM32U073HCY6TR, STM32U073K8U6, STM32U073KBU6, STM32U073KCU6, STM32U073M8I6, STM32U073M8T6, STM32U073MBI6, STM32U073MBT6, STM32U073MCI6, STM32U073MCT6, STM32U073R8I6, STM32U073R8T6, STM32U073RBI6, STM32U073RBT6, STM32U073RCI6, STM32U073RCT6, STM32U083C-DK, STM32U083CCT6, STM32U083CCU6, STM32U083HCY6TR, STM32U083KCU6, STM32U083MCI6, STM32U083MCT6, STM32U083RCI6, STM32U083RCT6, STM32U535CBT6, STM32U535CBT6Q, STM32U535CBU6, STM32U535CBU6Q, STM32U535CCT6, STM32U535CCT6Q, STM32U535CCU6, STM32U535CCU6Q, STM32U535CET6, STM32U535CET6Q, STM32U535CEU6, STM32U535CEU6Q, STM32U535JEY6QTR, STM32U535NCY6QTR, STM32U535NEY6QTR, STM32U535RBI6, STM32U535RBI6Q, STM32U535RBT6, STM32U535RBT6Q, STM32U535RCI6, STM32U535RCI6Q, STM32U535RCT6, STM32U535RCT6Q, STM32U535REI6, STM32U535REI6Q, STM32U535RET6, STM32U535RET6Q, STM32U535VCI6, STM32U535VCI6Q, STM32U535VCT6, STM32U535VCT6Q, STM32U535VEI6, STM32U535VEI6Q, STM32U535VET6, STM32U535VET6Q, STM32U545CET6, STM32U545CET6Q, STM32U545CEU6, STM32U545CEU6Q, STM32U545JEY6QTR, STM32U545NEY6QTR, STM32U545REI6, STM32U545REI6Q, STM32U545RET6, STM32U545RET6Q, STM32U545VEI6, STM32U545VEI6Q, STM32U545VET6, STM32U545VET6Q, STM32U595AIH6, STM32U595AIH6Q, STM32U595AJH6, STM32U595AJH6Q, STM32U595QII6, STM32U595QII6Q, STM32U595QJI6, STM32U595QJI6Q, STM32U595RIT6, STM32U595RIT6Q, STM32U595RJT6, STM32U595RJT6Q, STM32U595VIT6, STM32U595VIT6Q, STM32U595VJT6, STM32U595VJT6Q, STM32U595ZIT6, STM32U595ZIT6Q, STM32U595ZIY6QTR, STM32U595ZJT6, STM32U595ZJT6Q, STM32U595ZJY6QTR, STM32U599BJY6QTR, STM32U599NIH6Q, STM32U599NJH6Q, STM32U599VIT6Q, STM32U599VJT6, STM32U599VJT6Q, STM32U599ZIT6Q, STM32U599ZIY6QTR, STM32U599ZJT6Q, STM32U599ZJY6QTR, STM32U5A5AJH6, STM32U5A5AJH6Q, STM32U5A5QII3Q , STM32U5A5QJI6, STM32U5A5QJI6Q, STM32U5A5RJT6, STM32U5A5RJT6Q, STM32U5A5VJT6, STM32U5A5VJT6Q, STM32U5A5ZJT6, STM32U5A5ZJT6Q, STM32U5A5ZJY6QTR, STM32U5A9BJY6QTR, STM32U5A9J-DK, STM32U5A9NJH6Q, STM32U5A9VJT6Q, STM32U5A9ZJT6Q, STM32U5A9ZJY6QTR, STM32U5F7VIT6, STM32U5F7VIT6Q, STM32U5F7VJT6, STM32U5F7VJT6Q, STM32U5F9BJY6QTR, STM32U5F9NJH6Q, STM32U5F9VIT6Q, STM32U5F9VJT6Q, STM32U5F9ZIJ6QTR, STM32U5F9ZIT6Q, STM32U5F9ZJJ6QTR, STM32U5F9ZJT6Q, STM32U5G7VJT6, STM32U5G7VJT6Q, STM32U5G9BJY6QTR, STM32U5G9J-DK1, STM32U5G9J-DK2, STM32U5G9NJH6Q, STM32U5G9VJT6Q, STM32U5G9ZJJ6QTR, STM32U5G9ZJT6Q, STM32WB1MMCH6, STM32WBA50KEU6, STM32WBA50KEU6TR, STM32WBA50KGU6, STM32WBA50KGU6TR, STM32WBA52CEU6, STM32WBA52CEU6TR, STM32WBA52CEU7, STM32WBA52CEU7TR, STM32WBA52CGU6, STM32WBA52CGU6TR, STM32WBA52CGU6U, STM32WBA52CGU7, STM32WBA52CGU7TR, STM32WBA52KEU6, STM32WBA52KEU6TR, STM32WBA52KGU6, STM32WBA52KGU6TR, STM32WBA54CEU6, STM32WBA54CEU6TR, STM32WBA54CEU7, STM32WBA54CEU7TR, STM32WBA54CGU6, STM32WBA54CGU6TR, STM32WBA54CGU7, STM32WBA54CGU7TR, STM32WBA54KEU6, STM32WBA54KEU6TR, STM32WBA54KEU7, STM32WBA54KEU7TR, STM32WBA54KGU6, STM32WBA54KGU6TR, STM32WBA54KGU7, STM32WBA54KGU7TR, STM32WBA55CEU6, STM32WBA55CEU6TR, STM32WBA55CEU7, STM32WBA55CEU7TR, STM32WBA55CGU6, STM32WBA55CGU6TR, STM32WBA55CGU6U, STM32WBA55CGU7, STM32WBA55CGU7TR, STM32WBA55G-DK1, STM32WBA55HEF6, STM32WBA55HEF7, STM32WBA55HGF6, STM32WBA55HGF7, STM32WBA55UEI6, STM32WBA55UEI6TR, STM32WBA55UEI7, STM32WBA55UEI7TR, STM32WBA55UGI6, STM32WBA55UGI6TR, STM32WBA55UGI7, STM32WBA55UGI7TR, STM32WL5MOCH6, STM32WL5MOCH6TR]
2025-12-26 10:24:35,356 [INFO] ApiDb:668 - CubeFinder database Data Model version=2.1
2025-12-26 10:24:35,356 [INFO] ApiDb:669 - CubeFinder database Configuration version=3.0.39
2025-12-26 10:24:35,356 [INFO] ApiDb:670 - CubeFinder database generation date=2025-11-05 (1762334721)
2025-12-26 10:24:35,356 [INFO] ApiDb:671 - CubeFinder database FW Pack versions=[FP-ATR-ASTRA1_V2.0.0, FP-SNS-FLIGHT1_V5.1.0, FP-SNS-MOTENV1_V5.1.0, FP-SNS-MOTENVWB1_V1.4.0, FP-SNS-SMARTAG2_V1.2.0, FP-SNS-STBOX1_V2.1.0, STM32Cube_FW_C0_V1.4.0, STM32Cube_FW_F4_V1.28.3, STM32Cube_FW_F7_V1.17.4, STM32Cube_FW_G0_V1.6.2, STM32Cube_FW_G4_V1.6.1, STM32Cube_FW_H5_V1.5.1, STM32Cube_FW_H7RS_V1.3.0, STM32Cube_FW_H7_V1.12.1, STM32Cube_FW_L0_V1.12.2, STM32Cube_FW_L4_V1.18.1, STM32Cube_FW_L5_V1.6.0, STM32Cube_FW_N6_V1.3.0, STM32Cube_FW_U0_V1.3.0, STM32Cube_FW_U3_V1.2.1, STM32Cube_FW_U5_V1.8.0, STM32Cube_FW_WB0_V1.4.0, STM32Cube_FW_WBA_V1.8.0, STM32Cube_FW_WB_V1.24.0, STM32Cube_FW_WL3_V1.3.0, STM32Cube_FW_WL_V1.4.0, X-CUBE-ALGOBUILD_V1.4.0, X-CUBE-ALS_V1.0.2, X-CUBE-AZRTOS-F4_V1.1.0, X-CUBE-AZRTOS-F7_V1.1.0, X-CUBE-AZRTOS-G0_V1.1.0, X-CUBE-AZRTOS-G4_V2.0.0, X-CUBE-AZRTOS-H7RS_V1.1.0, X-CUBE-AZRTOS-H7_V3.4.0, X-CUBE-AZRTOS-L4_V2.0.0, X-CUBE-AZRTOS-L5_V2.0.0, X-CUBE-AZRTOS-WB_V2.0.0, X-CUBE-AZRTOS-WL_V2.0.0, X-CUBE-BLE1_V7.1.0, X-CUBE-BLE2_V3.3.0, X-CUBE-BLEMGR_V4.1.0, X-CUBE-EEPRMA1_V5.2.0, X-CUBE-FREERTOS_V1.3.1, X-CUBE-GNSS1_V6.0.0, X-CUBE-MEMS1_V11.3.0, X-CUBE-NFC4_V3.0.0, X-CUBE-NFC7_V2.0.0, X-CUBE-SFXS2LP1_V4.0.0, X-CUBE-ST67W61_V1.1.0, X-CUBE-SUBG2_V5.0.0, X-CUBE-TOF1_V3.4.3]
2025-12-26 10:24:37,202 [INFO] ApiDb:240 - Found 483 in-development CPN: [B-G473E-ZEST1S, B-WB1M-WPAN1, B-WL5M-SUBG1, NUCLEO-C031C6, NUCLEO-H503RB, NUCLEO-H533RE, NUCLEO-H563ZI, NUCLEO-H7S3L8, NUCLEO-U031R8, NUCLEO-U083RC, NUCLEO-U545RE-Q, NUCLEO-U5A5ZJ-Q, NUCLEO-WBA52CG, NUCLEO-WBA55CG, STEVAL-PROTEUS1, STEVAL-SMARTAG2, STEVAL-STWINBX1, STM320518-EVAL, STM32C0116-DK, STM32C011D6Y3TR, STM32C011D6Y6TR, STM32C011F4P3, STM32C011F4P6, STM32C011F4U3, STM32C011F4U6TR, STM32C011F6P3, STM32C011F6P6, STM32C011F6U3, STM32C011F6U6TR, STM32C011J4M3, STM32C011J4M6, STM32C011J6M3, STM32C011J6M6, STM32C0316-DK, STM32C031C4T3, STM32C031C4T6, STM32C031C4U3, STM32C031C4U6, STM32C031C6T3, STM32C031C6T6, STM32C031C6U3, STM32C031C6U6, STM32C031F4P3, STM32C031F4P6, STM32C031F6P3, STM32C031F6P6, STM32C031G4U3, STM32C031G4U6, STM32C031G6U3, STM32C031G6U6, STM32C031K4T3, STM32C031K4T6, STM32C031K4U3, STM32C031K4U6, STM32C031K6T3, STM32C031K6T6, STM32C031K6U3, STM32C031K6U6, STM32G071K8TXN, STM32G071K8UXN, STM32G081GBU6N, STM32G081KBT6N, STM32G081KBUXN, STM32G0B1CCT6N, STM32G0B1KCT6, STM32G0B1NEY6TR, STM32G0B1RCT6N, STM32G0C1CCT6, STM32G0C1CCT6N, STM32G0C1CCU6N, STM32G0C1CET6N, STM32G0C1CEU6N, STM32G0C1KCT6, STM32G0C1NEY6TR, STM32G0C1RCI6N, STM32G0C1RCT6N, STM32G0C1REI6N, STM32G0C1RET6N, STM32G0C1VCI6, STM32G0C1VEI6, STM32G471CCT6, STM32G471CCU6, STM32G471CET3, STM32G471CET6, STM32G471CEU3, STM32G471CEU6, STM32G471MCT6, STM32G471MET3, STM32G471MET6, STM32G471MEY6TR, STM32G471QCT6, STM32G471QET3, STM32G471RCT6, STM32G471RET3, STM32G471RET6, STM32G471VCH6, STM32G471VCI6, STM32G471VCT6, STM32G471VEH3, STM32G471VEH6, STM32G471VEI3, STM32G471VEI6, STM32G471VET3, STM32G471VET6, STM32G474CCT6, STM32H503CBT6, STM32H503CBU6, STM32H503EBY6TR, STM32H503KBU6, STM32H503RBT6, STM32H523CCT6, STM32H523CCU6, STM32H523CET6, STM32H523CEU6, STM32H523HEY6TR, STM32H523RCT6, STM32H523RET6, STM32H523VCI6, STM32H523VCT6, STM32H523VEI6, STM32H523VET6, STM32H523ZCJ6, STM32H523ZCT6, STM32H523ZEJ6, STM32H523ZET6, STM32H533CET6, STM32H533CEU6, STM32H533HEY6TR, STM32H533RET6, STM32H533VEI6, STM32H533VET6, STM32H533ZEJ6, STM32H533ZET6, STM32H562AGI6, STM32H562AII6, STM32H562IGK6, STM32H562IGT6, STM32H562IIK6, STM32H562IIT6, STM32H562RGT6, STM32H562RGV6, STM32H562RIT6, STM32H562RIV6, STM32H562VGT6, STM32H562VIT6, STM32H562ZGT6, STM32H562ZIT6, STM32H563AGI6, STM32H563AII3Q, STM32H563AII6, STM32H563IGK6, STM32H563IGT6, STM32H563IIK3Q, STM32H563IIK6, STM32H563IIT3Q, STM32H563IIT6, STM32H563MIY3QTR, STM32H563RGT6, STM32H563RGV6, STM32H563RIT6, STM32H563RIV6, STM32H563VGT6, STM32H563VIT3Q, STM32H563VIT6, STM32H563ZGT6, STM32H563ZIT3Q, STM32H563ZIT6, STM32H573AII3Q, STM32H573AII6, STM32H573I-DK, STM32H573IIK3Q, STM32H573IIK6, STM32H573IIT3Q, STM32H573IIT6, STM32H573MIY3QTR, STM32H573RIT6, STM32H573RIV6, STM32H573VIT3Q, STM32H573VIT6, STM32H573ZIT3Q, STM32H573ZIT6, STM32H7R3A8I6, STM32H7R3I8K6, STM32H7R3I8T6, STM32H7R3L8H6, STM32H7R3L8H6H, STM32H7R3R8V6, STM32H7R3V8H6, STM32H7R3V8T6, STM32H7R3V8Y6, STM32H7R3Z8J6, STM32H7R3Z8T6, STM32H7R7A8I6, STM32H7R7I8K6, STM32H7R7I8T6, STM32H7R7L8H6, STM32H7R7L8H6H, STM32H7R7Z8J6, STM32H7S3A8I6, STM32H7S3I8K6, STM32H7S3I8T6, STM32H7S3L8H6, STM32H7S3L8H6H, STM32H7S3R8V6, STM32H7S3V8H6, STM32H7S3V8T6, STM32H7S3V8Y6, STM32H7S3Z8J6, STM32H7S3Z8T6, STM32H7S78-DK, STM32H7S7A8I6, STM32H7S7I8K6, STM32H7S7I8T6, STM32H7S7L8H6, STM32H7S7L8H6H, STM32H7S7Z8J6, STM32L4R5QGI6STR, STM32MP131AAE3, STM32MP131AAF3, STM32MP131AAG3, STM32MP131CAE3, STM32MP131CAF3, STM32MP131CAG3, STM32MP131DAE7, STM32MP131DAF7, STM32MP131DAG7, STM32MP131FAE7, STM32MP131FAF7, STM32MP131FAG7, STM32MP133AAE3, STM32MP133AAF3, STM32MP133AAG3, STM32MP133CAE3, STM32MP133CAF3, STM32MP133CAG3, STM32MP133DAE7, STM32MP133DAF7, STM32MP133DAG7, STM32MP133FAE7, STM32MP133FAF7, STM32MP133FAG7, STM32MP135AAE3, STM32MP135AAF3, STM32MP135AAG3, STM32MP135CAE3, STM32MP135CAF3, STM32MP135CAG3, STM32MP135DAE7, STM32MP135DAF7, STM32MP135DAG7, STM32MP135F-DK, STM32MP135FAE7, STM32MP135FAF7, STM32MP135FAF7T, STM32MP135FAF7U, STM32MP135FAG7, STM32U031C6T6, STM32U031C6U6, STM32U031C8T6, STM32U031C8U6, STM32U031F4P6, STM32U031F6P6, STM32U031F8P6, STM32U031G6Y6TR, STM32U031G8Y6TR, STM32U031K4U6, STM32U031K6U6, STM32U031K8U6, STM32U031R6I6, STM32U031R6T6, STM32U031R8I6, STM32U031R8T6, STM32U073C8T6, STM32U073C8U6, STM32U073CBT6, STM32U073CBU6, STM32U073CCT6, STM32U073CCU6, STM32U073H8Y6TR, STM32U073HBY6TR, STM32U073HCY6TR, STM32U073K8U6, STM32U073KBU6, STM32U073KCU6, STM32U073M8I6, STM32U073M8T6, STM32U073MBI6, STM32U073MBT6, STM32U073MCI6, STM32U073MCT6, STM32U073R8I6, STM32U073R8T6, STM32U073RBI6, STM32U073RBT6, STM32U073RCI6, STM32U073RCT6, STM32U083C-DK, STM32U083CCT6, STM32U083CCU6, STM32U083HCY6TR, STM32U083KCU6, STM32U083MCI6, STM32U083MCT6, STM32U083RCI6, STM32U083RCT6, STM32U535CBT6, STM32U535CBT6Q, STM32U535CBU6, STM32U535CBU6Q, STM32U535CCT6, STM32U535CCT6Q, STM32U535CCU6, STM32U535CCU6Q, STM32U535CET6, STM32U535CET6Q, STM32U535CEU6, STM32U535CEU6Q, STM32U535JEY6QTR, STM32U535NCY6QTR, STM32U535NEY6QTR, STM32U535RBI6, STM32U535RBI6Q, STM32U535RBT6, STM32U535RBT6Q, STM32U535RCI6, STM32U535RCI6Q, STM32U535RCT6, STM32U535RCT6Q, STM32U535REI6, STM32U535REI6Q, STM32U535RET6, STM32U535RET6Q, STM32U535VCI6, STM32U535VCI6Q, STM32U535VCT6, STM32U535VCT6Q, STM32U535VEI6, STM32U535VEI6Q, STM32U535VET6, STM32U535VET6Q, STM32U545CET6, STM32U545CET6Q, STM32U545CEU6, STM32U545CEU6Q, STM32U545JEY6QTR, STM32U545NEY6QTR, STM32U545REI6, STM32U545REI6Q, STM32U545RET6, STM32U545RET6Q, STM32U545VEI6, STM32U545VEI6Q, STM32U545VET6, STM32U545VET6Q, STM32U595AIH6, STM32U595AIH6Q, STM32U595AJH6, STM32U595AJH6Q, STM32U595QII6, STM32U595QII6Q, STM32U595QJI6, STM32U595QJI6Q, STM32U595RIT6, STM32U595RIT6Q, STM32U595RJT6, STM32U595RJT6Q, STM32U595VIT6, STM32U595VIT6Q, STM32U595VJT6, STM32U595VJT6Q, STM32U595ZIT6, STM32U595ZIT6Q, STM32U595ZIY6QTR, STM32U595ZJT6, STM32U595ZJT6Q, STM32U595ZJY6QTR, STM32U599BJY6QTR, STM32U599NIH6Q, STM32U599NJH6Q, STM32U599VIT6Q, STM32U599VJT6, STM32U599VJT6Q, STM32U599ZIT6Q, STM32U599ZIY6QTR, STM32U599ZJT6Q, STM32U599ZJY6QTR, STM32U5A5AJH6, STM32U5A5AJH6Q, STM32U5A5QII3Q , STM32U5A5QJI6, STM32U5A5QJI6Q, STM32U5A5RJT6, STM32U5A5RJT6Q, STM32U5A5VJT6, STM32U5A5VJT6Q, STM32U5A5ZJT6, STM32U5A5ZJT6Q, STM32U5A5ZJY6QTR, STM32U5A9BJY6QTR, STM32U5A9J-DK, STM32U5A9NJH6Q, STM32U5A9VJT6Q, STM32U5A9ZJT6Q, STM32U5A9ZJY6QTR, STM32U5F7VIT6, STM32U5F7VIT6Q, STM32U5F7VJT6, STM32U5F7VJT6Q, STM32U5F9BJY6QTR, STM32U5F9NJH6Q, STM32U5F9VIT6Q, STM32U5F9VJT6Q, STM32U5F9ZIJ6QTR, STM32U5F9ZIT6Q, STM32U5F9ZJJ6QTR, STM32U5F9ZJT6Q, STM32U5G7VJT6, STM32U5G7VJT6Q, STM32U5G9BJY6QTR, STM32U5G9J-DK1, STM32U5G9J-DK2, STM32U5G9NJH6Q, STM32U5G9VJT6Q, STM32U5G9ZJJ6QTR, STM32U5G9ZJT6Q, STM32WB1MMCH6, STM32WBA50KEU6, STM32WBA50KEU6TR, STM32WBA50KGU6, STM32WBA50KGU6TR, STM32WBA52CEU6, STM32WBA52CEU6TR, STM32WBA52CEU7, STM32WBA52CEU7TR, STM32WBA52CGU6, STM32WBA52CGU6TR, STM32WBA52CGU6U, STM32WBA52CGU7, STM32WBA52CGU7TR, STM32WBA52KEU6, STM32WBA52KEU6TR, STM32WBA52KGU6, STM32WBA52KGU6TR, STM32WBA54CEU6, STM32WBA54CEU6TR, STM32WBA54CEU7, STM32WBA54CEU7TR, STM32WBA54CGU6, STM32WBA54CGU6TR, STM32WBA54CGU7, STM32WBA54CGU7TR, STM32WBA54KEU6, STM32WBA54KEU6TR, STM32WBA54KEU7, STM32WBA54KEU7TR, STM32WBA54KGU6, STM32WBA54KGU6TR, STM32WBA54KGU7, STM32WBA54KGU7TR, STM32WBA55CEU6, STM32WBA55CEU6TR, STM32WBA55CEU7, STM32WBA55CEU7TR, STM32WBA55CGU6, STM32WBA55CGU6TR, STM32WBA55CGU6U, STM32WBA55CGU7, STM32WBA55CGU7TR, STM32WBA55G-DK1, STM32WBA55HEF6, STM32WBA55HEF7, STM32WBA55HGF6, STM32WBA55HGF7, STM32WBA55UEI6, STM32WBA55UEI6TR, STM32WBA55UEI7, STM32WBA55UEI7TR, STM32WBA55UGI6, STM32WBA55UGI6TR, STM32WBA55UGI7, STM32WBA55UGI7TR, STM32WL5MOCH6, STM32WL5MOCH6TR]
2025-12-26 10:24:37,207 [INFO] DbMcus:218 - Found 4816 MCUs, 4816 are supported
2025-12-26 10:24:37,208 [INFO] ApiDb:423 - Load user favorites file /home/achadansori/.stm32cubeide/favorites.mcus.txt: 0 item(s)
2025-12-26 10:24:37,208 [INFO] ApiDb:427 - User favorites MCUs=[]
2025-12-26 10:24:37,208 [INFO] DbMcus:224 - Set 0 / 0 favorites MCUs
2025-12-26 10:24:37,517 [INFO] BoardInfo:889 - No configuration file found for board B-WBA5M-WPAN
2025-12-26 10:24:37,517 [INFO] DbBoards:161 - Board is not supported: B-WBA5M-WPAN
2025-12-26 10:24:37,519 [INFO] BoardInfo:889 - No configuration file found for board NUCLEO-C051C8
2025-12-26 10:24:37,519 [INFO] DbBoards:161 - Board is not supported: NUCLEO-C051C8
2025-12-26 10:24:37,521 [INFO] BoardInfo:889 - No configuration file found for board NUCLEO-C071RB
2025-12-26 10:24:37,521 [INFO] DbBoards:161 - Board is not supported: NUCLEO-C071RB
2025-12-26 10:24:37,522 [INFO] BoardInfo:889 - No configuration file found for board NUCLEO-C092RC
2025-12-26 10:24:37,522 [INFO] DbBoards:161 - Board is not supported: NUCLEO-C092RC
2025-12-26 10:24:37,604 [INFO] BoardInfo:889 - No configuration file found for board NUCLEO-N657X0-Q
2025-12-26 10:24:37,605 [INFO] DbBoards:161 - Board is not supported: NUCLEO-N657X0-Q
2025-12-26 10:24:37,607 [INFO] BoardInfo:889 - No configuration file found for board NUCLEO-U385RG-Q
2025-12-26 10:24:37,607 [INFO] DbBoards:161 - Board is not supported: NUCLEO-U385RG-Q
2025-12-26 10:24:37,611 [INFO] BoardInfo:889 - No configuration file found for board NUCLEO-WB05KZ
2025-12-26 10:24:37,611 [INFO] DbBoards:161 - Board is not supported: NUCLEO-WB05KZ
2025-12-26 10:24:37,612 [INFO] BoardInfo:889 - No configuration file found for board NUCLEO-WB07CC
2025-12-26 10:24:37,612 [INFO] DbBoards:161 - Board is not supported: NUCLEO-WB07CC
2025-12-26 10:24:37,613 [INFO] BoardInfo:889 - No configuration file found for board NUCLEO-WB09KE
2025-12-26 10:24:37,613 [INFO] DbBoards:161 - Board is not supported: NUCLEO-WB09KE
2025-12-26 10:24:37,617 [INFO] BoardInfo:889 - No configuration file found for board NUCLEO-WBA65RI
2025-12-26 10:24:37,618 [INFO] DbBoards:161 - Board is not supported: NUCLEO-WBA65RI
2025-12-26 10:24:37,618 [INFO] BoardInfo:889 - No configuration file found for board NUCLEO-WL33CC1
2025-12-26 10:24:37,619 [INFO] DbBoards:161 - Board is not supported: NUCLEO-WL33CC1
2025-12-26 10:24:37,619 [INFO] BoardInfo:889 - No configuration file found for board NUCLEO-WL33CC2
2025-12-26 10:24:37,620 [INFO] DbBoards:161 - Board is not supported: NUCLEO-WL33CC2
2025-12-26 10:24:37,624 [INFO] BoardInfo:889 - No configuration file found for board P-NUCLEO-WB55
2025-12-26 10:24:37,624 [INFO] DbBoards:161 - Kit is not supported: P-NUCLEO-WB55
2025-12-26 10:24:37,627 [INFO] BoardInfo:889 - No configuration file found for board STEVAL-BFA001V1B
2025-12-26 10:24:37,627 [INFO] DbBoards:161 - Kit is not supported: STEVAL-BFA001V1B
2025-12-26 10:24:37,627 [INFO] BoardInfo:889 - No configuration file found for board STEVAL-BFA001V2B
2025-12-26 10:24:37,627 [INFO] DbBoards:161 - Kit is not supported: STEVAL-BFA001V2B
2025-12-26 10:24:37,676 [INFO] BoardInfo:889 - No configuration file found for board STM32MP257F-DK
2025-12-26 10:24:37,676 [INFO] DbBoards:161 - Board is not supported: STM32MP257F-DK
2025-12-26 10:24:37,677 [INFO] BoardInfo:889 - No configuration file found for board STM32MP257F-EV1
2025-12-26 10:24:37,677 [INFO] DbBoards:161 - Board is not supported: STM32MP257F-EV1
2025-12-26 10:24:37,677 [INFO] BoardInfo:889 - No configuration file found for board STM32N6570-DK
2025-12-26 10:24:37,677 [INFO] DbBoards:161 - Board is not supported: STM32N6570-DK
2025-12-26 10:24:37,682 [INFO] BoardInfo:889 - No configuration file found for board STM32WBA65I-DK1
2025-12-26 10:24:37,682 [INFO] DbBoards:161 - Board is not supported: STM32WBA65I-DK1
2025-12-26 10:24:37,682 [INFO] DbBoards:168 - Found 211 boards, 192 are supported
2025-12-26 10:24:37,682 [INFO] DbBoards:169 - Found 211 boards, 8 of them is supported for  Bsp
2025-12-26 10:24:37,684 [INFO] ApiDb:423 - Load user favorites file /home/achadansori/.stm32cubeide/favorites.boards.txt: 1 item(s)
2025-12-26 10:24:37,685 [INFO] ApiDb:427 - User favorites Boards=[STM32F407G-DISC1]
2025-12-26 10:24:37,685 [INFO] DbBoards:198 - Set 1 / 1 favorites Boards
2025-12-26 10:24:37,743 [INFO] UtilMem:75 - End LoadConfig() Used Memory: 326920824 Bytes (573571072)
2025-12-26 10:24:37,896 [WARN] ThirdParty:833 - waiting for thirdparty lock release [change project]
2025-12-26 10:24:37,896 [INFO] ThirdParty:835 - entering critical section [change project]
2025-12-26 10:24:37,896 [INFO] ThirdParty:1030 - CMSIS Pack Vendor :STMicroelectronics X-CUBE-PM33A1 1.0.0
2025-12-26 10:24:37,897 [INFO] ThirdParty:1030 - CMSIS Pack Vendor :STMicroelectronics USBPD 4.1
2025-12-26 10:24:37,897 [INFO] ThirdParty:1030 - CMSIS Pack Vendor :STMicroelectronics X-CUBE-AZRTOS-H7 3.3.0
2025-12-26 10:24:37,897 [INFO] ThirdParty:1030 - CMSIS Pack Vendor :STMicroelectronics X-CUBE-NFC9 1.0.0
2025-12-26 10:24:37,897 [INFO] ThirdParty:1030 - CMSIS Pack Vendor :STMicroelectronics X-CUBE-GNSS1 6.0.0
2025-12-26 10:24:37,897 [INFO] ThirdParty:1030 - CMSIS Pack Vendor :STMicroelectronics USB_HOST 2.0.0
2025-12-26 10:24:37,897 [INFO] ThirdParty:1030 - CMSIS Pack Vendor :STMicroelectronics FP-SNS-MOTENVWB1 1.4.0
2025-12-26 10:24:37,897 [INFO] ThirdParty:1030 - CMSIS Pack Vendor :STMicroelectronics X-CUBE-AZRTOS-F4 1.1.0
2025-12-26 10:24:37,897 [INFO] ThirdParty:1030 - CMSIS Pack Vendor :STMicroelectronics LIBJPEG 8.0.0
2025-12-26 10:24:37,897 [INFO] ThirdParty:1030 - CMSIS Pack Vendor :STMicroelectronics FP-ATR-ASTRA1 2.0.2
2025-12-26 10:24:37,897 [INFO] ThirdParty:1030 - CMSIS Pack Vendor :STMicroelectronics X-CUBE-BLE1 7.1.0
2025-12-26 10:24:37,897 [INFO] ThirdParty:1030 - CMSIS Pack Vendor :STMicroelectronics X-CUBE-SMBUS 2.1.0
2025-12-26 10:24:37,897 [INFO] ThirdParty:1030 - CMSIS Pack Vendor :STMicroelectronics USB_DEVICE 3.0.0
2025-12-26 10:24:37,897 [INFO] ThirdParty:1030 - CMSIS Pack Vendor :STMicroelectronics X-CUBE-TCPP 4.1.0
2025-12-26 10:24:37,897 [INFO] ThirdParty:1030 - CMSIS Pack Vendor :STMicroelectronics X-CUBE-ISPU 2.1.0
2025-12-26 10:24:37,897 [INFO] ThirdParty:1030 - CMSIS Pack Vendor :STMicroelectronics X-CUBE-EEPRMA1 5.2.0
2025-12-26 10:24:37,897 [INFO] ThirdParty:1030 - CMSIS Pack Vendor :STMicroelectronics X-CUBE-FREERTOS 1.2.0
2025-12-26 10:24:37,898 [INFO] ThirdParty:1030 - CMSIS Pack Vendor :STMicroelectronics X-CUBE-AZRTOS-WB 2.0.0
2025-12-26 10:24:37,898 [INFO] ThirdParty:1030 - CMSIS Pack Vendor :STMicroelectronics X-CUBE-GNSS1 7.0.1
2025-12-26 10:24:37,898 [INFO] ThirdParty:1030 - CMSIS Pack Vendor :STMicroelectronics X-CUBE-NFC12 1.0.0
2025-12-26 10:24:37,898 [INFO] ThirdParty:1030 - CMSIS Pack Vendor :STMicroelectronics X-CUBE-TOUCHGFX 4.23.2
2025-12-26 10:24:37,898 [INFO] ThirdParty:1030 - CMSIS Pack Vendor :STMicroelectronics X-CUBE-AZRTOS-F7 1.1.0
2025-12-26 10:24:37,898 [INFO] ThirdParty:1030 - CMSIS Pack Vendor :STMicroelectronics X-CUBE-AZRTOS-L5 2.0.0
2025-12-26 10:24:37,898 [INFO] ThirdParty:1030 - CMSIS Pack Vendor :STMicroelectronics USB_DEVICE 2.0.0
2025-12-26 10:24:37,898 [INFO] ThirdParty:1030 - CMSIS Pack Vendor :STMicroelectronics X-CUBE-NFC6 3.1.0
2025-12-26 10:24:37,898 [INFO] ThirdParty:1030 - CMSIS Pack Vendor :STMicroelectronics FP-SNS-STBOX1 2.0.0
2025-12-26 10:24:37,898 [INFO] ThirdParty:1030 - CMSIS Pack Vendor :quantropi X-CUBE-qispace-sdk-base 2.1.0
2025-12-26 10:24:37,898 [INFO] ThirdParty:1030 - CMSIS Pack Vendor :STMicroelectronics X-CUBE-MEMS1 12.0.0
2025-12-26 10:24:37,898 [INFO] ThirdParty:1030 - CMSIS Pack Vendor :STMicroelectronics X-CUBE-MEMS1 11.0.0
2025-12-26 10:24:37,898 [INFO] ThirdParty:1030 - CMSIS Pack Vendor :STMicroelectronics FreeRTOS 0.0.1
2025-12-26 10:24:37,898 [INFO] ThirdParty:1030 - CMSIS Pack Vendor :STMicroelectronics X-CUBE-AZRTOS-G0 1.1.0
2025-12-26 10:24:37,898 [INFO] ThirdParty:1030 - CMSIS Pack Vendor :STMicroelectronics X-CUBE-SAFEA1 1.2.2
2025-12-26 10:24:37,898 [INFO] ThirdParty:1030 - CMSIS Pack Vendor :STMicroelectronics X-CUBE-NFC4 3.0.0
2025-12-26 10:24:37,898 [INFO] ThirdParty:1030 - CMSIS Pack Vendor :STMicroelectronics X-CUBE-DPower 1.2.0
2025-12-26 10:24:37,898 [INFO] ThirdParty:1030 - CMSIS Pack Vendor :STMicroelectronics X-CUBE-SUBG2 5.0.0
2025-12-26 10:24:37,899 [INFO] ThirdParty:1030 - CMSIS Pack Vendor :STMicroelectronics X-CUBE-AZRTOS-H7RS 1.1.0
2025-12-26 10:24:37,899 [INFO] ThirdParty:1030 - CMSIS Pack Vendor :STMicroelectronics STM32_WPAN 1.0.0
2025-12-26 10:24:37,899 [INFO] ThirdParty:1030 - CMSIS Pack Vendor :wolfSSL I-CUBE-wolfMQTT 1.18.0
2025-12-26 10:24:37,899 [INFO] ThirdParty:1030 - CMSIS Pack Vendor :EmbeddedOffice I-CUBE-FS-RTOS 1.0.1
2025-12-26 10:24:37,899 [INFO] ThirdParty:1030 - CMSIS Pack Vendor :STMicroelectronics lwIP 2.0.3
2025-12-26 10:24:37,899 [INFO] ThirdParty:1030 - CMSIS Pack Vendor :STMicroelectronics FP-SNS-FLIGHT1 5.0.2
2025-12-26 10:24:37,899 [INFO] ThirdParty:1030 - CMSIS Pack Vendor :Cesanta I-CUBE-Mongoose 7.13.0
2025-12-26 10:24:37,899 [INFO] ThirdParty:1030 - CMSIS Pack Vendor :STMicroelectronics USB_HOST 1.0.0
2025-12-26 10:24:37,899 [INFO] ThirdParty:1030 - CMSIS Pack Vendor :STMicroelectronics X-CUBE-AI 9.0.0
2025-12-26 10:24:37,899 [INFO] ThirdParty:1030 - CMSIS Pack Vendor :STMicroelectronics X-CUBE-AZRTOS-G4 2.0.0
2025-12-26 10:24:37,899 [INFO] ThirdParty:1030 - CMSIS Pack Vendor :STMicroelectronics X-CUBE-WB05N 2.0.0
2025-12-26 10:24:37,899 [INFO] ThirdParty:1030 - CMSIS Pack Vendor :STMicroelectronics PDM2PCM 3.1.0
2025-12-26 10:24:37,899 [INFO] ThirdParty:1030 - CMSIS Pack Vendor :STMicroelectronics PDM2PCM 3.3.0
2025-12-26 10:24:37,899 [INFO] ThirdParty:1030 - CMSIS Pack Vendor :STMicroelectronics X-CUBE-AZRTOS-H7 3.4.0
2025-12-26 10:24:37,899 [INFO] ThirdParty:1030 - CMSIS Pack Vendor :STMicroelectronics X-CUBE-DISPLAY 3.0.0
2025-12-26 10:24:37,899 [INFO] ThirdParty:1030 - CMSIS Pack Vendor :STMicroelectronics X-CUBE-NFC7 2.0.0
2025-12-26 10:24:37,899 [INFO] ThirdParty:1030 - CMSIS Pack Vendor :wolfSSL I-CUBE-wolfSSL 5.7.0
2025-12-26 10:24:37,899 [INFO] ThirdParty:1030 - CMSIS Pack Vendor :STMicroelectronics X-CUBE-BLE1 7.0.0
2025-12-26 10:24:37,899 [INFO] ThirdParty:1030 - CMSIS Pack Vendor :STMicroelectronics FP-ATR-SIGFOX1 3.2.0
2025-12-26 10:24:37,899 [INFO] ThirdParty:1030 - CMSIS Pack Vendor :STMicroelectronics X-CUBE-NFC10 1.0.0
2025-12-26 10:24:37,899 [INFO] ThirdParty:1030 - CMSIS Pack Vendor :STMicroelectronics X-CUBE-ISPU 2.0.0
2025-12-26 10:24:37,899 [INFO] ThirdParty:1030 - CMSIS Pack Vendor :STMicroelectronics X-CUBE-EEPRMA1 5.1.0
2025-12-26 10:24:37,899 [INFO] ThirdParty:1030 - CMSIS Pack Vendor :STMicroelectronics X-CUBE-FREERTOS 1.3.1
2025-12-26 10:24:37,899 [INFO] ThirdParty:1030 - CMSIS Pack Vendor :STMicroelectronics HAL Drivers 0.0.0
2025-12-26 10:24:37,899 [INFO] ThirdParty:1030 - CMSIS Pack Vendor :STMicroelectronics MBEDTLS 2.16.2
2025-12-26 10:24:37,899 [INFO] ThirdParty:1030 - CMSIS Pack Vendor :STMicroelectronics X-CUBE-ALS 1.0.2
2025-12-26 10:24:37,899 [INFO] ThirdParty:1030 - CMSIS Pack Vendor :emotas I-CUBE-CANOPEN 1.3.0
2025-12-26 10:24:37,899 [INFO] ThirdParty:1030 - CMSIS Pack Vendor :STMicroelectronics X-CUBE-MEMS1 10.0.0
2025-12-26 10:24:37,899 [INFO] ThirdParty:1030 - CMSIS Pack Vendor :STMicroelectronics X-CUBE-NFC7 1.0.1
2025-12-26 10:24:37,899 [INFO] ThirdParty:1030 - CMSIS Pack Vendor :STMicroelectronics MBEDTLS 2.14.1
2025-12-26 10:24:37,899 [INFO] ThirdParty:1030 - CMSIS Pack Vendor :STMicroelectronics X-CUBE-GNSS1 7.1.0
2025-12-26 10:24:37,899 [INFO] ThirdParty:1030 - CMSIS Pack Vendor :STMicroelectronics X-CUBE-TOUCHGFX 4.24.0
2025-12-26 10:24:37,899 [INFO] ThirdParty:1030 - CMSIS Pack Vendor :ITTIA_DB I-CUBE-ITTIADB 8.9.0
2025-12-26 10:24:37,899 [INFO] ThirdParty:1030 - CMSIS Pack Vendor :STMicroelectronics X-CUBE-TOUCHGFX 4.26.0
2025-12-26 10:24:37,900 [INFO] ThirdParty:1030 - CMSIS Pack Vendor :STMicroelectronics X-CUBE-STSE01 1.0.0
2025-12-26 10:24:37,900 [INFO] ThirdParty:1030 - CMSIS Pack Vendor :portGmbH I-Cube-SoM-uGOAL 1.1.0
2025-12-26 10:24:37,900 [INFO] ThirdParty:1030 - CMSIS Pack Vendor :STMicroelectronics X-CUBE-BLEMGR 3.1.0
2025-12-26 10:24:37,900 [INFO] ThirdParty:1030 - CMSIS Pack Vendor :STMicroelectronics X-CUBE-AI 10.2.0
2025-12-26 10:24:37,900 [INFO] ThirdParty:1030 - CMSIS Pack Vendor :STMicroelectronics ThreadX 1.0.0
2025-12-26 10:24:37,900 [INFO] ThirdParty:1030 - CMSIS Pack Vendor :STMicroelectronics FP-SNS-SMARTAG2 1.2.0
2025-12-26 10:24:37,900 [INFO] ThirdParty:1030 - CMSIS Pack Vendor :STMicroelectronics X-CUBE-AZRTOS-WL 2.0.0
2025-12-26 10:24:37,900 [INFO] ThirdParty:1030 - CMSIS Pack Vendor :SEGGER I-CUBE-embOS 1.3.1
2025-12-26 10:24:37,900 [INFO] ThirdParty:1030 - CMSIS Pack Vendor :STMicroelectronics X-CUBE-ALGOBUILD 1.4.0
2025-12-26 10:24:37,900 [INFO] ThirdParty:1030 - CMSIS Pack Vendor :STMicroelectronics X-CUBE-DPower 1.3.0
2025-12-26 10:24:37,900 [INFO] ThirdParty:1030 - CMSIS Pack Vendor :STMicroelectronics X-CUBE-MEMS1 11.3.0
2025-12-26 10:24:37,900 [INFO] ThirdParty:1030 - CMSIS Pack Vendor :STMicroelectronics FP-SNS-MOTENV1 5.0.0
2025-12-26 10:24:37,900 [INFO] ThirdParty:1030 - CMSIS Pack Vendor :STMicroelectronics USB_DEVICE 1.0.0
2025-12-26 10:24:37,900 [INFO] ThirdParty:1030 - CMSIS Pack Vendor :STMicroelectronics X-CUBE-AZRTOS-H7RS 1.2.0
2025-12-26 10:24:37,900 [INFO] ThirdParty:1030 - CMSIS Pack Vendor :STMicroelectronics X-CUBE-AZRTOS-H7RS 1.0.0
2025-12-26 10:24:37,900 [INFO] ThirdParty:1030 - CMSIS Pack Vendor :STMicroelectronics X-CUBE-AZRTOS-L4 2.0.0
2025-12-26 10:24:37,900 [INFO] ThirdParty:1030 - CMSIS Pack Vendor :STMicroelectronics ThreadX 0.0.2
2025-12-26 10:24:37,900 [INFO] ThirdParty:1030 - CMSIS Pack Vendor :WES I-CUBE-Cesium 1.3.0
2025-12-26 10:24:37,900 [INFO] ThirdParty:1030 - CMSIS Pack Vendor :STMicroelectronics FP-ATR-ASTRA1 2.0.0
2025-12-26 10:24:37,900 [INFO] ThirdParty:1030 - CMSIS Pack Vendor :STMicroelectronics lwIP 2.1.2
2025-12-26 10:24:37,900 [INFO] ThirdParty:1030 - CMSIS Pack Vendor :STMicroelectronics X-CUBE-SFXS2LP1 4.0.0
2025-12-26 10:24:37,900 [INFO] ThirdParty:1030 - CMSIS Pack Vendor :STMicroelectronics X-CUBE-BLE2 3.3.0
2025-12-26 10:24:37,900 [INFO] ThirdParty:1030 - CMSIS Pack Vendor :STMicroelectronics X-CUBE-TOF1 3.4.2
2025-12-26 10:24:37,900 [INFO] ThirdParty:1030 - CMSIS Pack Vendor :STMicroelectronics X-CUBE-TOF1 3.4.1
2025-12-26 10:24:37,900 [INFO] ThirdParty:1030 - CMSIS Pack Vendor :STMicroelectronics X-CUBE-AZRTOS-H7 3.2.0
2025-12-26 10:24:37,900 [INFO] ThirdParty:1030 - CMSIS Pack Vendor :Infineon AIROC-Wi-Fi-Bluetooth-STM32 1.6.0
2025-12-26 10:24:37,900 [INFO] ThirdParty:1030 - CMSIS Pack Vendor :STMicroelectronics PDM2PCM 3.2.0
2025-12-26 10:24:37,901 [INFO] ThirdParty:841 - exiting critical section [change project]
2025-12-26 10:24:38,302 [INFO] PinOutPanel:1561 - setPackage(No Configuration,No Configuration)
2025-12-26 10:24:38,303 [INFO] PinOutPanel:1561 - setPackage(STM32F407VGTx,LQFP100)
2025-12-26 10:24:39,004 [INFO] UtilMem:75 - Before build in PCC Used Memory: 322831264 Bytes (773849088)
2025-12-26 10:24:40,619 [INFO] UtilMem:75 - After build in PCC Used Memory: 342666800 Bytes (773849088)
2025-12-26 10:24:40,789 [INFO] ApiDbMcu:508 - Load IP Config File for USB_DEVICE
2025-12-26 10:24:40,904 [INFO] IPUIPlugin:80 - create IPUIPlugin
2025-12-26 10:24:40,905 [INFO] IPUIPlugin:80 - create IPUIPlugin
2025-12-26 10:24:40,905 [INFO] IPUIPlugin:80 - create IPUIPlugin
2025-12-26 10:24:40,905 [INFO] IPUIPlugin:80 - create IPUIPlugin
2025-12-26 10:24:40,905 [INFO] IPUIPlugin:80 - create IPUIPlugin
2025-12-26 10:24:40,906 [INFO] IPUIPlugin:80 - create IPUIPlugin
2025-12-26 10:24:40,907 [INFO] IPUIPlugin:80 - create IPUIPlugin
2025-12-26 10:24:40,911 [INFO] IPUIPlugin:80 - create IPUIPlugin
2025-12-26 10:24:40,911 [INFO] IPUIPlugin:80 - create IPUIPlugin
2025-12-26 10:24:40,911 [INFO] IPUIPlugin:80 - create IPUIPlugin
2025-12-26 10:24:40,912 [INFO] IPUIPlugin:80 - create IPUIPlugin
2025-12-26 10:24:40,912 [INFO] IPUIPlugin:80 - create IPUIPlugin
2025-12-26 10:24:40,912 [INFO] IPUIPlugin:80 - create IPUIPlugin
2025-12-26 10:24:40,912 [INFO] IPUIPlugin:80 - create IPUIPlugin
2025-12-26 10:24:40,912 [INFO] IPUIPlugin:80 - create IPUIPlugin
2025-12-26 10:24:40,912 [INFO] IPUIPlugin:80 - create IPUIPlugin
2025-12-26 10:24:40,912 [INFO] IPUIPlugin:80 - create IPUIPlugin
2025-12-26 10:24:40,912 [INFO] IPUIPlugin:80 - create IPUIPlugin
2025-12-26 10:24:40,912 [INFO] IPUIPlugin:80 - create IPUIPlugin
2025-12-26 10:24:40,913 [INFO] IPUIPlugin:80 - create IPUIPlugin
2025-12-26 10:24:40,913 [INFO] IPUIPlugin:80 - create IPUIPlugin
2025-12-26 10:24:40,916 [INFO] IPUIPlugin:80 - create IPUIPlugin
2025-12-26 10:24:40,917 [INFO] IPUIPlugin:80 - create IPUIPlugin
2025-12-26 10:24:40,917 [INFO] IPUIPlugin:80 - create IPUIPlugin
2025-12-26 10:24:40,920 [INFO] IPUIPlugin:80 - create IPUIPlugin
2025-12-26 10:24:40,921 [INFO] IPUIPlugin:80 - create IPUIPlugin
2025-12-26 10:24:40,922 [INFO] IPUIPlugin:80 - create IPUIPlugin
2025-12-26 10:24:40,922 [INFO] IPUIPlugin:80 - create IPUIPlugin
2025-12-26 10:24:40,922 [INFO] IPUIPlugin:80 - create IPUIPlugin
2025-12-26 10:24:40,923 [INFO] IPUIPlugin:80 - create IPUIPlugin
2025-12-26 10:24:40,923 [INFO] IPUIPlugin:80 - create IPUIPlugin
2025-12-26 10:24:40,923 [INFO] IPUIPlugin:80 - create IPUIPlugin
2025-12-26 10:24:40,925 [INFO] IPUIPlugin:80 - create IPUIPlugin
2025-12-26 10:24:40,925 [INFO] IPUIPlugin:80 - create IPUIPlugin
2025-12-26 10:24:40,925 [INFO] IPUIPlugin:80 - create IPUIPlugin
2025-12-26 10:24:40,925 [INFO] IPUIPlugin:80 - create IPUIPlugin
2025-12-26 10:24:40,925 [INFO] IPUIPlugin:80 - create IPUIPlugin
2025-12-26 10:24:40,925 [INFO] IPUIPlugin:80 - create IPUIPlugin
2025-12-26 10:24:40,926 [INFO] IPUIPlugin:80 - create IPUIPlugin
2025-12-26 10:24:40,926 [INFO] IPUIPlugin:80 - create IPUIPlugin
2025-12-26 10:24:40,926 [INFO] IPUIPlugin:80 - create IPUIPlugin
2025-12-26 10:24:40,926 [INFO] IPUIPlugin:80 - create IPUIPlugin
2025-12-26 10:24:40,926 [INFO] IPUIPlugin:80 - create IPUIPlugin
2025-12-26 10:24:40,926 [INFO] IPUIPlugin:80 - create IPUIPlugin
2025-12-26 10:24:40,926 [INFO] IPUIPlugin:80 - create IPUIPlugin
2025-12-26 10:24:40,926 [INFO] IPUIPlugin:80 - create IPUIPlugin
2025-12-26 10:24:40,926 [INFO] IPUIPlugin:80 - create IPUIPlugin
2025-12-26 10:24:40,927 [INFO] IPUIPlugin:80 - create IPUIPlugin
2025-12-26 10:24:40,927 [INFO] IPUIPlugin:80 - create IPUIPlugin
2025-12-26 10:24:40,927 [INFO] IPUIPlugin:80 - create IPUIPlugin
2025-12-26 10:24:40,927 [INFO] IPUIPlugin:80 - create IPUIPlugin
2025-12-26 10:24:40,927 [INFO] IPUIPlugin:80 - create IPUIPlugin
2025-12-26 10:24:40,930 [INFO] IPUIPlugin:80 - create IPUIPlugin
2025-12-26 10:24:40,931 [INFO] IPUIPlugin:80 - create IPUIPlugin
2025-12-26 10:24:40,932 [INFO] IPUIPlugin:80 - create IPUIPlugin
2025-12-26 10:24:40,933 [INFO] IPUIPlugin:80 - create IPUIPlugin
2025-12-26 10:24:40,937 [INFO] IPUIPlugin:80 - create IPUIPlugin
2025-12-26 10:24:40,938 [INFO] IPUIPlugin:80 - create IPUIPlugin
2025-12-26 10:24:40,958 [INFO] ApiDbMcu:508 - Load IP Config File for PDM2PCM
2025-12-26 10:24:41,021 [INFO] I2sManager:658 - 9.6E7
2025-12-26 10:24:41,023 [INFO] I2sManager:195 - I2S Clock Value : 9.6E7
2025-12-26 10:24:41,027 [INFO] I2sManager:553 - AudioClock : 8000Divider : 187Odd : 1
2025-12-26 10:24:41,437 [INFO] CADModel:165 - CPN selected for project levelSTM32F407VGT6
2025-12-26 10:24:41,437 [INFO] CADModel:114 - Register for checkConnection events
2025-12-26 10:24:43,202 [INFO] OpenFileManager:343 - Restore cursor
2025-12-26 10:24:43,394 [WARN] IP:2120 - DEVICE_SERIAL0_CDC_FS not found: check if there is a RefParameter without a condition.
2025-12-26 10:24:43,395 [WARN] IP:2120 - DEVICE_SERIAL1_CDC_FS not found: check if there is a RefParameter without a condition.
2025-12-26 10:24:43,395 [WARN] IP:2120 - DEVICE_SERIAL2_CDC_FS not found: check if there is a RefParameter without a condition.
2025-12-26 10:24:43,396 [WARN] IP:2120 - DEVICE_SERIAL0_CDC_FS not found: check if there is a RefParameter without a condition.
2025-12-26 10:24:43,396 [WARN] IP:2120 - DEVICE_SERIAL1_CDC_FS not found: check if there is a RefParameter without a condition.
2025-12-26 10:24:43,396 [WARN] IP:2120 - DEVICE_SERIAL2_CDC_FS not found: check if there is a RefParameter without a condition.
